Result has incorrect format: retry after 15 secs
Result has incorrect format: retry after 15 secs
Result has incorrect format: retry after 15 secs
Result has incorret format: possible IP ban, retry after 1.5 hr
Result has incorret format: possible IP ban, retry after 1.5 hr
Retried too many times, printing website content and exiting
<!DOCTYPE html PUBLIC "-//W3C//DTD XHTML 1.0 Transitional//EN" "http://www.w3.org/TR/xhtml1/DTD/xhtml1-transitional.dtd">
<html lang="en-US">
<head>
<meta content="text/html; charset=utf-8" http-equiv="Content-Type"/>
<meta content="IE=edge" http-equiv="X-UA-Compatible"/>
<meta content="width=device-width, initial-scale=1, maximum-scale=1, minimum-scale=1, user-scalable=no" name="viewport"/>
<meta content="View case status online using your receipt number, which can be found on notices that you may have received from USCIS. Also, sign up for myUSCIS to:
• Receive automatic case status updates by email or text message,
• View your case history and upcoming case activities,
• Check the status of multiple cases and inquiries that you may have submitted to USCIS" name="description"/>
<title>myUSCIS</title>
<script type="text/javascript">(window.NREUM||(NREUM={})).loader_config={xpid:"XQMDU1NSGwcBXFRTAwYC"};window.NREUM||(NREUM={}),__nr_require=function(t,n,e){function r(e){if(!n[e]){var o=n[e]={exports:{}};t[e][0].call(o.exports,function(n){var o=t[e][1][n];return r(o||n)},o,o.exports)}return n[e].exports}if("function"==typeof __nr_require)return __nr_require;for(var o=0;o<e.length;o++)r(e[o]);return r}({1:[function(t,n,e){function r(t){try{s.console&&console.log(t)}catch(n){}}var o,i=t("ee"),a=t(15),s={};try{o=localStorage.getItem("__nr_flags").split(","),console&&"function"==typeof console.log&&(s.console=!0,o.indexOf("dev")!==-1&&(s.dev=!0),o.indexOf("nr_dev")!==-1&&(s.nrDev=!0))}catch(c){}s.nrDev&&i.on("internal-error",function(t){r(t.stack)}),s.dev&&i.on("fn-err",function(t,n,e){r(e.stack)}),s.dev&&(r("NR AGENT IN DEVELOPMENT MODE"),r("flags: "+a(s,function(t,n){return t}).join(", ")))},{}],2:[function(t,n,e){function r(t,n,e,r,o){try{d?d-=1:i("err",[o||new UncaughtException(t,n,e)])}catch(s){try{i("ierr",[s,c.now(),!0])}catch(u){}}return"function"==typeof f&&f.apply(this,a(arguments))}function UncaughtException(t,n,e){this.message=t||"Uncaught error with no additional information",this.sourceURL=n,this.line=e}function o(t){i("err",[t,c.now()])}var i=t("handle"),a=t(16),s=t("ee"),c=t("loader"),f=window.onerror,u=!1,d=0;c.features.err=!0,t(1),window.onerror=r;try{throw new Error}catch(l){"stack"in l&&(t(8),t(7),"addEventListener"in window&&t(5),c.xhrWrappable&&t(9),u=!0)}s.on("fn-start",function(t,n,e){u&&(d+=1)}),s.on("fn-err",function(t,n,e){u&&(this.thrown=!0,o(e))}),s.on("fn-end",function(){u&&!this.thrown&&d>0&&(d-=1)}),s.on("internal-error",function(t){i("ierr",[t,c.now(),!0])})},{}],3:[function(t,n,e){t("loader").features.ins=!0},{}],4:[function(t,n,e){function r(t){}if(window.performance&&window.performance.timing&&window.performance.getEntriesByType){var o=t("ee"),i=t("handle"),a=t(8),s=t(7),c="learResourceTimings",f="addEventListener",u="resourcetimingbufferfull",d="bstResource",l="resource",p="-start",h="-end",m="fn"+p,w="fn"+h,v="bstTimer",y="pushState",g=t("loader");g.features.stn=!0,t(6);var b=NREUM.o.EV;o.on(m,function(t,n){var e=t[0];e instanceof b&&(this.bstStart=g.now())}),o.on(w,function(t,n){var e=t[0];e instanceof b&&i("bst",[e,n,this.bstStart,g.now()])}),a.on(m,function(t,n,e){this.bstStart=g.now(),this.bstType=e}),a.on(w,function(t,n){i(v,[n,this.bstStart,g.now(),this.bstType])}),s.on(m,function(){this.bstStart=g.now()}),s.on(w,function(t,n){i(v,[n,this.bstStart,g.now(),"requestAnimationFrame"])}),o.on(y+p,function(t){this.time=g.now(),this.startPath=location.pathname+location.hash}),o.on(y+h,function(t){i("bstHist",[location.pathname+location.hash,this.startPath,this.time])}),f in window.performance&&(window.performance["c"+c]?window.performance[f](u,function(t){i(d,[window.performance.getEntriesByType(l)]),window.performance["c"+c]()},!1):window.performance[f]("webkit"+u,function(t){i(d,[window.performance.getEntriesByType(l)]),window.performance["webkitC"+c]()},!1)),document[f]("scroll",r,{passive:!0}),document[f]("keypress",r,!1),document[f]("click",r,!1)}},{}],5:[function(t,n,e){function r(t){for(var n=t;n&&!n.hasOwnProperty(u);)n=Object.getPrototypeOf(n);n&&o(n)}function o(t){s.inPlace(t,[u,d],"-",i)}function i(t,n){return t[1]}var a=t("ee").get("events"),s=t(18)(a,!0),c=t("gos"),f=XMLHttpRequest,u="addEventListener",d="removeEventListener";n.exports=a,"getPrototypeOf"in Object?(r(document),r(window),r(f.prototype)):f.prototype.hasOwnProperty(u)&&(o(window),o(f.prototype)),a.on(u+"-start",function(t,n){var e=t[1],r=c(e,"nr@wrapped",function(){function t(){if("function"==typeof e.handleEvent)return e.handleEvent.apply(e,arguments)}var n={object:t,"function":e}[typeof e];return n?s(n,"fn-",null,n.name||"anonymous"):e});this.wrapped=t[1]=r}),a.on(d+"-start",function(t){t[1]=this.wrapped||t[1]})},{}],6:[function(t,n,e){var r=t("ee").get("history"),o=t(18)(r);n.exports=r,o.inPlace(window.history,["pushState","replaceState"],"-")},{}],7:[function(t,n,e){var r=t("ee").get("raf"),o=t(18)(r),i="equestAnimationFrame";n.exports=r,o.inPlace(window,["r"+i,"mozR"+i,"webkitR"+i,"msR"+i],"raf-"),r.on("raf-start",function(t){t[0]=o(t[0],"fn-")})},{}],8:[function(t,n,e){function r(t,n,e){t[0]=a(t[0],"fn-",null,e)}function o(t,n,e){this.method=e,this.timerDuration="number"==typeof t[1]?t[1]:0,t[0]=a(t[0],"fn-",this,e)}var i=t("ee").get("timer"),a=t(18)(i),s="setTimeout",c="setInterval",f="clearTimeout",u="-start",d="-";n.exports=i,a.inPlace(window,[s,"setImmediate"],s+d),a.inPlace(window,[c],c+d),a.inPlace(window,[f,"clearImmediate"],f+d),i.on(c+u,r),i.on(s+u,o)},{}],9:[function(t,n,e){function r(t,n){d.inPlace(n,["onreadystatechange"],"fn-",s)}function o(){var t=this,n=u.context(t);t.readyState>3&&!n.resolved&&(n.resolved=!0,u.emit("xhr-resolved",[],t)),d.inPlace(t,w,"fn-",s)}function i(t){v.push(t),h&&(g=-g,b.data=g)}function a(){for(var t=0;t<v.length;t++)r([],v[t]);v.length&&(v=[])}function s(t,n){return n}function c(t,n){for(var e in t)n[e]=t[e];return n}t(5);var f=t("ee"),u=f.get("xhr"),d=t(18)(u),l=NREUM.o,p=l.XHR,h=l.MO,m="readystatechange",w=["onload","onerror","onabort","onloadstart","onloadend","onprogress","ontimeout"],v=[];n.exports=u;var y=window.XMLHttpRequest=function(t){var n=new p(t);try{u.emit("new-xhr",[n],n),n.addEventListener(m,o,!1)}catch(e){try{u.emit("internal-error",[e])}catch(r){}}return n};if(c(p,y),y.prototype=p.prototype,d.inPlace(y.prototype,["open","send"],"-xhr-",s),u.on("send-xhr-start",function(t,n){r(t,n),i(n)}),u.on("open-xhr-start",r),h){var g=1,b=document.createTextNode(g);new h(a).observe(b,{characterData:!0})}else f.on("fn-end",function(t){t[0]&&t[0].type===m||a()})},{}],10:[function(t,n,e){function r(t){var n=this.params,e=this.metrics;if(!this.ended){this.ended=!0;for(var r=0;r<d;r++)t.removeEventListener(u[r],this.listener,!1);if(!n.aborted){if(e.duration=a.now()-this.startTime,4===t.readyState){n.status=t.status;var i=o(t,this.lastSize);if(i&&(e.rxSize=i),this.sameOrigin){var c=t.getResponseHeader("X-NewRelic-App-Data");c&&(n.cat=c.split(", ").pop())}}else n.status=0;e.cbTime=this.cbTime,f.emit("xhr-done",[t],t),s("xhr",[n,e,this.startTime])}}}function o(t,n){var e=t.responseType;if("json"===e&&null!==n)return n;var r="arraybuffer"===e||"blob"===e||"json"===e?t.response:t.responseText;return h(r)}function i(t,n){var e=c(n),r=t.params;r.host=e.hostname+":"+e.port,r.pathname=e.pathname,t.sameOrigin=e.sameOrigin}var a=t("loader");if(a.xhrWrappable){var s=t("handle"),c=t(11),f=t("ee"),u=["load","error","abort","timeout"],d=u.length,l=t("id"),p=t(14),h=t(13),m=window.XMLHttpRequest;a.features.xhr=!0,t(9),f.on("new-xhr",function(t){var n=this;n.totalCbs=0,n.called=0,n.cbTime=0,n.end=r,n.ended=!1,n.xhrGuids={},n.lastSize=null,p&&(p>34||p<10)||window.opera||t.addEventListener("progress",function(t){n.lastSize=t.loaded},!1)}),f.on("open-xhr-start",function(t){this.params={method:t[0]},i(this,t[1]),this.metrics={}}),f.on("open-xhr-end",function(t,n){"loader_config"in NREUM&&"xpid"in NREUM.loader_config&&this.sameOrigin&&n.setRequestHeader("X-NewRelic-ID",NREUM.loader_config.xpid)}),f.on("send-xhr-start",function(t,n){var e=this.metrics,r=t[0],o=this;if(e&&r){var i=h(r);i&&(e.txSize=i)}this.startTime=a.now(),this.listener=function(t){try{"abort"===t.type&&(o.params.aborted=!0),("load"!==t.type||o.called===o.totalCbs&&(o.onloadCalled||"function"!=typeof n.onload))&&o.end(n)}catch(e){try{f.emit("internal-error",[e])}catch(r){}}};for(var s=0;s<d;s++)n.addEventListener(u[s],this.listener,!1)}),f.on("xhr-cb-time",function(t,n,e){this.cbTime+=t,n?this.onloadCalled=!0:this.called+=1,this.called!==this.totalCbs||!this.onloadCalled&&"function"==typeof e.onload||this.end(e)}),f.on("xhr-load-added",function(t,n){var e=""+l(t)+!!n;this.xhrGuids&&!this.xhrGuids[e]&&(this.xhrGuids[e]=!0,this.totalCbs+=1)}),f.on("xhr-load-removed",function(t,n){var e=""+l(t)+!!n;this.xhrGuids&&this.xhrGuids[e]&&(delete this.xhrGuids[e],this.totalCbs-=1)}),f.on("addEventListener-end",function(t,n){n instanceof m&&"load"===t[0]&&f.emit("xhr-load-added",[t[1],t[2]],n)}),f.on("removeEventListener-end",function(t,n){n instanceof m&&"load"===t[0]&&f.emit("xhr-load-removed",[t[1],t[2]],n)}),f.on("fn-start",function(t,n,e){n instanceof m&&("onload"===e&&(this.onload=!0),("load"===(t[0]&&t[0].type)||this.onload)&&(this.xhrCbStart=a.now()))}),f.on("fn-end",function(t,n){this.xhrCbStart&&f.emit("xhr-cb-time",[a.now()-this.xhrCbStart,this.onload,n],n)})}},{}],11:[function(t,n,e){n.exports=function(t){var n=document.createElement("a"),e=window.location,r={};n.href=t,r.port=n.port;var o=n.href.split("://");!r.port&&o[1]&&(r.port=o[1].split("/")[0].split("@").pop().split(":")[1]),r.port&&"0"!==r.port||(r.port="https"===o[0]?"443":"80"),r.hostname=n.hostname||e.hostname,r.pathname=n.pathname,r.protocol=o[0],"/"!==r.pathname.charAt(0)&&(r.pathname="/"+r.pathname);var i=!n.protocol||":"===n.protocol||n.protocol===e.protocol,a=n.hostname===document.domain&&n.port===e.port;return r.sameOrigin=i&&(!n.hostname||a),r}},{}],12:[function(t,n,e){function r(){}function o(t,n,e){return function(){return i(t,[f.now()].concat(s(arguments)),n?null:this,e),n?void 0:this}}var i=t("handle"),a=t(15),s=t(16),c=t("ee").get("tracer"),f=t("loader"),u=NREUM;"undefined"==typeof window.newrelic&&(newrelic=u);var d=["setPageViewName","setCustomAttribute","setErrorHandler","finished","addToTrace","inlineHit","addRelease"],l="api-",p=l+"ixn-";a(d,function(t,n){u[n]=o(l+n,!0,"api")}),u.addPageAction=o(l+"addPageAction",!0),u.setCurrentRouteName=o(l+"routeName",!0),n.exports=newrelic,u.interaction=function(){return(new r).get()};var h=r.prototype={createTracer:function(t,n){var e={},r=this,o="function"==typeof n;return i(p+"tracer",[f.now(),t,e],r),function(){if(c.emit((o?"":"no-")+"fn-start",[f.now(),r,o],e),o)try{return n.apply(this,arguments)}finally{c.emit("fn-end",[f.now()],e)}}}};a("setName,setAttribute,save,ignore,onEnd,getContext,end,get".split(","),function(t,n){h[n]=o(p+n)}),newrelic.noticeError=function(t){"string"==typeof t&&(t=new Error(t)),i("err",[t,f.now()])}},{}],13:[function(t,n,e){n.exports=function(t){if("string"==typeof t&&t.length)return t.length;if("object"==typeof t){if("undefined"!=typeof ArrayBuffer&&t instanceof ArrayBuffer&&t.byteLength)return t.byteLength;if("undefined"!=typeof Blob&&t instanceof Blob&&t.size)return t.size;if(!("undefined"!=typeof FormData&&t instanceof FormData))try{return JSON.stringify(t).length}catch(n){return}}}},{}],14:[function(t,n,e){var r=0,o=navigator.userAgent.match(/Firefox[\/\s](\d+\.\d+)/);o&&(r=+o[1]),n.exports=r},{}],15:[function(t,n,e){function r(t,n){var e=[],r="",i=0;for(r in t)o.call(t,r)&&(e[i]=n(r,t[r]),i+=1);return e}var o=Object.prototype.hasOwnProperty;n.exports=r},{}],16:[function(t,n,e){function r(t,n,e){n||(n=0),"undefined"==typeof e&&(e=t?t.length:0);for(var r=-1,o=e-n||0,i=Array(o<0?0:o);++r<o;)i[r]=t[n+r];return i}n.exports=r},{}],17:[function(t,n,e){n.exports={exists:"undefined"!=typeof window.performance&&window.performance.timing&&"undefined"!=typeof window.performance.timing.navigationStart}},{}],18:[function(t,n,e){function r(t){return!(t&&t instanceof Function&&t.apply&&!t[a])}var o=t("ee"),i=t(16),a="nr@original",s=Object.prototype.hasOwnProperty,c=!1;n.exports=function(t,n){function e(t,n,e,o){function nrWrapper(){var r,a,s,c;try{a=this,r=i(arguments),s="function"==typeof e?e(r,a):e||{}}catch(f){l([f,"",[r,a,o],s])}u(n+"start",[r,a,o],s);try{return c=t.apply(a,r)}catch(d){throw u(n+"err",[r,a,d],s),d}finally{u(n+"end",[r,a,c],s)}}return r(t)?t:(n||(n=""),nrWrapper[a]=t,d(t,nrWrapper),nrWrapper)}function f(t,n,o,i){o||(o="");var a,s,c,f="-"===o.charAt(0);for(c=0;c<n.length;c++)s=n[c],a=t[s],r(a)||(t[s]=e(a,f?s+o:o,i,s))}function u(e,r,o){if(!c||n){var i=c;c=!0;try{t.emit(e,r,o,n)}catch(a){l([a,e,r,o])}c=i}}function d(t,n){if(Object.defineProperty&&Object.keys)try{var e=Object.keys(t);return e.forEach(function(e){Object.defineProperty(n,e,{get:function(){return t[e]},set:function(n){return t[e]=n,n}})}),n}catch(r){l([r])}for(var o in t)s.call(t,o)&&(n[o]=t[o]);return n}function l(n){try{t.emit("internal-error",n)}catch(e){}}return t||(t=o),e.inPlace=f,e.flag=a,e}},{}],ee:[function(t,n,e){function r(){}function o(t){function n(t){return t&&t instanceof r?t:t?c(t,s,i):i()}function e(e,r,o,i){if(!l.aborted||i){t&&t(e,r,o);for(var a=n(o),s=h(e),c=s.length,f=0;f<c;f++)s[f].apply(a,r);var d=u[y[e]];return d&&d.push([g,e,r,a]),a}}function p(t,n){v[t]=h(t).concat(n)}function h(t){return v[t]||[]}function m(t){return d[t]=d[t]||o(e)}function w(t,n){f(t,function(t,e){n=n||"feature",y[e]=n,n in u||(u[n]=[])})}var v={},y={},g={on:p,emit:e,get:m,listeners:h,context:n,buffer:w,abort:a,aborted:!1};return g}function i(){return new r}function a(){(u.api||u.feature)&&(l.aborted=!0,u=l.backlog={})}var s="nr@context",c=t("gos"),f=t(15),u={},d={},l=n.exports=o();l.backlog=u},{}],gos:[function(t,n,e){function r(t,n,e){if(o.call(t,n))return t[n];var r=e();if(Object.defineProperty&&Object.keys)try{return Object.defineProperty(t,n,{value:r,writable:!0,enumerable:!1}),r}catch(i){}return t[n]=r,r}var o=Object.prototype.hasOwnProperty;n.exports=r},{}],handle:[function(t,n,e){function r(t,n,e,r){o.buffer([t],r),o.emit(t,n,e)}var o=t("ee").get("handle");n.exports=r,r.ee=o},{}],id:[function(t,n,e){function r(t){var n=typeof t;return!t||"object"!==n&&"function"!==n?-1:t===window?0:a(t,i,function(){return o++})}var o=1,i="nr@id",a=t("gos");n.exports=r},{}],loader:[function(t,n,e){function r(){if(!x++){var t=b.info=NREUM.info,n=l.getElementsByTagName("script")[0];if(setTimeout(u.abort,3e4),!(t&&t.licenseKey&&t.applicationID&&n))return u.abort();f(y,function(n,e){t[n]||(t[n]=e)}),c("mark",["onload",a()+b.offset],null,"api");var e=l.createElement("script");e.src="https://"+t.agent,n.parentNode.insertBefore(e,n)}}function o(){"complete"===l.readyState&&i()}function i(){c("mark",["domContent",a()+b.offset],null,"api")}function a(){return E.exists&&performance.now?Math.round(performance.now()):(s=Math.max((new Date).getTime(),s))-b.offset}var s=(new Date).getTime(),c=t("handle"),f=t(15),u=t("ee"),d=window,l=d.document,p="addEventListener",h="attachEvent",m=d.XMLHttpRequest,w=m&&m.prototype;NREUM.o={ST:setTimeout,CT:clearTimeout,XHR:m,REQ:d.Request,EV:d.Event,PR:d.Promise,MO:d.MutationObserver};var v=""+location,y={beacon:"bam.nr-data.net",errorBeacon:"bam.nr-data.net",agent:"js-agent.newrelic.com/nr-1026.min.js"},g=m&&w&&w[p]&&!/CriOS/.test(navigator.userAgent),b=n.exports={offset:s,now:a,origin:v,features:{},xhrWrappable:g};t(12),l[p]?(l[p]("DOMContentLoaded",i,!1),d[p]("load",r,!1)):(l[h]("onreadystatechange",o),d[h]("onload",r)),c("mark",["firstbyte",s],null,"api");var x=0,E=t(17)},{}]},{},["loader",2,10,4,3]);</script><script type="text/javascript">
      var appName = 'myUSCIS';
      var mainContentId = 'Content';
      var cancelButtonCaption = 'Cancel';
      var okButtonCaption = 'OK';
      var closeButtonCaption = 'Close';
      
      Object.size = function(obj) {
	    var size = 0, key;
	    for( key in obj ) {
	        if( obj.hasOwnProperty(key) ) size++;
	    }
	    return size;
	  };

	  var sessionTimeoutWarning = 'Your session will expire in 5 minutes. Click \'OK\' to extend your session.';
	  var sessionExtended = 'Your session has been extended.';
	  var sessionNotExtended = 'Your session will not be extended.';
      
  </script>
<link href="https://my.uscis.gov/assets/favicon-9429d1fce1555403bc766c9a06e15410.ico" rel="shortcut icon" type="image/x-icon"/>
<link href="/casestatus/style/bootstrap.css;jsessionid=01CA2F668800D65786B5580597744DDB" rel="stylesheet"/>
<link href="/casestatus/style/style.css;jsessionid=01CA2F668800D65786B5580597744DDB" rel="stylesheet"/>
<link href="/casestatus/style/csso.css;jsessionid=01CA2F668800D65786B5580597744DDB" rel="stylesheet"/>
<link href="/casestatus/style/datatable.css;jsessionid=01CA2F668800D65786B5580597744DDB" rel="stylesheet"/>
<link href="/casestatus/style/fuelux.css;jsessionid=01CA2F668800D65786B5580597744DDB" rel="stylesheet"/>
<link href="/casestatus/style/jquery/jquery-ui.min.css;jsessionid=01CA2F668800D65786B5580597744DDB" rel="stylesheet"/>
<script src="/casestatus/scripts/bootstrap/bootstrap.js;jsessionid=01CA2F668800D65786B5580597744DDB" type="text/javascript"></script>
<script src="/casestatus/scripts/jquery/jquery.min.js;jsessionid=01CA2F668800D65786B5580597744DDB" type="text/javascript"></script>
<script src="/casestatus/scripts/jquery/jquery-migrate.min.js;jsessionid=01CA2F668800D65786B5580597744DDB" type="text/javascript"></script>
<script src="/casestatus/scripts/jquery/jquery-ui.min.js;jsessionid=01CA2F668800D65786B5580597744DDB" type="text/javascript"></script>
<script src="/casestatus/scripts/fuelux.js;jsessionid=01CA2F668800D65786B5580597744DDB" type="text/javascript"></script>
<script type="text/javascript">
  	var $j= jQuery.noConflict();
  </script>
<script src="/casestatus/scripts/jquery/jquery.validate.min.js;jsessionid=01CA2F668800D65786B5580597744DDB" type="text/javascript"></script>
<script src="/casestatus/scripts/custom.js;jsessionid=01CA2F668800D65786B5580597744DDB" type="text/javascript"></script>
<script src="/casestatus/scripts/modernizr.js;jsessionid=01CA2F668800D65786B5580597744DDB" type="text/javascript"></script>
<script src="/casestatus/scripts/csso.js;jsessionid=01CA2F668800D65786B5580597744DDB" type="text/javascript"></script>
<script src="/casestatus/scripts/dialog.js;jsessionid=01CA2F668800D65786B5580597744DDB" type="text/javascript"></script>
<script src="/casestatus/scripts/yui/yahoo-min.js;jsessionid=01CA2F668800D65786B5580597744DDB" type="text/javascript"></script>
<script src="/casestatus/scripts/yui/event-min.js;jsessionid=01CA2F668800D65786B5580597744DDB" type="text/javascript"></script>
<script src="/casestatus/scripts/yui/dom-min.js;jsessionid=01CA2F668800D65786B5580597744DDB" type="text/javascript"></script>
<script src="/casestatus/scripts/yui/yahoo-dom-event.js;jsessionid=01CA2F668800D65786B5580597744DDB" type="text/javascript"></script>
<script src="/casestatus/scripts/yui/container_core-min.js;jsessionid=01CA2F668800D65786B5580597744DDB" type="text/javascript"></script>
<script src="/casestatus/scripts/yui/connection-min.js;jsessionid=01CA2F668800D65786B5580597744DDB" type="text/javascript"></script>
<!--  <script src="/casestatus/scripts/google-analytics/federated-analytics-DHS.js;jsessionid=01CA2F668800D65786B5580597744DDB" type="text/javascript"></script> -->
<!-- Adding Digital Analytics DAP -->
<script async="" id="_fed_an_ua_tag" src="https://dap.digitalgov.gov/Universal-Federated-Analytics-Min.js?agency=DHS" type="text/javascript"></script>
</head>
<body>
<script type="text/javascript">

	var receiptPrefixMap = new Object;
	
	   receiptPrefixMap['ABQ'] = 'ABQ';
	
	   receiptPrefixMap['AGA'] = 'AGA';
	
	   receiptPrefixMap['ALB'] = 'ALB';
	
	   receiptPrefixMap['ANC'] = 'ANC';
	
	   receiptPrefixMap['ATL'] = 'ATL';
	
	   receiptPrefixMap['BAL'] = 'BAL';
	
	   receiptPrefixMap['BOI'] = 'BOI';
	
	   receiptPrefixMap['BOS'] = 'BOS';
	
	   receiptPrefixMap['BUF'] = 'BUF';
	
	   receiptPrefixMap['CHA'] = 'CHA';
	
	   receiptPrefixMap['CHI'] = 'CHI';
	
	   receiptPrefixMap['CHL'] = 'CHL';
	
	   receiptPrefixMap['CHR'] = 'CHR';
	
	   receiptPrefixMap['CIN'] = 'CIN';
	
	   receiptPrefixMap['CLE'] = 'CLE';
	
	   receiptPrefixMap['CLM'] = 'CLM';
	
	   receiptPrefixMap['CLT'] = 'CLT';
	
	   receiptPrefixMap['CSC'] = 'CSC';
	
	   receiptPrefixMap['DAL'] = 'DAL';
	
	   receiptPrefixMap['DEN'] = 'DEN';
	
	   receiptPrefixMap['DET'] = 'DET';
	
	   receiptPrefixMap['DSM'] = 'DSM';
	
	   receiptPrefixMap['EAC'] = 'EAC';
	
	   receiptPrefixMap['ELP'] = 'ELP';
	
	   receiptPrefixMap['FRE'] = 'FRE';
	
	   receiptPrefixMap['FSA'] = 'FSA';
	
	   receiptPrefixMap['GRR'] = 'GRR';
	
	   receiptPrefixMap['HAR'] = 'HAR';
	
	   receiptPrefixMap['HEL'] = 'HEL';
	
	   receiptPrefixMap['HHW'] = 'HHW';
	
	   receiptPrefixMap['HIA'] = 'HIA';
	
	   receiptPrefixMap['HLG'] = 'HLG';
	
	   receiptPrefixMap['HNT'] = 'HNT';
	
	   receiptPrefixMap['HOU'] = 'HOU';
	
	   receiptPrefixMap['IMP'] = 'IMP';
	
	   receiptPrefixMap['INP'] = 'INP';
	
	   receiptPrefixMap['IOE'] = 'IOE';
	
	   receiptPrefixMap['JAC'] = 'JAC';
	
	   receiptPrefixMap['JAK'] = 'JAK';
	
	   receiptPrefixMap['KAN'] = 'KAN';
	
	   receiptPrefixMap['KND'] = 'KND';
	
	   receiptPrefixMap['LAW'] = 'LAW';
	
	   receiptPrefixMap['LIN'] = 'LIN';
	
	   receiptPrefixMap['LNY'] = 'LNY';
	
	   receiptPrefixMap['LOS'] = 'LOS';
	
	   receiptPrefixMap['LOU'] = 'LOU';
	
	   receiptPrefixMap['LVG'] = 'LVG';
	
	   receiptPrefixMap['MAN'] = 'MAN';
	
	   receiptPrefixMap['MEM'] = 'MEM';
	
	   receiptPrefixMap['MIA'] = 'MIA';
	
	   receiptPrefixMap['MIL'] = 'MIL';
	
	   receiptPrefixMap['MSC'] = 'MSC';
	
	   receiptPrefixMap['MTL'] = 'MTL';
	
	   receiptPrefixMap['NBC'] = 'NBC';
	
	   receiptPrefixMap['NEW'] = 'NEW';
	
	   receiptPrefixMap['NOL'] = 'NOL';
	
	   receiptPrefixMap['NOR'] = 'NOR';
	
	   receiptPrefixMap['NSC'] = 'NSC';
	
	   receiptPrefixMap['NYC'] = 'NYC';
	
	   receiptPrefixMap['OAK'] = 'OAK';
	
	   receiptPrefixMap['OKC'] = 'OKC';
	
	   receiptPrefixMap['OKL'] = 'OKL';
	
	   receiptPrefixMap['OMA'] = 'OMA';
	
	   receiptPrefixMap['ORL'] = 'ORL';
	
	   receiptPrefixMap['PHI'] = 'PHI';
	
	   receiptPrefixMap['PHO'] = 'PHO';
	
	   receiptPrefixMap['PIT'] = 'PIT';
	
	   receiptPrefixMap['POM'] = 'POM';
	
	   receiptPrefixMap['POO'] = 'POO';
	
	   receiptPrefixMap['PRO'] = 'PRO';
	
	   receiptPrefixMap['QNS'] = 'QNS';
	
	   receiptPrefixMap['RAL'] = 'RAL';
	
	   receiptPrefixMap['REN'] = 'REN';
	
	   receiptPrefixMap['SAA'] = 'SAA';
	
	   receiptPrefixMap['SAC'] = 'SAC';
	
	   receiptPrefixMap['SAJ'] = 'SAJ';
	
	   receiptPrefixMap['SBD'] = 'SBD';
	
	   receiptPrefixMap['SEA'] = 'SEA';
	
	   receiptPrefixMap['SFR'] = 'SFR';
	
	   receiptPrefixMap['SFV'] = 'SFV';
	
	   receiptPrefixMap['SLC'] = 'SLC';
	
	   receiptPrefixMap['SNA'] = 'SNA';
	
	   receiptPrefixMap['SND'] = 'SND';
	
	   receiptPrefixMap['SNJ'] = 'SNJ';
	
	   receiptPrefixMap['SPM'] = 'SPM';
	
	   receiptPrefixMap['SPO'] = 'SPO';
	
	   receiptPrefixMap['SRC'] = 'SRC';
	
	   receiptPrefixMap['STA'] = 'STA';
	
	   receiptPrefixMap['STL'] = 'STL';
	
	   receiptPrefixMap['TAM'] = 'TAM';
	
	   receiptPrefixMap['TSC'] = 'TSC';
	
	   receiptPrefixMap['TUC'] = 'TUC';
	
	   receiptPrefixMap['VSC'] = 'VSC';
	
	   receiptPrefixMap['WAC'] = 'WAC';
	
	   receiptPrefixMap['WAS'] = 'WAS';
	
	   receiptPrefixMap['WIC'] = 'WIC';
	
	   receiptPrefixMap['WPB'] = 'WPB';
	
	   receiptPrefixMap['YAK'] = 'YAK';
	
	   receiptPrefixMap['YSC'] = 'YSC';
	
	   receiptPrefixMap['ZAR'] = 'ZAR';
	
	   receiptPrefixMap['ZCH'] = 'ZCH';
	
	   receiptPrefixMap['ZHN'] = 'ZHN';
	
	   receiptPrefixMap['ZLA'] = 'ZLA';
	
	   receiptPrefixMap['ZMI'] = 'ZMI';
	
	   receiptPrefixMap['ZNK'] = 'ZNK';
	
	   receiptPrefixMap['ZNY'] = 'ZNY';
	
	   receiptPrefixMap['ZSF'] = 'ZSF';
	  
	
  var validationMessages = new Object;
  validationMessages['error.empty.receiptnumber'] = 
  'Please enter an application receipt number.';
   validationMessages['error.invalid.receiptnumber'] = 
   'The application receipt number entered is invalid. Please check your receipt number and try again.';
  validationMessages['error.popup.introduction'] = 
   'You have the following errors:';
  validationMessages['error.empty.username'] = 
   'User name is required';	
  validationMessages['error.empty.password'] = 
   'Password is required';   		
   
   validationMessages['error.empty.firstname'] = 
   'First name is required';
   validationMessages['error.empty.lastname'] = 
    'Last name is required';
   validationMessages['error.empty.country'] = 
    'Country/Region is required';
   validationMessages['error.empty.city'] = 
    'City is required';	
   validationMessages['error.empty.postalcode'] = 
    'Postal code is required';   	
   validationMessages['error.empty.email'] = 
	'Email address is required';
   validationMessages['error.empty.passwordconfirmation'] = 
	'Password confirmation is required';
   validationMessages['error.empty.state'] = 
	'State is required for United States of America';
   validationMessages['error.empty.passwordhintquestion1'] = 
	'Password hint question 1 is required';	
   validationMessages['error.empty.passwordhintanswer1'] = 
	'Password hint answer 1 is required'; 
   validationMessages['error.empty.passwordhintquestion2'] = 
	'Password hint question 2 is required';	
   validationMessages['error.empty.passwordhintanswer2'] = 
	'Password hint answer 2 is required'; 	
   validationMessages['error.empty.passwordhintquestion3'] = 
	'Password hint question 3 is required';	
   validationMessages['error.empty.passwordhintanswer3'] = 
	'Password hint answer 3 is required'; 
   validationMessages['error.empty.passwordhintquestion4'] = 
	'Password hint question 4 is required';	
   validationMessages['error.empty.passwordhintanswer4'] = 
	'Password hint answer 4 is required'; 		
   validationMessages['error.invalid.email'] = 
	'Enter a valid email address'; 
   validationMessages['error.invalid.mobilePhone'] = 
	'Mobile phone must be ten digits. Hyphens are optional (###-###-####).'; 	
   validationMessages['error.empty.userSubType'] = 
    'User type is required';		  
   validationMessages['error.invalid.postalCode'] = 
    'US postal code must be either five digits or nine digits with a hyphen ((#####-####)';	      
   validationMessages['error.invalid.userNameLength'] = 
    'User Name must be between 8 and 14 characters';
   validationMessages['error.invalid.passwordDollarSign'] = 
    'Password cannot contain the dollar sign';        
   validationMessages['error.invalid.passwordUpperCase'] = 
    'Password must contain at least one upper case character'; 
   validationMessages['error.invalid.passwordLowerCase'] = 
    'Password must contain at least one lower case character';     
   validationMessages['error.invalid.passwordUserName'] = 
    'Password cannot contain your user name';
   validationMessages['error.invalid.passwordNumber'] = 
    'Password must contain at least one number';          
   validationMessages['error.invalid.passwordPassword'] = 
    'Password cannot contain the word "password"';        
   validationMessages['error.invalid.passwordConsecutiveChars'] = 
    'Password cannot contain more than two consecutive identical characters';          
   validationMessages['error.empty.organizationName'] = 
    'Organization name is required'; 
   validationMessages['error.empty.organizationType'] = 
    'Organization type is required';        
   validationMessages['error.invalid.passwordConfirmationMatch'] = 
    'Password confirmation must match the password';   
   validationMessages['error.empty.passwordhintanswer'] = 
     'Password hint answer is required';    
   validationMessages['error.invalid.passwordLength'] = 
     'Password must be between 8 and 14 characters';         
   validationMessages['error.invalid.userNameDollarSign'] = 
     'User name cannot contain the dollar sign';        

</script>
<a class="skipNav" href="#Content" id="skipper">Skip to Content</a>
<!-- header section -->
<div class="header">
<div class="top-bar">
<div class="container">
<div class="left-side">
<span class="pull-left"><img alt="United States Flag" src="/casestatus/images/us_flag.png" title="United States Flag"/></span>
<span class="pull-left">Official Website of the Department of Homeland Security</span>
</div>
<div class="pull-right">
<script type="text/javascript">var changeLangTo = "es";</script>
<a class="right-side" href="javascript:void(0)" id="changeLocaleAnchor" lang="es-US" title="Cambiar idioma a español">Español</a>
</div>
<div class="mid-logo">
<a class="mid-logo-visual" href="http://www.uscis.gov" target="_blank" title="U.S. Department of Homeland Security seal, U.S. Citizenship and Immigration Services logo">
<img alt="U.S. Department of Homeland Security seal, U.S. Citizenship and Immigration Services logo" src="/casestatus/images/uscis_logo.png"/>
</a>
</div>
</div>
</div>
<div class="bottom-sec">
<div class="container">
<ul class="top-link">
<li>
<a href="/casestatus/displayLogon.do;jsessionid=01CA2F668800D65786B5580597744DDB" title="Login">Login</a>
	       
	       
	       
	       
	       
	       
	        
	         <span>or</span>
</li>
<li>
<a href="disclaimer.do" title="Sign up">Sign up</a>
</li>
</ul>
<ul class="top-link-right">
<li>
</li>
</ul>
</div>
</div>
<div class="menu-bar">
<div class="container2">
<div class="navbar navbar-default show-print">
<div class="navbar-header">
<div class="container">
<a alt="Toggle Navigation" class="navbar-toggle" data-target=".navbar-collapse" data-toggle="collapse" href="javascript:void(0)" tabindex="-1" title="Toggle Navigation">
<img alt="select to open menu" class=".icon-bar" id="menuIcon" src="images/menu_closed.png" tabindex="0"/>
</a>
</div>
</div>
<div class="container">
<div class="navbar-collapse collapse show-print">
<ul class="navbar-nav nav left">
<li> <a href="http://www.uscis.gov/forms" target="_blank">FORMS</a>
</li>
<li> <a href="http://www.uscis.gov/news" target="_blank">NEWS</a>
</li>
<li> <a href="http://www.uscis.gov/us-citizenship" target="_blank">CITIZENSHIP</a>
</li>
</ul>
<ul class="navbar-nav nav right">
<li> <a href="http://www.uscis.gov/greencard" target="_blank">GREEN CARD</a>
</li>
<li> <a href="http://www.uscis.gov/tools" target="_blank">TOOLS</a>
</li>
<li> <a href="http://www.uscis.gov/laws" target="_blank">LAWS</a>
</li>
</ul>
</div>
</div>
</div>
</div>
</div>
</div>
<!-- content section -->
<div class="main-content-sec pb40">
<span id="Content"> </span>
<div class="big-banner02 mb70">
<div class="main-row">
<div class="container">
<div class="login-panel-sec">
<div class="form-sec">
<div class="text-center"><img alt="My Logo" src="images/my_uscis_logo02.png"/></div>
<div class="form-horizontal">
<div class="form-group mt30">
<div class="col-sm-12 text-left">
<label for="accessviolation">
		                			It was reported to us that your IP address or internet gateway has been locked out for a select period of time.  This is due to an unusually high rate of use.  In order to avoid this issue, please create a Customer account (single applicant) or a Representative account (representing many individuals).
		                		</label>
</div>
</div>
</div>
</div>
</div>
</div>
</div>
</div>
</div>
<!-- footer section -->
<div class="footer-container">
<div class="container">
<div class="footer-logo">
<a class="footer-logo-visual" href="http://www.uscis.gov" target="_blank" title="U.S. Department of Homeland Security seal, U.S. Citizenship and Immigration Services logo">
<img alt="U.S. Department of Homeland Security seal, U.S. Citizenship and Immigration Services logo" src="/casestatus/images/footer_logo.png"/>
</a>
</div>
<div class="social_icon">
<ul>
<li>
<a href="https://www.facebook.com/uscis" target="_blank" title="USCIS on Facebook">
<img alt="USCIS on Facebook" src="images/facebook_icon.png"/>
</a>
</li>
<li>
<a href="https://www.twitter.com/uscis" target="_blank" title="USCIS on Twitter">
<img alt="USCIS on Twitter" src="images/twitter_icon.png"/>
</a>
</li>
<li>
<a href="https://www.instagram.com/uscis/?hl=en" target="_blank" title="USCIS on Instagram">
<img alt="USCIS on Instagram" src="images/instagram_icon.png"/>
</a>
</li>
<li>
<a href="https://www.youtube.com/uscis" target="_blank" title="USCIS on YouTube">
<img alt="USCIS on YouTube" src="images/youtube_icon.png"/>
</a>
</li>
<li>
<a href="http://www.uscis.gov/rss-landing" target="_blank" title="RSS Feeds">
<img alt="RSS Feeds" src="images/rss_icon.png"/>
</a>
</li>
</ul>
</div>
<div class="footer-nav">
<div class="footer-block">
<h4 class="heading">TOPICS</h4>
<ul class="show-print">
<li> <a href="http://www.uscis.gov/adoption" target="_blank">Adoption</a>
</li>
<li> <a href="http://www.uscis.gov/about-us/directorates-and-program-offices/administrative-appeals-office-aao/administrative-appeals-office-aao" target="_blank">Appeals</a>
</li>
<li> <a href="http://www.uscis.gov/avoid-scams" target="_blank">Avoid Scams</a>
</li>
<li> <a href="http://www.uscis.gov/us-citizenship" target="_blank">Citizenship</a>
</li>
<li> <a href="http://www.uscis.gov/citizenship" target="_blank">Citizenship Resource Center</a>
</li>
<li> <a href="http://www.uscis.gov/family" target="_blank">Family</a>
</li>
<li> <a href="http://www.uscis.gov/greencard" target="_blank">Green Card</a>
</li>
<li> <a href="http://www.uscis.gov/historyandgenealogy" target="_blank">History and Genealogy</a>
</li>
<li> <a href="http://www.uscis.gov/humanitarian" target="_blank">Humanitarian</a>
</li>
<li> <a href="http://www.uscis.gov/military" target="_blank">Military</a>
</li>
<li> <a href="http://www.uscis.gov/uscis-elis" target="_blank">File Online</a>
</li>
<li> <a href="http://www.uscis.gov/visit-united-states/visit-us" target="_blank">Visit the U.S.</a>
</li>
<li> <a href="http://www.uscis.gov/working-united-states/working-us" target="_blank">Working in the U.S.</a>
</li>
</ul>
</div>
<div class="footer-block">
<h4 class="heading">VERIFICATION</h4>
<ul class="show-print">
<li> <a href="http://www.uscis.gov/e-verify" target="_blank">E-Verify</a>
</li>
<li> <a href="http://www.uscis.gov/i-9-central" target="_blank">I-9 Central</a>
</li>
<li> <a href="http://www.uscis.gov/self-check" target="_blank">Self Check</a>
</li>
<li> <a href="http://www.uscis.gov/save" target="_blank">SAVE</a>
</li>
<li> <a href="https://www.uscis.gov/save/save-case-check" target="_blank">SAVE Case Check</a>
</li>
</ul>
</div>
<div class="footer-block">
<h4 class="heading">POLICIES</h4>
<ul class="show-print">
<li> <a href="http://www.uscis.gov/about-us/freedom-information-and-privacy-act-foia/uscis-freedom-information-act-and-privacy-act" target="_blank">USCIS Freedom of Information Act and Privacy Act</a>
</li>
<li> <a href="http://www.uscis.gov/website-policies/privacy-and-legal-disclaimers" target="_blank">Privacy and Legal Disclaimers</a>
</li>
<li> <a href="http://www.uscis.gov/no-fear-act/equal-employment-opportunity-data-posted-pursuant-no-fear-act" target="_blank">No FEAR Act</a>
</li>
<li> <a href="http://www.uscis.gov/website-policies" target="_blank">Website Policies</a>
</li>
<li> <a href="http://www.uscis.gov/accessibility" target="_blank">Accessibility</a>
</li>
<li> <a href="http://www.uscis.gov/social-media/social-media-policy" target="_blank">Social Media Policy</a>
</li>
<li> <a href="http://www.uscis.gov/website-policies/plug-ins" target="_blank">Plug-ins</a>
</li>
<li> <a href="http://www.adobe.com/reader" target="_blank">Adobe Reader</a>
</li>
</ul>
</div>
<div class="footer-block">
<h4 class="heading">GOVERNMENT</h4>
<ul class="show-print">
<li> <a href="http://travel.state.gov/passport/passport_1738.html" target="_blank">Passports</a>
</li>
<li> <a href="http://travel.state.gov/visa/bulletin/bulletin_1360.html" target="_blank">Visa Bulletin</a>
</li>
<li> <a href="http://www.dhs.gov" target="_blank">U.S. Department of Homeland Security</a>
</li>
<li> <a href="http://www.cbp.gov" target="_blank">U.S. Customs &amp; Border Protection</a>
</li>
<li> <a href="http://www.ice.gov" target="_blank">U.S. Immigration &amp; Customs Enforcement</a>
</li>
<li> <a href="http://www.whitehouse.gov" target="_blank">White House</a>
</li>
<li> <a href="http://www.state.gov" target="_blank">U.S. Department of State</a>
</li>
<li> <a href="http://www.usa.gov" target="_blank">USA.gov</a>
</li>
</ul>
</div>
</div>
<div class="main-row">
<div class="footer-logo-section clearfix">
<div class="footer-contant">
<p>
          National Customer Service Center
          <br/>
          1-800-375-5283
          <br/>
<br/>
          TDD for the Hearing Impaired
          <br/>
          1-800-767-1833
        </p>
</div>
</div>
</div>
</div>
</div>
<div id="popupDialogArea"></div>
<script type="text/javascript">window.NREUM||(NREUM={});NREUM.info={"applicationID":"41851475","applicationTime":23,"beacon":"bam.nr-data.net","queueTime":0,"licenseKey":"710a4cf17f","transactionName":"ZlEBbBQFCENRWkEMWF8bMEwUERJDcVpBDFhfGwRXEEoTQ1NQRktWQURNWxUXCR5RWkEMWF8aIFkVATVEUU1AFmRUVRFbDiUFRFlWWw==","agent":"","errorBeacon":"bam.nr-data.net"}</script></body>
</html>

Result has incorrect format: retry after 15 secs
Result has incorrect format: retry after 15 secs
Result has incorrect format: retry after 15 secs
Result has incorret format: possible IP ban, retry after 1.5 hr
Result has incorret format: possible IP ban, retry after 1.5 hr
Retried too many times, printing website content and exiting
<!DOCTYPE html PUBLIC "-//W3C//DTD XHTML 1.0 Transitional//EN" "http://www.w3.org/TR/xhtml1/DTD/xhtml1-transitional.dtd">
<html lang="en-US">
<head>
<meta content="text/html; charset=utf-8" http-equiv="Content-Type"/>
<meta content="IE=edge" http-equiv="X-UA-Compatible"/>
<meta content="width=device-width, initial-scale=1, maximum-scale=1, minimum-scale=1, user-scalable=no" name="viewport"/>
<meta content="View case status online using your receipt number, which can be found on notices that you may have received from USCIS. Also, sign up for myUSCIS to:
• Receive automatic case status updates by email or text message,
• View your case history and upcoming case activities,
• Check the status of multiple cases and inquiries that you may have submitted to USCIS" name="description"/>
<title>myUSCIS</title>
<script type="text/javascript">(window.NREUM||(NREUM={})).loader_config={xpid:"XQMDU1NSGwcBXFRTAwYC"};window.NREUM||(NREUM={}),__nr_require=function(t,n,e){function r(e){if(!n[e]){var o=n[e]={exports:{}};t[e][0].call(o.exports,function(n){var o=t[e][1][n];return r(o||n)},o,o.exports)}return n[e].exports}if("function"==typeof __nr_require)return __nr_require;for(var o=0;o<e.length;o++)r(e[o]);return r}({1:[function(t,n,e){function r(t){try{s.console&&console.log(t)}catch(n){}}var o,i=t("ee"),a=t(15),s={};try{o=localStorage.getItem("__nr_flags").split(","),console&&"function"==typeof console.log&&(s.console=!0,o.indexOf("dev")!==-1&&(s.dev=!0),o.indexOf("nr_dev")!==-1&&(s.nrDev=!0))}catch(c){}s.nrDev&&i.on("internal-error",function(t){r(t.stack)}),s.dev&&i.on("fn-err",function(t,n,e){r(e.stack)}),s.dev&&(r("NR AGENT IN DEVELOPMENT MODE"),r("flags: "+a(s,function(t,n){return t}).join(", ")))},{}],2:[function(t,n,e){function r(t,n,e,r,o){try{d?d-=1:i("err",[o||new UncaughtException(t,n,e)])}catch(s){try{i("ierr",[s,c.now(),!0])}catch(u){}}return"function"==typeof f&&f.apply(this,a(arguments))}function UncaughtException(t,n,e){this.message=t||"Uncaught error with no additional information",this.sourceURL=n,this.line=e}function o(t){i("err",[t,c.now()])}var i=t("handle"),a=t(16),s=t("ee"),c=t("loader"),f=window.onerror,u=!1,d=0;c.features.err=!0,t(1),window.onerror=r;try{throw new Error}catch(l){"stack"in l&&(t(8),t(7),"addEventListener"in window&&t(5),c.xhrWrappable&&t(9),u=!0)}s.on("fn-start",function(t,n,e){u&&(d+=1)}),s.on("fn-err",function(t,n,e){u&&(this.thrown=!0,o(e))}),s.on("fn-end",function(){u&&!this.thrown&&d>0&&(d-=1)}),s.on("internal-error",function(t){i("ierr",[t,c.now(),!0])})},{}],3:[function(t,n,e){t("loader").features.ins=!0},{}],4:[function(t,n,e){function r(t){}if(window.performance&&window.performance.timing&&window.performance.getEntriesByType){var o=t("ee"),i=t("handle"),a=t(8),s=t(7),c="learResourceTimings",f="addEventListener",u="resourcetimingbufferfull",d="bstResource",l="resource",p="-start",h="-end",m="fn"+p,w="fn"+h,v="bstTimer",y="pushState",g=t("loader");g.features.stn=!0,t(6);var b=NREUM.o.EV;o.on(m,function(t,n){var e=t[0];e instanceof b&&(this.bstStart=g.now())}),o.on(w,function(t,n){var e=t[0];e instanceof b&&i("bst",[e,n,this.bstStart,g.now()])}),a.on(m,function(t,n,e){this.bstStart=g.now(),this.bstType=e}),a.on(w,function(t,n){i(v,[n,this.bstStart,g.now(),this.bstType])}),s.on(m,function(){this.bstStart=g.now()}),s.on(w,function(t,n){i(v,[n,this.bstStart,g.now(),"requestAnimationFrame"])}),o.on(y+p,function(t){this.time=g.now(),this.startPath=location.pathname+location.hash}),o.on(y+h,function(t){i("bstHist",[location.pathname+location.hash,this.startPath,this.time])}),f in window.performance&&(window.performance["c"+c]?window.performance[f](u,function(t){i(d,[window.performance.getEntriesByType(l)]),window.performance["c"+c]()},!1):window.performance[f]("webkit"+u,function(t){i(d,[window.performance.getEntriesByType(l)]),window.performance["webkitC"+c]()},!1)),document[f]("scroll",r,{passive:!0}),document[f]("keypress",r,!1),document[f]("click",r,!1)}},{}],5:[function(t,n,e){function r(t){for(var n=t;n&&!n.hasOwnProperty(u);)n=Object.getPrototypeOf(n);n&&o(n)}function o(t){s.inPlace(t,[u,d],"-",i)}function i(t,n){return t[1]}var a=t("ee").get("events"),s=t(18)(a,!0),c=t("gos"),f=XMLHttpRequest,u="addEventListener",d="removeEventListener";n.exports=a,"getPrototypeOf"in Object?(r(document),r(window),r(f.prototype)):f.prototype.hasOwnProperty(u)&&(o(window),o(f.prototype)),a.on(u+"-start",function(t,n){var e=t[1],r=c(e,"nr@wrapped",function(){function t(){if("function"==typeof e.handleEvent)return e.handleEvent.apply(e,arguments)}var n={object:t,"function":e}[typeof e];return n?s(n,"fn-",null,n.name||"anonymous"):e});this.wrapped=t[1]=r}),a.on(d+"-start",function(t){t[1]=this.wrapped||t[1]})},{}],6:[function(t,n,e){var r=t("ee").get("history"),o=t(18)(r);n.exports=r,o.inPlace(window.history,["pushState","replaceState"],"-")},{}],7:[function(t,n,e){var r=t("ee").get("raf"),o=t(18)(r),i="equestAnimationFrame";n.exports=r,o.inPlace(window,["r"+i,"mozR"+i,"webkitR"+i,"msR"+i],"raf-"),r.on("raf-start",function(t){t[0]=o(t[0],"fn-")})},{}],8:[function(t,n,e){function r(t,n,e){t[0]=a(t[0],"fn-",null,e)}function o(t,n,e){this.method=e,this.timerDuration="number"==typeof t[1]?t[1]:0,t[0]=a(t[0],"fn-",this,e)}var i=t("ee").get("timer"),a=t(18)(i),s="setTimeout",c="setInterval",f="clearTimeout",u="-start",d="-";n.exports=i,a.inPlace(window,[s,"setImmediate"],s+d),a.inPlace(window,[c],c+d),a.inPlace(window,[f,"clearImmediate"],f+d),i.on(c+u,r),i.on(s+u,o)},{}],9:[function(t,n,e){function r(t,n){d.inPlace(n,["onreadystatechange"],"fn-",s)}function o(){var t=this,n=u.context(t);t.readyState>3&&!n.resolved&&(n.resolved=!0,u.emit("xhr-resolved",[],t)),d.inPlace(t,w,"fn-",s)}function i(t){v.push(t),h&&(g=-g,b.data=g)}function a(){for(var t=0;t<v.length;t++)r([],v[t]);v.length&&(v=[])}function s(t,n){return n}function c(t,n){for(var e in t)n[e]=t[e];return n}t(5);var f=t("ee"),u=f.get("xhr"),d=t(18)(u),l=NREUM.o,p=l.XHR,h=l.MO,m="readystatechange",w=["onload","onerror","onabort","onloadstart","onloadend","onprogress","ontimeout"],v=[];n.exports=u;var y=window.XMLHttpRequest=function(t){var n=new p(t);try{u.emit("new-xhr",[n],n),n.addEventListener(m,o,!1)}catch(e){try{u.emit("internal-error",[e])}catch(r){}}return n};if(c(p,y),y.prototype=p.prototype,d.inPlace(y.prototype,["open","send"],"-xhr-",s),u.on("send-xhr-start",function(t,n){r(t,n),i(n)}),u.on("open-xhr-start",r),h){var g=1,b=document.createTextNode(g);new h(a).observe(b,{characterData:!0})}else f.on("fn-end",function(t){t[0]&&t[0].type===m||a()})},{}],10:[function(t,n,e){function r(t){var n=this.params,e=this.metrics;if(!this.ended){this.ended=!0;for(var r=0;r<d;r++)t.removeEventListener(u[r],this.listener,!1);if(!n.aborted){if(e.duration=a.now()-this.startTime,4===t.readyState){n.status=t.status;var i=o(t,this.lastSize);if(i&&(e.rxSize=i),this.sameOrigin){var c=t.getResponseHeader("X-NewRelic-App-Data");c&&(n.cat=c.split(", ").pop())}}else n.status=0;e.cbTime=this.cbTime,f.emit("xhr-done",[t],t),s("xhr",[n,e,this.startTime])}}}function o(t,n){var e=t.responseType;if("json"===e&&null!==n)return n;var r="arraybuffer"===e||"blob"===e||"json"===e?t.response:t.responseText;return h(r)}function i(t,n){var e=c(n),r=t.params;r.host=e.hostname+":"+e.port,r.pathname=e.pathname,t.sameOrigin=e.sameOrigin}var a=t("loader");if(a.xhrWrappable){var s=t("handle"),c=t(11),f=t("ee"),u=["load","error","abort","timeout"],d=u.length,l=t("id"),p=t(14),h=t(13),m=window.XMLHttpRequest;a.features.xhr=!0,t(9),f.on("new-xhr",function(t){var n=this;n.totalCbs=0,n.called=0,n.cbTime=0,n.end=r,n.ended=!1,n.xhrGuids={},n.lastSize=null,p&&(p>34||p<10)||window.opera||t.addEventListener("progress",function(t){n.lastSize=t.loaded},!1)}),f.on("open-xhr-start",function(t){this.params={method:t[0]},i(this,t[1]),this.metrics={}}),f.on("open-xhr-end",function(t,n){"loader_config"in NREUM&&"xpid"in NREUM.loader_config&&this.sameOrigin&&n.setRequestHeader("X-NewRelic-ID",NREUM.loader_config.xpid)}),f.on("send-xhr-start",function(t,n){var e=this.metrics,r=t[0],o=this;if(e&&r){var i=h(r);i&&(e.txSize=i)}this.startTime=a.now(),this.listener=function(t){try{"abort"===t.type&&(o.params.aborted=!0),("load"!==t.type||o.called===o.totalCbs&&(o.onloadCalled||"function"!=typeof n.onload))&&o.end(n)}catch(e){try{f.emit("internal-error",[e])}catch(r){}}};for(var s=0;s<d;s++)n.addEventListener(u[s],this.listener,!1)}),f.on("xhr-cb-time",function(t,n,e){this.cbTime+=t,n?this.onloadCalled=!0:this.called+=1,this.called!==this.totalCbs||!this.onloadCalled&&"function"==typeof e.onload||this.end(e)}),f.on("xhr-load-added",function(t,n){var e=""+l(t)+!!n;this.xhrGuids&&!this.xhrGuids[e]&&(this.xhrGuids[e]=!0,this.totalCbs+=1)}),f.on("xhr-load-removed",function(t,n){var e=""+l(t)+!!n;this.xhrGuids&&this.xhrGuids[e]&&(delete this.xhrGuids[e],this.totalCbs-=1)}),f.on("addEventListener-end",function(t,n){n instanceof m&&"load"===t[0]&&f.emit("xhr-load-added",[t[1],t[2]],n)}),f.on("removeEventListener-end",function(t,n){n instanceof m&&"load"===t[0]&&f.emit("xhr-load-removed",[t[1],t[2]],n)}),f.on("fn-start",function(t,n,e){n instanceof m&&("onload"===e&&(this.onload=!0),("load"===(t[0]&&t[0].type)||this.onload)&&(this.xhrCbStart=a.now()))}),f.on("fn-end",function(t,n){this.xhrCbStart&&f.emit("xhr-cb-time",[a.now()-this.xhrCbStart,this.onload,n],n)})}},{}],11:[function(t,n,e){n.exports=function(t){var n=document.createElement("a"),e=window.location,r={};n.href=t,r.port=n.port;var o=n.href.split("://");!r.port&&o[1]&&(r.port=o[1].split("/")[0].split("@").pop().split(":")[1]),r.port&&"0"!==r.port||(r.port="https"===o[0]?"443":"80"),r.hostname=n.hostname||e.hostname,r.pathname=n.pathname,r.protocol=o[0],"/"!==r.pathname.charAt(0)&&(r.pathname="/"+r.pathname);var i=!n.protocol||":"===n.protocol||n.protocol===e.protocol,a=n.hostname===document.domain&&n.port===e.port;return r.sameOrigin=i&&(!n.hostname||a),r}},{}],12:[function(t,n,e){function r(){}function o(t,n,e){return function(){return i(t,[f.now()].concat(s(arguments)),n?null:this,e),n?void 0:this}}var i=t("handle"),a=t(15),s=t(16),c=t("ee").get("tracer"),f=t("loader"),u=NREUM;"undefined"==typeof window.newrelic&&(newrelic=u);var d=["setPageViewName","setCustomAttribute","setErrorHandler","finished","addToTrace","inlineHit","addRelease"],l="api-",p=l+"ixn-";a(d,function(t,n){u[n]=o(l+n,!0,"api")}),u.addPageAction=o(l+"addPageAction",!0),u.setCurrentRouteName=o(l+"routeName",!0),n.exports=newrelic,u.interaction=function(){return(new r).get()};var h=r.prototype={createTracer:function(t,n){var e={},r=this,o="function"==typeof n;return i(p+"tracer",[f.now(),t,e],r),function(){if(c.emit((o?"":"no-")+"fn-start",[f.now(),r,o],e),o)try{return n.apply(this,arguments)}finally{c.emit("fn-end",[f.now()],e)}}}};a("setName,setAttribute,save,ignore,onEnd,getContext,end,get".split(","),function(t,n){h[n]=o(p+n)}),newrelic.noticeError=function(t){"string"==typeof t&&(t=new Error(t)),i("err",[t,f.now()])}},{}],13:[function(t,n,e){n.exports=function(t){if("string"==typeof t&&t.length)return t.length;if("object"==typeof t){if("undefined"!=typeof ArrayBuffer&&t instanceof ArrayBuffer&&t.byteLength)return t.byteLength;if("undefined"!=typeof Blob&&t instanceof Blob&&t.size)return t.size;if(!("undefined"!=typeof FormData&&t instanceof FormData))try{return JSON.stringify(t).length}catch(n){return}}}},{}],14:[function(t,n,e){var r=0,o=navigator.userAgent.match(/Firefox[\/\s](\d+\.\d+)/);o&&(r=+o[1]),n.exports=r},{}],15:[function(t,n,e){function r(t,n){var e=[],r="",i=0;for(r in t)o.call(t,r)&&(e[i]=n(r,t[r]),i+=1);return e}var o=Object.prototype.hasOwnProperty;n.exports=r},{}],16:[function(t,n,e){function r(t,n,e){n||(n=0),"undefined"==typeof e&&(e=t?t.length:0);for(var r=-1,o=e-n||0,i=Array(o<0?0:o);++r<o;)i[r]=t[n+r];return i}n.exports=r},{}],17:[function(t,n,e){n.exports={exists:"undefined"!=typeof window.performance&&window.performance.timing&&"undefined"!=typeof window.performance.timing.navigationStart}},{}],18:[function(t,n,e){function r(t){return!(t&&t instanceof Function&&t.apply&&!t[a])}var o=t("ee"),i=t(16),a="nr@original",s=Object.prototype.hasOwnProperty,c=!1;n.exports=function(t,n){function e(t,n,e,o){function nrWrapper(){var r,a,s,c;try{a=this,r=i(arguments),s="function"==typeof e?e(r,a):e||{}}catch(f){l([f,"",[r,a,o],s])}u(n+"start",[r,a,o],s);try{return c=t.apply(a,r)}catch(d){throw u(n+"err",[r,a,d],s),d}finally{u(n+"end",[r,a,c],s)}}return r(t)?t:(n||(n=""),nrWrapper[a]=t,d(t,nrWrapper),nrWrapper)}function f(t,n,o,i){o||(o="");var a,s,c,f="-"===o.charAt(0);for(c=0;c<n.length;c++)s=n[c],a=t[s],r(a)||(t[s]=e(a,f?s+o:o,i,s))}function u(e,r,o){if(!c||n){var i=c;c=!0;try{t.emit(e,r,o,n)}catch(a){l([a,e,r,o])}c=i}}function d(t,n){if(Object.defineProperty&&Object.keys)try{var e=Object.keys(t);return e.forEach(function(e){Object.defineProperty(n,e,{get:function(){return t[e]},set:function(n){return t[e]=n,n}})}),n}catch(r){l([r])}for(var o in t)s.call(t,o)&&(n[o]=t[o]);return n}function l(n){try{t.emit("internal-error",n)}catch(e){}}return t||(t=o),e.inPlace=f,e.flag=a,e}},{}],ee:[function(t,n,e){function r(){}function o(t){function n(t){return t&&t instanceof r?t:t?c(t,s,i):i()}function e(e,r,o,i){if(!l.aborted||i){t&&t(e,r,o);for(var a=n(o),s=h(e),c=s.length,f=0;f<c;f++)s[f].apply(a,r);var d=u[y[e]];return d&&d.push([g,e,r,a]),a}}function p(t,n){v[t]=h(t).concat(n)}function h(t){return v[t]||[]}function m(t){return d[t]=d[t]||o(e)}function w(t,n){f(t,function(t,e){n=n||"feature",y[e]=n,n in u||(u[n]=[])})}var v={},y={},g={on:p,emit:e,get:m,listeners:h,context:n,buffer:w,abort:a,aborted:!1};return g}function i(){return new r}function a(){(u.api||u.feature)&&(l.aborted=!0,u=l.backlog={})}var s="nr@context",c=t("gos"),f=t(15),u={},d={},l=n.exports=o();l.backlog=u},{}],gos:[function(t,n,e){function r(t,n,e){if(o.call(t,n))return t[n];var r=e();if(Object.defineProperty&&Object.keys)try{return Object.defineProperty(t,n,{value:r,writable:!0,enumerable:!1}),r}catch(i){}return t[n]=r,r}var o=Object.prototype.hasOwnProperty;n.exports=r},{}],handle:[function(t,n,e){function r(t,n,e,r){o.buffer([t],r),o.emit(t,n,e)}var o=t("ee").get("handle");n.exports=r,r.ee=o},{}],id:[function(t,n,e){function r(t){var n=typeof t;return!t||"object"!==n&&"function"!==n?-1:t===window?0:a(t,i,function(){return o++})}var o=1,i="nr@id",a=t("gos");n.exports=r},{}],loader:[function(t,n,e){function r(){if(!x++){var t=b.info=NREUM.info,n=l.getElementsByTagName("script")[0];if(setTimeout(u.abort,3e4),!(t&&t.licenseKey&&t.applicationID&&n))return u.abort();f(y,function(n,e){t[n]||(t[n]=e)}),c("mark",["onload",a()+b.offset],null,"api");var e=l.createElement("script");e.src="https://"+t.agent,n.parentNode.insertBefore(e,n)}}function o(){"complete"===l.readyState&&i()}function i(){c("mark",["domContent",a()+b.offset],null,"api")}function a(){return E.exists&&performance.now?Math.round(performance.now()):(s=Math.max((new Date).getTime(),s))-b.offset}var s=(new Date).getTime(),c=t("handle"),f=t(15),u=t("ee"),d=window,l=d.document,p="addEventListener",h="attachEvent",m=d.XMLHttpRequest,w=m&&m.prototype;NREUM.o={ST:setTimeout,CT:clearTimeout,XHR:m,REQ:d.Request,EV:d.Event,PR:d.Promise,MO:d.MutationObserver};var v=""+location,y={beacon:"bam.nr-data.net",errorBeacon:"bam.nr-data.net",agent:"js-agent.newrelic.com/nr-1026.min.js"},g=m&&w&&w[p]&&!/CriOS/.test(navigator.userAgent),b=n.exports={offset:s,now:a,origin:v,features:{},xhrWrappable:g};t(12),l[p]?(l[p]("DOMContentLoaded",i,!1),d[p]("load",r,!1)):(l[h]("onreadystatechange",o),d[h]("onload",r)),c("mark",["firstbyte",s],null,"api");var x=0,E=t(17)},{}]},{},["loader",2,10,4,3]);</script><script type="text/javascript">
      var appName = 'myUSCIS';
      var mainContentId = 'Content';
      var cancelButtonCaption = 'Cancel';
      var okButtonCaption = 'OK';
      var closeButtonCaption = 'Close';
      
      Object.size = function(obj) {
	    var size = 0, key;
	    for( key in obj ) {
	        if( obj.hasOwnProperty(key) ) size++;
	    }
	    return size;
	  };

	  var sessionTimeoutWarning = 'Your session will expire in 5 minutes. Click \'OK\' to extend your session.';
	  var sessionExtended = 'Your session has been extended.';
	  var sessionNotExtended = 'Your session will not be extended.';
      
  </script>
<link href="https://my.uscis.gov/assets/favicon-9429d1fce1555403bc766c9a06e15410.ico" rel="shortcut icon" type="image/x-icon"/>
<link href="/casestatus/style/bootstrap.css;jsessionid=FC0102DB17531FF59632A40B5259F5C3" rel="stylesheet"/>
<link href="/casestatus/style/style.css;jsessionid=FC0102DB17531FF59632A40B5259F5C3" rel="stylesheet"/>
<link href="/casestatus/style/csso.css;jsessionid=FC0102DB17531FF59632A40B5259F5C3" rel="stylesheet"/>
<link href="/casestatus/style/datatable.css;jsessionid=FC0102DB17531FF59632A40B5259F5C3" rel="stylesheet"/>
<link href="/casestatus/style/fuelux.css;jsessionid=FC0102DB17531FF59632A40B5259F5C3" rel="stylesheet"/>
<link href="/casestatus/style/jquery/jquery-ui.min.css;jsessionid=FC0102DB17531FF59632A40B5259F5C3" rel="stylesheet"/>
<script src="/casestatus/scripts/bootstrap/bootstrap.js;jsessionid=FC0102DB17531FF59632A40B5259F5C3" type="text/javascript"></script>
<script src="/casestatus/scripts/jquery/jquery.min.js;jsessionid=FC0102DB17531FF59632A40B5259F5C3" type="text/javascript"></script>
<script src="/casestatus/scripts/jquery/jquery-migrate.min.js;jsessionid=FC0102DB17531FF59632A40B5259F5C3" type="text/javascript"></script>
<script src="/casestatus/scripts/jquery/jquery-ui.min.js;jsessionid=FC0102DB17531FF59632A40B5259F5C3" type="text/javascript"></script>
<script src="/casestatus/scripts/fuelux.js;jsessionid=FC0102DB17531FF59632A40B5259F5C3" type="text/javascript"></script>
<script type="text/javascript">
  	var $j= jQuery.noConflict();
  </script>
<script src="/casestatus/scripts/jquery/jquery.validate.min.js;jsessionid=FC0102DB17531FF59632A40B5259F5C3" type="text/javascript"></script>
<script src="/casestatus/scripts/custom.js;jsessionid=FC0102DB17531FF59632A40B5259F5C3" type="text/javascript"></script>
<script src="/casestatus/scripts/modernizr.js;jsessionid=FC0102DB17531FF59632A40B5259F5C3" type="text/javascript"></script>
<script src="/casestatus/scripts/csso.js;jsessionid=FC0102DB17531FF59632A40B5259F5C3" type="text/javascript"></script>
<script src="/casestatus/scripts/dialog.js;jsessionid=FC0102DB17531FF59632A40B5259F5C3" type="text/javascript"></script>
<script src="/casestatus/scripts/yui/yahoo-min.js;jsessionid=FC0102DB17531FF59632A40B5259F5C3" type="text/javascript"></script>
<script src="/casestatus/scripts/yui/event-min.js;jsessionid=FC0102DB17531FF59632A40B5259F5C3" type="text/javascript"></script>
<script src="/casestatus/scripts/yui/dom-min.js;jsessionid=FC0102DB17531FF59632A40B5259F5C3" type="text/javascript"></script>
<script src="/casestatus/scripts/yui/yahoo-dom-event.js;jsessionid=FC0102DB17531FF59632A40B5259F5C3" type="text/javascript"></script>
<script src="/casestatus/scripts/yui/container_core-min.js;jsessionid=FC0102DB17531FF59632A40B5259F5C3" type="text/javascript"></script>
<script src="/casestatus/scripts/yui/connection-min.js;jsessionid=FC0102DB17531FF59632A40B5259F5C3" type="text/javascript"></script>
<!--  <script src="/casestatus/scripts/google-analytics/federated-analytics-DHS.js;jsessionid=FC0102DB17531FF59632A40B5259F5C3" type="text/javascript"></script> -->
<!-- Adding Digital Analytics DAP -->
<script async="" id="_fed_an_ua_tag" src="https://dap.digitalgov.gov/Universal-Federated-Analytics-Min.js?agency=DHS" type="text/javascript"></script>
</head>
<body>
<script type="text/javascript">

	var receiptPrefixMap = new Object;
	
	   receiptPrefixMap['ABQ'] = 'ABQ';
	
	   receiptPrefixMap['AGA'] = 'AGA';
	
	   receiptPrefixMap['ALB'] = 'ALB';
	
	   receiptPrefixMap['ANC'] = 'ANC';
	
	   receiptPrefixMap['ATL'] = 'ATL';
	
	   receiptPrefixMap['BAL'] = 'BAL';
	
	   receiptPrefixMap['BOI'] = 'BOI';
	
	   receiptPrefixMap['BOS'] = 'BOS';
	
	   receiptPrefixMap['BUF'] = 'BUF';
	
	   receiptPrefixMap['CHA'] = 'CHA';
	
	   receiptPrefixMap['CHI'] = 'CHI';
	
	   receiptPrefixMap['CHL'] = 'CHL';
	
	   receiptPrefixMap['CHR'] = 'CHR';
	
	   receiptPrefixMap['CIN'] = 'CIN';
	
	   receiptPrefixMap['CLE'] = 'CLE';
	
	   receiptPrefixMap['CLM'] = 'CLM';
	
	   receiptPrefixMap['CLT'] = 'CLT';
	
	   receiptPrefixMap['CSC'] = 'CSC';
	
	   receiptPrefixMap['DAL'] = 'DAL';
	
	   receiptPrefixMap['DEN'] = 'DEN';
	
	   receiptPrefixMap['DET'] = 'DET';
	
	   receiptPrefixMap['DSM'] = 'DSM';
	
	   receiptPrefixMap['EAC'] = 'EAC';
	
	   receiptPrefixMap['ELP'] = 'ELP';
	
	   receiptPrefixMap['FRE'] = 'FRE';
	
	   receiptPrefixMap['FSA'] = 'FSA';
	
	   receiptPrefixMap['GRR'] = 'GRR';
	
	   receiptPrefixMap['HAR'] = 'HAR';
	
	   receiptPrefixMap['HEL'] = 'HEL';
	
	   receiptPrefixMap['HHW'] = 'HHW';
	
	   receiptPrefixMap['HIA'] = 'HIA';
	
	   receiptPrefixMap['HLG'] = 'HLG';
	
	   receiptPrefixMap['HNT'] = 'HNT';
	
	   receiptPrefixMap['HOU'] = 'HOU';
	
	   receiptPrefixMap['IMP'] = 'IMP';
	
	   receiptPrefixMap['INP'] = 'INP';
	
	   receiptPrefixMap['IOE'] = 'IOE';
	
	   receiptPrefixMap['JAC'] = 'JAC';
	
	   receiptPrefixMap['JAK'] = 'JAK';
	
	   receiptPrefixMap['KAN'] = 'KAN';
	
	   receiptPrefixMap['KND'] = 'KND';
	
	   receiptPrefixMap['LAW'] = 'LAW';
	
	   receiptPrefixMap['LIN'] = 'LIN';
	
	   receiptPrefixMap['LNY'] = 'LNY';
	
	   receiptPrefixMap['LOS'] = 'LOS';
	
	   receiptPrefixMap['LOU'] = 'LOU';
	
	   receiptPrefixMap['LVG'] = 'LVG';
	
	   receiptPrefixMap['MAN'] = 'MAN';
	
	   receiptPrefixMap['MEM'] = 'MEM';
	
	   receiptPrefixMap['MIA'] = 'MIA';
	
	   receiptPrefixMap['MIL'] = 'MIL';
	
	   receiptPrefixMap['MSC'] = 'MSC';
	
	   receiptPrefixMap['MTL'] = 'MTL';
	
	   receiptPrefixMap['NBC'] = 'NBC';
	
	   receiptPrefixMap['NEW'] = 'NEW';
	
	   receiptPrefixMap['NOL'] = 'NOL';
	
	   receiptPrefixMap['NOR'] = 'NOR';
	
	   receiptPrefixMap['NSC'] = 'NSC';
	
	   receiptPrefixMap['NYC'] = 'NYC';
	
	   receiptPrefixMap['OAK'] = 'OAK';
	
	   receiptPrefixMap['OKC'] = 'OKC';
	
	   receiptPrefixMap['OKL'] = 'OKL';
	
	   receiptPrefixMap['OMA'] = 'OMA';
	
	   receiptPrefixMap['ORL'] = 'ORL';
	
	   receiptPrefixMap['PHI'] = 'PHI';
	
	   receiptPrefixMap['PHO'] = 'PHO';
	
	   receiptPrefixMap['PIT'] = 'PIT';
	
	   receiptPrefixMap['POM'] = 'POM';
	
	   receiptPrefixMap['POO'] = 'POO';
	
	   receiptPrefixMap['PRO'] = 'PRO';
	
	   receiptPrefixMap['QNS'] = 'QNS';
	
	   receiptPrefixMap['RAL'] = 'RAL';
	
	   receiptPrefixMap['REN'] = 'REN';
	
	   receiptPrefixMap['SAA'] = 'SAA';
	
	   receiptPrefixMap['SAC'] = 'SAC';
	
	   receiptPrefixMap['SAJ'] = 'SAJ';
	
	   receiptPrefixMap['SBD'] = 'SBD';
	
	   receiptPrefixMap['SEA'] = 'SEA';
	
	   receiptPrefixMap['SFR'] = 'SFR';
	
	   receiptPrefixMap['SFV'] = 'SFV';
	
	   receiptPrefixMap['SLC'] = 'SLC';
	
	   receiptPrefixMap['SNA'] = 'SNA';
	
	   receiptPrefixMap['SND'] = 'SND';
	
	   receiptPrefixMap['SNJ'] = 'SNJ';
	
	   receiptPrefixMap['SPM'] = 'SPM';
	
	   receiptPrefixMap['SPO'] = 'SPO';
	
	   receiptPrefixMap['SRC'] = 'SRC';
	
	   receiptPrefixMap['STA'] = 'STA';
	
	   receiptPrefixMap['STL'] = 'STL';
	
	   receiptPrefixMap['TAM'] = 'TAM';
	
	   receiptPrefixMap['TSC'] = 'TSC';
	
	   receiptPrefixMap['TUC'] = 'TUC';
	
	   receiptPrefixMap['VSC'] = 'VSC';
	
	   receiptPrefixMap['WAC'] = 'WAC';
	
	   receiptPrefixMap['WAS'] = 'WAS';
	
	   receiptPrefixMap['WIC'] = 'WIC';
	
	   receiptPrefixMap['WPB'] = 'WPB';
	
	   receiptPrefixMap['YAK'] = 'YAK';
	
	   receiptPrefixMap['YSC'] = 'YSC';
	
	   receiptPrefixMap['ZAR'] = 'ZAR';
	
	   receiptPrefixMap['ZCH'] = 'ZCH';
	
	   receiptPrefixMap['ZHN'] = 'ZHN';
	
	   receiptPrefixMap['ZLA'] = 'ZLA';
	
	   receiptPrefixMap['ZMI'] = 'ZMI';
	
	   receiptPrefixMap['ZNK'] = 'ZNK';
	
	   receiptPrefixMap['ZNY'] = 'ZNY';
	
	   receiptPrefixMap['ZSF'] = 'ZSF';
	  
	
  var validationMessages = new Object;
  validationMessages['error.empty.receiptnumber'] = 
  'Please enter an application receipt number.';
   validationMessages['error.invalid.receiptnumber'] = 
   'The application receipt number entered is invalid. Please check your receipt number and try again.';
  validationMessages['error.popup.introduction'] = 
   'You have the following errors:';
  validationMessages['error.empty.username'] = 
   'User name is required';	
  validationMessages['error.empty.password'] = 
   'Password is required';   		
   
   validationMessages['error.empty.firstname'] = 
   'First name is required';
   validationMessages['error.empty.lastname'] = 
    'Last name is required';
   validationMessages['error.empty.country'] = 
    'Country/Region is required';
   validationMessages['error.empty.city'] = 
    'City is required';	
   validationMessages['error.empty.postalcode'] = 
    'Postal code is required';   	
   validationMessages['error.empty.email'] = 
	'Email address is required';
   validationMessages['error.empty.passwordconfirmation'] = 
	'Password confirmation is required';
   validationMessages['error.empty.state'] = 
	'State is required for United States of America';
   validationMessages['error.empty.passwordhintquestion1'] = 
	'Password hint question 1 is required';	
   validationMessages['error.empty.passwordhintanswer1'] = 
	'Password hint answer 1 is required'; 
   validationMessages['error.empty.passwordhintquestion2'] = 
	'Password hint question 2 is required';	
   validationMessages['error.empty.passwordhintanswer2'] = 
	'Password hint answer 2 is required'; 	
   validationMessages['error.empty.passwordhintquestion3'] = 
	'Password hint question 3 is required';	
   validationMessages['error.empty.passwordhintanswer3'] = 
	'Password hint answer 3 is required'; 
   validationMessages['error.empty.passwordhintquestion4'] = 
	'Password hint question 4 is required';	
   validationMessages['error.empty.passwordhintanswer4'] = 
	'Password hint answer 4 is required'; 		
   validationMessages['error.invalid.email'] = 
	'Enter a valid email address'; 
   validationMessages['error.invalid.mobilePhone'] = 
	'Mobile phone must be ten digits. Hyphens are optional (###-###-####).'; 	
   validationMessages['error.empty.userSubType'] = 
    'User type is required';		  
   validationMessages['error.invalid.postalCode'] = 
    'US postal code must be either five digits or nine digits with a hyphen ((#####-####)';	      
   validationMessages['error.invalid.userNameLength'] = 
    'User Name must be between 8 and 14 characters';
   validationMessages['error.invalid.passwordDollarSign'] = 
    'Password cannot contain the dollar sign';        
   validationMessages['error.invalid.passwordUpperCase'] = 
    'Password must contain at least one upper case character'; 
   validationMessages['error.invalid.passwordLowerCase'] = 
    'Password must contain at least one lower case character';     
   validationMessages['error.invalid.passwordUserName'] = 
    'Password cannot contain your user name';
   validationMessages['error.invalid.passwordNumber'] = 
    'Password must contain at least one number';          
   validationMessages['error.invalid.passwordPassword'] = 
    'Password cannot contain the word "password"';        
   validationMessages['error.invalid.passwordConsecutiveChars'] = 
    'Password cannot contain more than two consecutive identical characters';          
   validationMessages['error.empty.organizationName'] = 
    'Organization name is required'; 
   validationMessages['error.empty.organizationType'] = 
    'Organization type is required';        
   validationMessages['error.invalid.passwordConfirmationMatch'] = 
    'Password confirmation must match the password';   
   validationMessages['error.empty.passwordhintanswer'] = 
     'Password hint answer is required';    
   validationMessages['error.invalid.passwordLength'] = 
     'Password must be between 8 and 14 characters';         
   validationMessages['error.invalid.userNameDollarSign'] = 
     'User name cannot contain the dollar sign';        

</script>
<a class="skipNav" href="#Content" id="skipper">Skip to Content</a>
<!-- header section -->
<div class="header">
<div class="top-bar">
<div class="container">
<div class="left-side">
<span class="pull-left"><img alt="United States Flag" src="/casestatus/images/us_flag.png" title="United States Flag"/></span>
<span class="pull-left">Official Website of the Department of Homeland Security</span>
</div>
<div class="pull-right">
<script type="text/javascript">var changeLangTo = "es";</script>
<a class="right-side" href="javascript:void(0)" id="changeLocaleAnchor" lang="es-US" title="Cambiar idioma a español">Español</a>
</div>
<div class="mid-logo">
<a class="mid-logo-visual" href="http://www.uscis.gov" target="_blank" title="U.S. Department of Homeland Security seal, U.S. Citizenship and Immigration Services logo">
<img alt="U.S. Department of Homeland Security seal, U.S. Citizenship and Immigration Services logo" src="/casestatus/images/uscis_logo.png"/>
</a>
</div>
</div>
</div>
<div class="bottom-sec">
<div class="container">
<ul class="top-link">
<li>
<a href="/casestatus/displayLogon.do;jsessionid=FC0102DB17531FF59632A40B5259F5C3" title="Login">Login</a>
	       
	       
	       
	       
	       
	       
	        
	         <span>or</span>
</li>
<li>
<a href="disclaimer.do" title="Sign up">Sign up</a>
</li>
</ul>
<ul class="top-link-right">
<li>
</li>
</ul>
</div>
</div>
<div class="menu-bar">
<div class="container2">
<div class="navbar navbar-default show-print">
<div class="navbar-header">
<div class="container">
<a alt="Toggle Navigation" class="navbar-toggle" data-target=".navbar-collapse" data-toggle="collapse" href="javascript:void(0)" tabindex="-1" title="Toggle Navigation">
<img alt="select to open menu" class=".icon-bar" id="menuIcon" src="images/menu_closed.png" tabindex="0"/>
</a>
</div>
</div>
<div class="container">
<div class="navbar-collapse collapse show-print">
<ul class="navbar-nav nav left">
<li> <a href="http://www.uscis.gov/forms" target="_blank">FORMS</a>
</li>
<li> <a href="http://www.uscis.gov/news" target="_blank">NEWS</a>
</li>
<li> <a href="http://www.uscis.gov/us-citizenship" target="_blank">CITIZENSHIP</a>
</li>
</ul>
<ul class="navbar-nav nav right">
<li> <a href="http://www.uscis.gov/greencard" target="_blank">GREEN CARD</a>
</li>
<li> <a href="http://www.uscis.gov/tools" target="_blank">TOOLS</a>
</li>
<li> <a href="http://www.uscis.gov/laws" target="_blank">LAWS</a>
</li>
</ul>
</div>
</div>
</div>
</div>
</div>
</div>
<!-- content section -->
<div class="main-content-sec pb40">
<span id="Content"> </span>
<div class="big-banner02 mb70">
<div class="main-row">
<div class="container">
<div class="login-panel-sec">
<div class="form-sec">
<div class="text-center"><img alt="My Logo" src="images/my_uscis_logo02.png"/></div>
<div class="form-horizontal">
<div class="form-group mt30">
<div class="col-sm-12 text-left">
<label for="accessviolation">
		                			It was reported to us that your IP address or internet gateway has been locked out for a select period of time.  This is due to an unusually high rate of use.  In order to avoid this issue, please create a Customer account (single applicant) or a Representative account (representing many individuals).
		                		</label>
</div>
</div>
</div>
</div>
</div>
</div>
</div>
</div>
</div>
<!-- footer section -->
<div class="footer-container">
<div class="container">
<div class="footer-logo">
<a class="footer-logo-visual" href="http://www.uscis.gov" target="_blank" title="U.S. Department of Homeland Security seal, U.S. Citizenship and Immigration Services logo">
<img alt="U.S. Department of Homeland Security seal, U.S. Citizenship and Immigration Services logo" src="/casestatus/images/footer_logo.png"/>
</a>
</div>
<div class="social_icon">
<ul>
<li>
<a href="https://www.facebook.com/uscis" target="_blank" title="USCIS on Facebook">
<img alt="USCIS on Facebook" src="images/facebook_icon.png"/>
</a>
</li>
<li>
<a href="https://www.twitter.com/uscis" target="_blank" title="USCIS on Twitter">
<img alt="USCIS on Twitter" src="images/twitter_icon.png"/>
</a>
</li>
<li>
<a href="https://www.instagram.com/uscis/?hl=en" target="_blank" title="USCIS on Instagram">
<img alt="USCIS on Instagram" src="images/instagram_icon.png"/>
</a>
</li>
<li>
<a href="https://www.youtube.com/uscis" target="_blank" title="USCIS on YouTube">
<img alt="USCIS on YouTube" src="images/youtube_icon.png"/>
</a>
</li>
<li>
<a href="http://www.uscis.gov/rss-landing" target="_blank" title="RSS Feeds">
<img alt="RSS Feeds" src="images/rss_icon.png"/>
</a>
</li>
</ul>
</div>
<div class="footer-nav">
<div class="footer-block">
<h4 class="heading">TOPICS</h4>
<ul class="show-print">
<li> <a href="http://www.uscis.gov/adoption" target="_blank">Adoption</a>
</li>
<li> <a href="http://www.uscis.gov/about-us/directorates-and-program-offices/administrative-appeals-office-aao/administrative-appeals-office-aao" target="_blank">Appeals</a>
</li>
<li> <a href="http://www.uscis.gov/avoid-scams" target="_blank">Avoid Scams</a>
</li>
<li> <a href="http://www.uscis.gov/us-citizenship" target="_blank">Citizenship</a>
</li>
<li> <a href="http://www.uscis.gov/citizenship" target="_blank">Citizenship Resource Center</a>
</li>
<li> <a href="http://www.uscis.gov/family" target="_blank">Family</a>
</li>
<li> <a href="http://www.uscis.gov/greencard" target="_blank">Green Card</a>
</li>
<li> <a href="http://www.uscis.gov/historyandgenealogy" target="_blank">History and Genealogy</a>
</li>
<li> <a href="http://www.uscis.gov/humanitarian" target="_blank">Humanitarian</a>
</li>
<li> <a href="http://www.uscis.gov/military" target="_blank">Military</a>
</li>
<li> <a href="http://www.uscis.gov/uscis-elis" target="_blank">File Online</a>
</li>
<li> <a href="http://www.uscis.gov/visit-united-states/visit-us" target="_blank">Visit the U.S.</a>
</li>
<li> <a href="http://www.uscis.gov/working-united-states/working-us" target="_blank">Working in the U.S.</a>
</li>
</ul>
</div>
<div class="footer-block">
<h4 class="heading">VERIFICATION</h4>
<ul class="show-print">
<li> <a href="http://www.uscis.gov/e-verify" target="_blank">E-Verify</a>
</li>
<li> <a href="http://www.uscis.gov/i-9-central" target="_blank">I-9 Central</a>
</li>
<li> <a href="http://www.uscis.gov/self-check" target="_blank">Self Check</a>
</li>
<li> <a href="http://www.uscis.gov/save" target="_blank">SAVE</a>
</li>
<li> <a href="https://www.uscis.gov/save/save-case-check" target="_blank">SAVE Case Check</a>
</li>
</ul>
</div>
<div class="footer-block">
<h4 class="heading">POLICIES</h4>
<ul class="show-print">
<li> <a href="http://www.uscis.gov/about-us/freedom-information-and-privacy-act-foia/uscis-freedom-information-act-and-privacy-act" target="_blank">USCIS Freedom of Information Act and Privacy Act</a>
</li>
<li> <a href="http://www.uscis.gov/website-policies/privacy-and-legal-disclaimers" target="_blank">Privacy and Legal Disclaimers</a>
</li>
<li> <a href="http://www.uscis.gov/no-fear-act/equal-employment-opportunity-data-posted-pursuant-no-fear-act" target="_blank">No FEAR Act</a>
</li>
<li> <a href="http://www.uscis.gov/website-policies" target="_blank">Website Policies</a>
</li>
<li> <a href="http://www.uscis.gov/accessibility" target="_blank">Accessibility</a>
</li>
<li> <a href="http://www.uscis.gov/social-media/social-media-policy" target="_blank">Social Media Policy</a>
</li>
<li> <a href="http://www.uscis.gov/website-policies/plug-ins" target="_blank">Plug-ins</a>
</li>
<li> <a href="http://www.adobe.com/reader" target="_blank">Adobe Reader</a>
</li>
</ul>
</div>
<div class="footer-block">
<h4 class="heading">GOVERNMENT</h4>
<ul class="show-print">
<li> <a href="http://travel.state.gov/passport/passport_1738.html" target="_blank">Passports</a>
</li>
<li> <a href="http://travel.state.gov/visa/bulletin/bulletin_1360.html" target="_blank">Visa Bulletin</a>
</li>
<li> <a href="http://www.dhs.gov" target="_blank">U.S. Department of Homeland Security</a>
</li>
<li> <a href="http://www.cbp.gov" target="_blank">U.S. Customs &amp; Border Protection</a>
</li>
<li> <a href="http://www.ice.gov" target="_blank">U.S. Immigration &amp; Customs Enforcement</a>
</li>
<li> <a href="http://www.whitehouse.gov" target="_blank">White House</a>
</li>
<li> <a href="http://www.state.gov" target="_blank">U.S. Department of State</a>
</li>
<li> <a href="http://www.usa.gov" target="_blank">USA.gov</a>
</li>
</ul>
</div>
</div>
<div class="main-row">
<div class="footer-logo-section clearfix">
<div class="footer-contant">
<p>
          National Customer Service Center
          <br/>
          1-800-375-5283
          <br/>
<br/>
          TDD for the Hearing Impaired
          <br/>
          1-800-767-1833
        </p>
</div>
</div>
</div>
</div>
</div>
<div id="popupDialogArea"></div>
<script type="text/javascript">window.NREUM||(NREUM={});NREUM.info={"applicationID":"41851475","applicationTime":37,"beacon":"bam.nr-data.net","queueTime":0,"licenseKey":"710a4cf17f","transactionName":"ZlEBbBQFCENRWkEMWF8bMEwUERJDcVpBDFhfGwRXEEoTQ1NQRktWQURNWxUXCR5RWkEMWF8aIFkVATVEUU1AFmRUVRFbDiUFRFlWWw==","agent":"","errorBeacon":"bam.nr-data.net"}</script></body>
</html>

Result has incorrect format: retry after 15 secs
Result has incorrect format: retry after 15 secs
Result has incorrect format: retry after 15 secs
Result has incorret format: possible IP ban, retry after 1.5 hr
Result has incorret format: possible IP ban, retry after 1.5 hr
Retried too many times, printing website content and exiting
<!DOCTYPE html PUBLIC "-//W3C//DTD XHTML 1.0 Transitional//EN" "http://www.w3.org/TR/xhtml1/DTD/xhtml1-transitional.dtd">
<html lang="en-US">
<head>
<meta content="text/html; charset=utf-8" http-equiv="Content-Type"/>
<meta content="IE=edge" http-equiv="X-UA-Compatible"/>
<meta content="width=device-width, initial-scale=1, maximum-scale=1, minimum-scale=1, user-scalable=no" name="viewport"/>
<meta content="View case status online using your receipt number, which can be found on notices that you may have received from USCIS. Also, sign up for myUSCIS to:
• Receive automatic case status updates by email or text message,
• View your case history and upcoming case activities,
• Check the status of multiple cases and inquiries that you may have submitted to USCIS" name="description"/>
<title>myUSCIS</title>
<script type="text/javascript">(window.NREUM||(NREUM={})).loader_config={xpid:"XQMDU1NSGwcBXFRTAwYC"};window.NREUM||(NREUM={}),__nr_require=function(t,n,e){function r(e){if(!n[e]){var o=n[e]={exports:{}};t[e][0].call(o.exports,function(n){var o=t[e][1][n];return r(o||n)},o,o.exports)}return n[e].exports}if("function"==typeof __nr_require)return __nr_require;for(var o=0;o<e.length;o++)r(e[o]);return r}({1:[function(t,n,e){function r(t){try{s.console&&console.log(t)}catch(n){}}var o,i=t("ee"),a=t(15),s={};try{o=localStorage.getItem("__nr_flags").split(","),console&&"function"==typeof console.log&&(s.console=!0,o.indexOf("dev")!==-1&&(s.dev=!0),o.indexOf("nr_dev")!==-1&&(s.nrDev=!0))}catch(c){}s.nrDev&&i.on("internal-error",function(t){r(t.stack)}),s.dev&&i.on("fn-err",function(t,n,e){r(e.stack)}),s.dev&&(r("NR AGENT IN DEVELOPMENT MODE"),r("flags: "+a(s,function(t,n){return t}).join(", ")))},{}],2:[function(t,n,e){function r(t,n,e,r,o){try{d?d-=1:i("err",[o||new UncaughtException(t,n,e)])}catch(s){try{i("ierr",[s,c.now(),!0])}catch(u){}}return"function"==typeof f&&f.apply(this,a(arguments))}function UncaughtException(t,n,e){this.message=t||"Uncaught error with no additional information",this.sourceURL=n,this.line=e}function o(t){i("err",[t,c.now()])}var i=t("handle"),a=t(16),s=t("ee"),c=t("loader"),f=window.onerror,u=!1,d=0;c.features.err=!0,t(1),window.onerror=r;try{throw new Error}catch(l){"stack"in l&&(t(8),t(7),"addEventListener"in window&&t(5),c.xhrWrappable&&t(9),u=!0)}s.on("fn-start",function(t,n,e){u&&(d+=1)}),s.on("fn-err",function(t,n,e){u&&(this.thrown=!0,o(e))}),s.on("fn-end",function(){u&&!this.thrown&&d>0&&(d-=1)}),s.on("internal-error",function(t){i("ierr",[t,c.now(),!0])})},{}],3:[function(t,n,e){t("loader").features.ins=!0},{}],4:[function(t,n,e){function r(t){}if(window.performance&&window.performance.timing&&window.performance.getEntriesByType){var o=t("ee"),i=t("handle"),a=t(8),s=t(7),c="learResourceTimings",f="addEventListener",u="resourcetimingbufferfull",d="bstResource",l="resource",p="-start",h="-end",m="fn"+p,w="fn"+h,v="bstTimer",y="pushState",g=t("loader");g.features.stn=!0,t(6);var b=NREUM.o.EV;o.on(m,function(t,n){var e=t[0];e instanceof b&&(this.bstStart=g.now())}),o.on(w,function(t,n){var e=t[0];e instanceof b&&i("bst",[e,n,this.bstStart,g.now()])}),a.on(m,function(t,n,e){this.bstStart=g.now(),this.bstType=e}),a.on(w,function(t,n){i(v,[n,this.bstStart,g.now(),this.bstType])}),s.on(m,function(){this.bstStart=g.now()}),s.on(w,function(t,n){i(v,[n,this.bstStart,g.now(),"requestAnimationFrame"])}),o.on(y+p,function(t){this.time=g.now(),this.startPath=location.pathname+location.hash}),o.on(y+h,function(t){i("bstHist",[location.pathname+location.hash,this.startPath,this.time])}),f in window.performance&&(window.performance["c"+c]?window.performance[f](u,function(t){i(d,[window.performance.getEntriesByType(l)]),window.performance["c"+c]()},!1):window.performance[f]("webkit"+u,function(t){i(d,[window.performance.getEntriesByType(l)]),window.performance["webkitC"+c]()},!1)),document[f]("scroll",r,{passive:!0}),document[f]("keypress",r,!1),document[f]("click",r,!1)}},{}],5:[function(t,n,e){function r(t){for(var n=t;n&&!n.hasOwnProperty(u);)n=Object.getPrototypeOf(n);n&&o(n)}function o(t){s.inPlace(t,[u,d],"-",i)}function i(t,n){return t[1]}var a=t("ee").get("events"),s=t(18)(a,!0),c=t("gos"),f=XMLHttpRequest,u="addEventListener",d="removeEventListener";n.exports=a,"getPrototypeOf"in Object?(r(document),r(window),r(f.prototype)):f.prototype.hasOwnProperty(u)&&(o(window),o(f.prototype)),a.on(u+"-start",function(t,n){var e=t[1],r=c(e,"nr@wrapped",function(){function t(){if("function"==typeof e.handleEvent)return e.handleEvent.apply(e,arguments)}var n={object:t,"function":e}[typeof e];return n?s(n,"fn-",null,n.name||"anonymous"):e});this.wrapped=t[1]=r}),a.on(d+"-start",function(t){t[1]=this.wrapped||t[1]})},{}],6:[function(t,n,e){var r=t("ee").get("history"),o=t(18)(r);n.exports=r,o.inPlace(window.history,["pushState","replaceState"],"-")},{}],7:[function(t,n,e){var r=t("ee").get("raf"),o=t(18)(r),i="equestAnimationFrame";n.exports=r,o.inPlace(window,["r"+i,"mozR"+i,"webkitR"+i,"msR"+i],"raf-"),r.on("raf-start",function(t){t[0]=o(t[0],"fn-")})},{}],8:[function(t,n,e){function r(t,n,e){t[0]=a(t[0],"fn-",null,e)}function o(t,n,e){this.method=e,this.timerDuration="number"==typeof t[1]?t[1]:0,t[0]=a(t[0],"fn-",this,e)}var i=t("ee").get("timer"),a=t(18)(i),s="setTimeout",c="setInterval",f="clearTimeout",u="-start",d="-";n.exports=i,a.inPlace(window,[s,"setImmediate"],s+d),a.inPlace(window,[c],c+d),a.inPlace(window,[f,"clearImmediate"],f+d),i.on(c+u,r),i.on(s+u,o)},{}],9:[function(t,n,e){function r(t,n){d.inPlace(n,["onreadystatechange"],"fn-",s)}function o(){var t=this,n=u.context(t);t.readyState>3&&!n.resolved&&(n.resolved=!0,u.emit("xhr-resolved",[],t)),d.inPlace(t,w,"fn-",s)}function i(t){v.push(t),h&&(g=-g,b.data=g)}function a(){for(var t=0;t<v.length;t++)r([],v[t]);v.length&&(v=[])}function s(t,n){return n}function c(t,n){for(var e in t)n[e]=t[e];return n}t(5);var f=t("ee"),u=f.get("xhr"),d=t(18)(u),l=NREUM.o,p=l.XHR,h=l.MO,m="readystatechange",w=["onload","onerror","onabort","onloadstart","onloadend","onprogress","ontimeout"],v=[];n.exports=u;var y=window.XMLHttpRequest=function(t){var n=new p(t);try{u.emit("new-xhr",[n],n),n.addEventListener(m,o,!1)}catch(e){try{u.emit("internal-error",[e])}catch(r){}}return n};if(c(p,y),y.prototype=p.prototype,d.inPlace(y.prototype,["open","send"],"-xhr-",s),u.on("send-xhr-start",function(t,n){r(t,n),i(n)}),u.on("open-xhr-start",r),h){var g=1,b=document.createTextNode(g);new h(a).observe(b,{characterData:!0})}else f.on("fn-end",function(t){t[0]&&t[0].type===m||a()})},{}],10:[function(t,n,e){function r(t){var n=this.params,e=this.metrics;if(!this.ended){this.ended=!0;for(var r=0;r<d;r++)t.removeEventListener(u[r],this.listener,!1);if(!n.aborted){if(e.duration=a.now()-this.startTime,4===t.readyState){n.status=t.status;var i=o(t,this.lastSize);if(i&&(e.rxSize=i),this.sameOrigin){var c=t.getResponseHeader("X-NewRelic-App-Data");c&&(n.cat=c.split(", ").pop())}}else n.status=0;e.cbTime=this.cbTime,f.emit("xhr-done",[t],t),s("xhr",[n,e,this.startTime])}}}function o(t,n){var e=t.responseType;if("json"===e&&null!==n)return n;var r="arraybuffer"===e||"blob"===e||"json"===e?t.response:t.responseText;return h(r)}function i(t,n){var e=c(n),r=t.params;r.host=e.hostname+":"+e.port,r.pathname=e.pathname,t.sameOrigin=e.sameOrigin}var a=t("loader");if(a.xhrWrappable){var s=t("handle"),c=t(11),f=t("ee"),u=["load","error","abort","timeout"],d=u.length,l=t("id"),p=t(14),h=t(13),m=window.XMLHttpRequest;a.features.xhr=!0,t(9),f.on("new-xhr",function(t){var n=this;n.totalCbs=0,n.called=0,n.cbTime=0,n.end=r,n.ended=!1,n.xhrGuids={},n.lastSize=null,p&&(p>34||p<10)||window.opera||t.addEventListener("progress",function(t){n.lastSize=t.loaded},!1)}),f.on("open-xhr-start",function(t){this.params={method:t[0]},i(this,t[1]),this.metrics={}}),f.on("open-xhr-end",function(t,n){"loader_config"in NREUM&&"xpid"in NREUM.loader_config&&this.sameOrigin&&n.setRequestHeader("X-NewRelic-ID",NREUM.loader_config.xpid)}),f.on("send-xhr-start",function(t,n){var e=this.metrics,r=t[0],o=this;if(e&&r){var i=h(r);i&&(e.txSize=i)}this.startTime=a.now(),this.listener=function(t){try{"abort"===t.type&&(o.params.aborted=!0),("load"!==t.type||o.called===o.totalCbs&&(o.onloadCalled||"function"!=typeof n.onload))&&o.end(n)}catch(e){try{f.emit("internal-error",[e])}catch(r){}}};for(var s=0;s<d;s++)n.addEventListener(u[s],this.listener,!1)}),f.on("xhr-cb-time",function(t,n,e){this.cbTime+=t,n?this.onloadCalled=!0:this.called+=1,this.called!==this.totalCbs||!this.onloadCalled&&"function"==typeof e.onload||this.end(e)}),f.on("xhr-load-added",function(t,n){var e=""+l(t)+!!n;this.xhrGuids&&!this.xhrGuids[e]&&(this.xhrGuids[e]=!0,this.totalCbs+=1)}),f.on("xhr-load-removed",function(t,n){var e=""+l(t)+!!n;this.xhrGuids&&this.xhrGuids[e]&&(delete this.xhrGuids[e],this.totalCbs-=1)}),f.on("addEventListener-end",function(t,n){n instanceof m&&"load"===t[0]&&f.emit("xhr-load-added",[t[1],t[2]],n)}),f.on("removeEventListener-end",function(t,n){n instanceof m&&"load"===t[0]&&f.emit("xhr-load-removed",[t[1],t[2]],n)}),f.on("fn-start",function(t,n,e){n instanceof m&&("onload"===e&&(this.onload=!0),("load"===(t[0]&&t[0].type)||this.onload)&&(this.xhrCbStart=a.now()))}),f.on("fn-end",function(t,n){this.xhrCbStart&&f.emit("xhr-cb-time",[a.now()-this.xhrCbStart,this.onload,n],n)})}},{}],11:[function(t,n,e){n.exports=function(t){var n=document.createElement("a"),e=window.location,r={};n.href=t,r.port=n.port;var o=n.href.split("://");!r.port&&o[1]&&(r.port=o[1].split("/")[0].split("@").pop().split(":")[1]),r.port&&"0"!==r.port||(r.port="https"===o[0]?"443":"80"),r.hostname=n.hostname||e.hostname,r.pathname=n.pathname,r.protocol=o[0],"/"!==r.pathname.charAt(0)&&(r.pathname="/"+r.pathname);var i=!n.protocol||":"===n.protocol||n.protocol===e.protocol,a=n.hostname===document.domain&&n.port===e.port;return r.sameOrigin=i&&(!n.hostname||a),r}},{}],12:[function(t,n,e){function r(){}function o(t,n,e){return function(){return i(t,[f.now()].concat(s(arguments)),n?null:this,e),n?void 0:this}}var i=t("handle"),a=t(15),s=t(16),c=t("ee").get("tracer"),f=t("loader"),u=NREUM;"undefined"==typeof window.newrelic&&(newrelic=u);var d=["setPageViewName","setCustomAttribute","setErrorHandler","finished","addToTrace","inlineHit","addRelease"],l="api-",p=l+"ixn-";a(d,function(t,n){u[n]=o(l+n,!0,"api")}),u.addPageAction=o(l+"addPageAction",!0),u.setCurrentRouteName=o(l+"routeName",!0),n.exports=newrelic,u.interaction=function(){return(new r).get()};var h=r.prototype={createTracer:function(t,n){var e={},r=this,o="function"==typeof n;return i(p+"tracer",[f.now(),t,e],r),function(){if(c.emit((o?"":"no-")+"fn-start",[f.now(),r,o],e),o)try{return n.apply(this,arguments)}finally{c.emit("fn-end",[f.now()],e)}}}};a("setName,setAttribute,save,ignore,onEnd,getContext,end,get".split(","),function(t,n){h[n]=o(p+n)}),newrelic.noticeError=function(t){"string"==typeof t&&(t=new Error(t)),i("err",[t,f.now()])}},{}],13:[function(t,n,e){n.exports=function(t){if("string"==typeof t&&t.length)return t.length;if("object"==typeof t){if("undefined"!=typeof ArrayBuffer&&t instanceof ArrayBuffer&&t.byteLength)return t.byteLength;if("undefined"!=typeof Blob&&t instanceof Blob&&t.size)return t.size;if(!("undefined"!=typeof FormData&&t instanceof FormData))try{return JSON.stringify(t).length}catch(n){return}}}},{}],14:[function(t,n,e){var r=0,o=navigator.userAgent.match(/Firefox[\/\s](\d+\.\d+)/);o&&(r=+o[1]),n.exports=r},{}],15:[function(t,n,e){function r(t,n){var e=[],r="",i=0;for(r in t)o.call(t,r)&&(e[i]=n(r,t[r]),i+=1);return e}var o=Object.prototype.hasOwnProperty;n.exports=r},{}],16:[function(t,n,e){function r(t,n,e){n||(n=0),"undefined"==typeof e&&(e=t?t.length:0);for(var r=-1,o=e-n||0,i=Array(o<0?0:o);++r<o;)i[r]=t[n+r];return i}n.exports=r},{}],17:[function(t,n,e){n.exports={exists:"undefined"!=typeof window.performance&&window.performance.timing&&"undefined"!=typeof window.performance.timing.navigationStart}},{}],18:[function(t,n,e){function r(t){return!(t&&t instanceof Function&&t.apply&&!t[a])}var o=t("ee"),i=t(16),a="nr@original",s=Object.prototype.hasOwnProperty,c=!1;n.exports=function(t,n){function e(t,n,e,o){function nrWrapper(){var r,a,s,c;try{a=this,r=i(arguments),s="function"==typeof e?e(r,a):e||{}}catch(f){l([f,"",[r,a,o],s])}u(n+"start",[r,a,o],s);try{return c=t.apply(a,r)}catch(d){throw u(n+"err",[r,a,d],s),d}finally{u(n+"end",[r,a,c],s)}}return r(t)?t:(n||(n=""),nrWrapper[a]=t,d(t,nrWrapper),nrWrapper)}function f(t,n,o,i){o||(o="");var a,s,c,f="-"===o.charAt(0);for(c=0;c<n.length;c++)s=n[c],a=t[s],r(a)||(t[s]=e(a,f?s+o:o,i,s))}function u(e,r,o){if(!c||n){var i=c;c=!0;try{t.emit(e,r,o,n)}catch(a){l([a,e,r,o])}c=i}}function d(t,n){if(Object.defineProperty&&Object.keys)try{var e=Object.keys(t);return e.forEach(function(e){Object.defineProperty(n,e,{get:function(){return t[e]},set:function(n){return t[e]=n,n}})}),n}catch(r){l([r])}for(var o in t)s.call(t,o)&&(n[o]=t[o]);return n}function l(n){try{t.emit("internal-error",n)}catch(e){}}return t||(t=o),e.inPlace=f,e.flag=a,e}},{}],ee:[function(t,n,e){function r(){}function o(t){function n(t){return t&&t instanceof r?t:t?c(t,s,i):i()}function e(e,r,o,i){if(!l.aborted||i){t&&t(e,r,o);for(var a=n(o),s=h(e),c=s.length,f=0;f<c;f++)s[f].apply(a,r);var d=u[y[e]];return d&&d.push([g,e,r,a]),a}}function p(t,n){v[t]=h(t).concat(n)}function h(t){return v[t]||[]}function m(t){return d[t]=d[t]||o(e)}function w(t,n){f(t,function(t,e){n=n||"feature",y[e]=n,n in u||(u[n]=[])})}var v={},y={},g={on:p,emit:e,get:m,listeners:h,context:n,buffer:w,abort:a,aborted:!1};return g}function i(){return new r}function a(){(u.api||u.feature)&&(l.aborted=!0,u=l.backlog={})}var s="nr@context",c=t("gos"),f=t(15),u={},d={},l=n.exports=o();l.backlog=u},{}],gos:[function(t,n,e){function r(t,n,e){if(o.call(t,n))return t[n];var r=e();if(Object.defineProperty&&Object.keys)try{return Object.defineProperty(t,n,{value:r,writable:!0,enumerable:!1}),r}catch(i){}return t[n]=r,r}var o=Object.prototype.hasOwnProperty;n.exports=r},{}],handle:[function(t,n,e){function r(t,n,e,r){o.buffer([t],r),o.emit(t,n,e)}var o=t("ee").get("handle");n.exports=r,r.ee=o},{}],id:[function(t,n,e){function r(t){var n=typeof t;return!t||"object"!==n&&"function"!==n?-1:t===window?0:a(t,i,function(){return o++})}var o=1,i="nr@id",a=t("gos");n.exports=r},{}],loader:[function(t,n,e){function r(){if(!x++){var t=b.info=NREUM.info,n=l.getElementsByTagName("script")[0];if(setTimeout(u.abort,3e4),!(t&&t.licenseKey&&t.applicationID&&n))return u.abort();f(y,function(n,e){t[n]||(t[n]=e)}),c("mark",["onload",a()+b.offset],null,"api");var e=l.createElement("script");e.src="https://"+t.agent,n.parentNode.insertBefore(e,n)}}function o(){"complete"===l.readyState&&i()}function i(){c("mark",["domContent",a()+b.offset],null,"api")}function a(){return E.exists&&performance.now?Math.round(performance.now()):(s=Math.max((new Date).getTime(),s))-b.offset}var s=(new Date).getTime(),c=t("handle"),f=t(15),u=t("ee"),d=window,l=d.document,p="addEventListener",h="attachEvent",m=d.XMLHttpRequest,w=m&&m.prototype;NREUM.o={ST:setTimeout,CT:clearTimeout,XHR:m,REQ:d.Request,EV:d.Event,PR:d.Promise,MO:d.MutationObserver};var v=""+location,y={beacon:"bam.nr-data.net",errorBeacon:"bam.nr-data.net",agent:"js-agent.newrelic.com/nr-1026.min.js"},g=m&&w&&w[p]&&!/CriOS/.test(navigator.userAgent),b=n.exports={offset:s,now:a,origin:v,features:{},xhrWrappable:g};t(12),l[p]?(l[p]("DOMContentLoaded",i,!1),d[p]("load",r,!1)):(l[h]("onreadystatechange",o),d[h]("onload",r)),c("mark",["firstbyte",s],null,"api");var x=0,E=t(17)},{}]},{},["loader",2,10,4,3]);</script><script type="text/javascript">
      var appName = 'myUSCIS';
      var mainContentId = 'Content';
      var cancelButtonCaption = 'Cancel';
      var okButtonCaption = 'OK';
      var closeButtonCaption = 'Close';
      
      Object.size = function(obj) {
	    var size = 0, key;
	    for( key in obj ) {
	        if( obj.hasOwnProperty(key) ) size++;
	    }
	    return size;
	  };

	  var sessionTimeoutWarning = 'Your session will expire in 5 minutes. Click \'OK\' to extend your session.';
	  var sessionExtended = 'Your session has been extended.';
	  var sessionNotExtended = 'Your session will not be extended.';
      
  </script>
<link href="https://my.uscis.gov/assets/favicon-9429d1fce1555403bc766c9a06e15410.ico" rel="shortcut icon" type="image/x-icon"/>
<link href="/casestatus/style/bootstrap.css;jsessionid=5A0298460919DC4027BD3AB8146BD860" rel="stylesheet"/>
<link href="/casestatus/style/style.css;jsessionid=5A0298460919DC4027BD3AB8146BD860" rel="stylesheet"/>
<link href="/casestatus/style/csso.css;jsessionid=5A0298460919DC4027BD3AB8146BD860" rel="stylesheet"/>
<link href="/casestatus/style/datatable.css;jsessionid=5A0298460919DC4027BD3AB8146BD860" rel="stylesheet"/>
<link href="/casestatus/style/fuelux.css;jsessionid=5A0298460919DC4027BD3AB8146BD860" rel="stylesheet"/>
<link href="/casestatus/style/jquery/jquery-ui.min.css;jsessionid=5A0298460919DC4027BD3AB8146BD860" rel="stylesheet"/>
<script src="/casestatus/scripts/bootstrap/bootstrap.js;jsessionid=5A0298460919DC4027BD3AB8146BD860" type="text/javascript"></script>
<script src="/casestatus/scripts/jquery/jquery.min.js;jsessionid=5A0298460919DC4027BD3AB8146BD860" type="text/javascript"></script>
<script src="/casestatus/scripts/jquery/jquery-migrate.min.js;jsessionid=5A0298460919DC4027BD3AB8146BD860" type="text/javascript"></script>
<script src="/casestatus/scripts/jquery/jquery-ui.min.js;jsessionid=5A0298460919DC4027BD3AB8146BD860" type="text/javascript"></script>
<script src="/casestatus/scripts/fuelux.js;jsessionid=5A0298460919DC4027BD3AB8146BD860" type="text/javascript"></script>
<script type="text/javascript">
  	var $j= jQuery.noConflict();
  </script>
<script src="/casestatus/scripts/jquery/jquery.validate.min.js;jsessionid=5A0298460919DC4027BD3AB8146BD860" type="text/javascript"></script>
<script src="/casestatus/scripts/custom.js;jsessionid=5A0298460919DC4027BD3AB8146BD860" type="text/javascript"></script>
<script src="/casestatus/scripts/modernizr.js;jsessionid=5A0298460919DC4027BD3AB8146BD860" type="text/javascript"></script>
<script src="/casestatus/scripts/csso.js;jsessionid=5A0298460919DC4027BD3AB8146BD860" type="text/javascript"></script>
<script src="/casestatus/scripts/dialog.js;jsessionid=5A0298460919DC4027BD3AB8146BD860" type="text/javascript"></script>
<script src="/casestatus/scripts/yui/yahoo-min.js;jsessionid=5A0298460919DC4027BD3AB8146BD860" type="text/javascript"></script>
<script src="/casestatus/scripts/yui/event-min.js;jsessionid=5A0298460919DC4027BD3AB8146BD860" type="text/javascript"></script>
<script src="/casestatus/scripts/yui/dom-min.js;jsessionid=5A0298460919DC4027BD3AB8146BD860" type="text/javascript"></script>
<script src="/casestatus/scripts/yui/yahoo-dom-event.js;jsessionid=5A0298460919DC4027BD3AB8146BD860" type="text/javascript"></script>
<script src="/casestatus/scripts/yui/container_core-min.js;jsessionid=5A0298460919DC4027BD3AB8146BD860" type="text/javascript"></script>
<script src="/casestatus/scripts/yui/connection-min.js;jsessionid=5A0298460919DC4027BD3AB8146BD860" type="text/javascript"></script>
<!--  <script src="/casestatus/scripts/google-analytics/federated-analytics-DHS.js;jsessionid=5A0298460919DC4027BD3AB8146BD860" type="text/javascript"></script> -->
<!-- Adding Digital Analytics DAP -->
<script async="" id="_fed_an_ua_tag" src="https://dap.digitalgov.gov/Universal-Federated-Analytics-Min.js?agency=DHS" type="text/javascript"></script>
</head>
<body>
<script type="text/javascript">

	var receiptPrefixMap = new Object;
	
	   receiptPrefixMap['ABQ'] = 'ABQ';
	
	   receiptPrefixMap['AGA'] = 'AGA';
	
	   receiptPrefixMap['ALB'] = 'ALB';
	
	   receiptPrefixMap['ANC'] = 'ANC';
	
	   receiptPrefixMap['ATL'] = 'ATL';
	
	   receiptPrefixMap['BAL'] = 'BAL';
	
	   receiptPrefixMap['BOI'] = 'BOI';
	
	   receiptPrefixMap['BOS'] = 'BOS';
	
	   receiptPrefixMap['BUF'] = 'BUF';
	
	   receiptPrefixMap['CHA'] = 'CHA';
	
	   receiptPrefixMap['CHI'] = 'CHI';
	
	   receiptPrefixMap['CHL'] = 'CHL';
	
	   receiptPrefixMap['CHR'] = 'CHR';
	
	   receiptPrefixMap['CIN'] = 'CIN';
	
	   receiptPrefixMap['CLE'] = 'CLE';
	
	   receiptPrefixMap['CLM'] = 'CLM';
	
	   receiptPrefixMap['CLT'] = 'CLT';
	
	   receiptPrefixMap['CSC'] = 'CSC';
	
	   receiptPrefixMap['DAL'] = 'DAL';
	
	   receiptPrefixMap['DEN'] = 'DEN';
	
	   receiptPrefixMap['DET'] = 'DET';
	
	   receiptPrefixMap['DSM'] = 'DSM';
	
	   receiptPrefixMap['EAC'] = 'EAC';
	
	   receiptPrefixMap['ELP'] = 'ELP';
	
	   receiptPrefixMap['FRE'] = 'FRE';
	
	   receiptPrefixMap['FSA'] = 'FSA';
	
	   receiptPrefixMap['GRR'] = 'GRR';
	
	   receiptPrefixMap['HAR'] = 'HAR';
	
	   receiptPrefixMap['HEL'] = 'HEL';
	
	   receiptPrefixMap['HHW'] = 'HHW';
	
	   receiptPrefixMap['HIA'] = 'HIA';
	
	   receiptPrefixMap['HLG'] = 'HLG';
	
	   receiptPrefixMap['HNT'] = 'HNT';
	
	   receiptPrefixMap['HOU'] = 'HOU';
	
	   receiptPrefixMap['IMP'] = 'IMP';
	
	   receiptPrefixMap['INP'] = 'INP';
	
	   receiptPrefixMap['IOE'] = 'IOE';
	
	   receiptPrefixMap['JAC'] = 'JAC';
	
	   receiptPrefixMap['JAK'] = 'JAK';
	
	   receiptPrefixMap['KAN'] = 'KAN';
	
	   receiptPrefixMap['KND'] = 'KND';
	
	   receiptPrefixMap['LAW'] = 'LAW';
	
	   receiptPrefixMap['LIN'] = 'LIN';
	
	   receiptPrefixMap['LNY'] = 'LNY';
	
	   receiptPrefixMap['LOS'] = 'LOS';
	
	   receiptPrefixMap['LOU'] = 'LOU';
	
	   receiptPrefixMap['LVG'] = 'LVG';
	
	   receiptPrefixMap['MAN'] = 'MAN';
	
	   receiptPrefixMap['MEM'] = 'MEM';
	
	   receiptPrefixMap['MIA'] = 'MIA';
	
	   receiptPrefixMap['MIL'] = 'MIL';
	
	   receiptPrefixMap['MSC'] = 'MSC';
	
	   receiptPrefixMap['MTL'] = 'MTL';
	
	   receiptPrefixMap['NBC'] = 'NBC';
	
	   receiptPrefixMap['NEW'] = 'NEW';
	
	   receiptPrefixMap['NOL'] = 'NOL';
	
	   receiptPrefixMap['NOR'] = 'NOR';
	
	   receiptPrefixMap['NSC'] = 'NSC';
	
	   receiptPrefixMap['NYC'] = 'NYC';
	
	   receiptPrefixMap['OAK'] = 'OAK';
	
	   receiptPrefixMap['OKC'] = 'OKC';
	
	   receiptPrefixMap['OKL'] = 'OKL';
	
	   receiptPrefixMap['OMA'] = 'OMA';
	
	   receiptPrefixMap['ORL'] = 'ORL';
	
	   receiptPrefixMap['PHI'] = 'PHI';
	
	   receiptPrefixMap['PHO'] = 'PHO';
	
	   receiptPrefixMap['PIT'] = 'PIT';
	
	   receiptPrefixMap['POM'] = 'POM';
	
	   receiptPrefixMap['POO'] = 'POO';
	
	   receiptPrefixMap['PRO'] = 'PRO';
	
	   receiptPrefixMap['QNS'] = 'QNS';
	
	   receiptPrefixMap['RAL'] = 'RAL';
	
	   receiptPrefixMap['REN'] = 'REN';
	
	   receiptPrefixMap['SAA'] = 'SAA';
	
	   receiptPrefixMap['SAC'] = 'SAC';
	
	   receiptPrefixMap['SAJ'] = 'SAJ';
	
	   receiptPrefixMap['SBD'] = 'SBD';
	
	   receiptPrefixMap['SEA'] = 'SEA';
	
	   receiptPrefixMap['SFR'] = 'SFR';
	
	   receiptPrefixMap['SFV'] = 'SFV';
	
	   receiptPrefixMap['SLC'] = 'SLC';
	
	   receiptPrefixMap['SNA'] = 'SNA';
	
	   receiptPrefixMap['SND'] = 'SND';
	
	   receiptPrefixMap['SNJ'] = 'SNJ';
	
	   receiptPrefixMap['SPM'] = 'SPM';
	
	   receiptPrefixMap['SPO'] = 'SPO';
	
	   receiptPrefixMap['SRC'] = 'SRC';
	
	   receiptPrefixMap['STA'] = 'STA';
	
	   receiptPrefixMap['STL'] = 'STL';
	
	   receiptPrefixMap['TAM'] = 'TAM';
	
	   receiptPrefixMap['TSC'] = 'TSC';
	
	   receiptPrefixMap['TUC'] = 'TUC';
	
	   receiptPrefixMap['VSC'] = 'VSC';
	
	   receiptPrefixMap['WAC'] = 'WAC';
	
	   receiptPrefixMap['WAS'] = 'WAS';
	
	   receiptPrefixMap['WIC'] = 'WIC';
	
	   receiptPrefixMap['WPB'] = 'WPB';
	
	   receiptPrefixMap['YAK'] = 'YAK';
	
	   receiptPrefixMap['YSC'] = 'YSC';
	
	   receiptPrefixMap['ZAR'] = 'ZAR';
	
	   receiptPrefixMap['ZCH'] = 'ZCH';
	
	   receiptPrefixMap['ZHN'] = 'ZHN';
	
	   receiptPrefixMap['ZLA'] = 'ZLA';
	
	   receiptPrefixMap['ZMI'] = 'ZMI';
	
	   receiptPrefixMap['ZNK'] = 'ZNK';
	
	   receiptPrefixMap['ZNY'] = 'ZNY';
	
	   receiptPrefixMap['ZSF'] = 'ZSF';
	  
	
  var validationMessages = new Object;
  validationMessages['error.empty.receiptnumber'] = 
  'Please enter an application receipt number.';
   validationMessages['error.invalid.receiptnumber'] = 
   'The application receipt number entered is invalid. Please check your receipt number and try again.';
  validationMessages['error.popup.introduction'] = 
   'You have the following errors:';
  validationMessages['error.empty.username'] = 
   'User name is required';	
  validationMessages['error.empty.password'] = 
   'Password is required';   		
   
   validationMessages['error.empty.firstname'] = 
   'First name is required';
   validationMessages['error.empty.lastname'] = 
    'Last name is required';
   validationMessages['error.empty.country'] = 
    'Country/Region is required';
   validationMessages['error.empty.city'] = 
    'City is required';	
   validationMessages['error.empty.postalcode'] = 
    'Postal code is required';   	
   validationMessages['error.empty.email'] = 
	'Email address is required';
   validationMessages['error.empty.passwordconfirmation'] = 
	'Password confirmation is required';
   validationMessages['error.empty.state'] = 
	'State is required for United States of America';
   validationMessages['error.empty.passwordhintquestion1'] = 
	'Password hint question 1 is required';	
   validationMessages['error.empty.passwordhintanswer1'] = 
	'Password hint answer 1 is required'; 
   validationMessages['error.empty.passwordhintquestion2'] = 
	'Password hint question 2 is required';	
   validationMessages['error.empty.passwordhintanswer2'] = 
	'Password hint answer 2 is required'; 	
   validationMessages['error.empty.passwordhintquestion3'] = 
	'Password hint question 3 is required';	
   validationMessages['error.empty.passwordhintanswer3'] = 
	'Password hint answer 3 is required'; 
   validationMessages['error.empty.passwordhintquestion4'] = 
	'Password hint question 4 is required';	
   validationMessages['error.empty.passwordhintanswer4'] = 
	'Password hint answer 4 is required'; 		
   validationMessages['error.invalid.email'] = 
	'Enter a valid email address'; 
   validationMessages['error.invalid.mobilePhone'] = 
	'Mobile phone must be ten digits. Hyphens are optional (###-###-####).'; 	
   validationMessages['error.empty.userSubType'] = 
    'User type is required';		  
   validationMessages['error.invalid.postalCode'] = 
    'US postal code must be either five digits or nine digits with a hyphen ((#####-####)';	      
   validationMessages['error.invalid.userNameLength'] = 
    'User Name must be between 8 and 14 characters';
   validationMessages['error.invalid.passwordDollarSign'] = 
    'Password cannot contain the dollar sign';        
   validationMessages['error.invalid.passwordUpperCase'] = 
    'Password must contain at least one upper case character'; 
   validationMessages['error.invalid.passwordLowerCase'] = 
    'Password must contain at least one lower case character';     
   validationMessages['error.invalid.passwordUserName'] = 
    'Password cannot contain your user name';
   validationMessages['error.invalid.passwordNumber'] = 
    'Password must contain at least one number';          
   validationMessages['error.invalid.passwordPassword'] = 
    'Password cannot contain the word "password"';        
   validationMessages['error.invalid.passwordConsecutiveChars'] = 
    'Password cannot contain more than two consecutive identical characters';          
   validationMessages['error.empty.organizationName'] = 
    'Organization name is required'; 
   validationMessages['error.empty.organizationType'] = 
    'Organization type is required';        
   validationMessages['error.invalid.passwordConfirmationMatch'] = 
    'Password confirmation must match the password';   
   validationMessages['error.empty.passwordhintanswer'] = 
     'Password hint answer is required';    
   validationMessages['error.invalid.passwordLength'] = 
     'Password must be between 8 and 14 characters';         
   validationMessages['error.invalid.userNameDollarSign'] = 
     'User name cannot contain the dollar sign';        

</script>
<a class="skipNav" href="#Content" id="skipper">Skip to Content</a>
<!-- header section -->
<div class="header">
<div class="top-bar">
<div class="container">
<div class="left-side">
<span class="pull-left"><img alt="United States Flag" src="/casestatus/images/us_flag.png" title="United States Flag"/></span>
<span class="pull-left">Official Website of the Department of Homeland Security</span>
</div>
<div class="pull-right">
<script type="text/javascript">var changeLangTo = "es";</script>
<a class="right-side" href="javascript:void(0)" id="changeLocaleAnchor" lang="es-US" title="Cambiar idioma a español">Español</a>
</div>
<div class="mid-logo">
<a class="mid-logo-visual" href="http://www.uscis.gov" target="_blank" title="U.S. Department of Homeland Security seal, U.S. Citizenship and Immigration Services logo">
<img alt="U.S. Department of Homeland Security seal, U.S. Citizenship and Immigration Services logo" src="/casestatus/images/uscis_logo.png"/>
</a>
</div>
</div>
</div>
<div class="bottom-sec">
<div class="container">
<ul class="top-link">
<li>
<a href="/casestatus/displayLogon.do;jsessionid=5A0298460919DC4027BD3AB8146BD860" title="Login">Login</a>
	       
	       
	       
	       
	       
	       
	        
	         <span>or</span>
</li>
<li>
<a href="disclaimer.do" title="Sign up">Sign up</a>
</li>
</ul>
<ul class="top-link-right">
<li>
</li>
</ul>
</div>
</div>
<div class="menu-bar">
<div class="container2">
<div class="navbar navbar-default show-print">
<div class="navbar-header">
<div class="container">
<a alt="Toggle Navigation" class="navbar-toggle" data-target=".navbar-collapse" data-toggle="collapse" href="javascript:void(0)" tabindex="-1" title="Toggle Navigation">
<img alt="select to open menu" class=".icon-bar" id="menuIcon" src="images/menu_closed.png" tabindex="0"/>
</a>
</div>
</div>
<div class="container">
<div class="navbar-collapse collapse show-print">
<ul class="navbar-nav nav left">
<li> <a href="http://www.uscis.gov/forms" target="_blank">FORMS</a>
</li>
<li> <a href="http://www.uscis.gov/news" target="_blank">NEWS</a>
</li>
<li> <a href="http://www.uscis.gov/us-citizenship" target="_blank">CITIZENSHIP</a>
</li>
</ul>
<ul class="navbar-nav nav right">
<li> <a href="http://www.uscis.gov/greencard" target="_blank">GREEN CARD</a>
</li>
<li> <a href="http://www.uscis.gov/tools" target="_blank">TOOLS</a>
</li>
<li> <a href="http://www.uscis.gov/laws" target="_blank">LAWS</a>
</li>
</ul>
</div>
</div>
</div>
</div>
</div>
</div>
<!-- content section -->
<div class="main-content-sec pb40">
<span id="Content"> </span>
<div class="big-banner02 mb70">
<div class="main-row">
<div class="container">
<div class="login-panel-sec">
<div class="form-sec">
<div class="text-center"><img alt="My Logo" src="images/my_uscis_logo02.png"/></div>
<div class="form-horizontal">
<div class="form-group mt30">
<div class="col-sm-12 text-left">
<label for="accessviolation">
		                			It was reported to us that your IP address or internet gateway has been locked out for a select period of time.  This is due to an unusually high rate of use.  In order to avoid this issue, please create a Customer account (single applicant) or a Representative account (representing many individuals).
		                		</label>
</div>
</div>
</div>
</div>
</div>
</div>
</div>
</div>
</div>
<!-- footer section -->
<div class="footer-container">
<div class="container">
<div class="footer-logo">
<a class="footer-logo-visual" href="http://www.uscis.gov" target="_blank" title="U.S. Department of Homeland Security seal, U.S. Citizenship and Immigration Services logo">
<img alt="U.S. Department of Homeland Security seal, U.S. Citizenship and Immigration Services logo" src="/casestatus/images/footer_logo.png"/>
</a>
</div>
<div class="social_icon">
<ul>
<li>
<a href="https://www.facebook.com/uscis" target="_blank" title="USCIS on Facebook">
<img alt="USCIS on Facebook" src="images/facebook_icon.png"/>
</a>
</li>
<li>
<a href="https://www.twitter.com/uscis" target="_blank" title="USCIS on Twitter">
<img alt="USCIS on Twitter" src="images/twitter_icon.png"/>
</a>
</li>
<li>
<a href="https://www.instagram.com/uscis/?hl=en" target="_blank" title="USCIS on Instagram">
<img alt="USCIS on Instagram" src="images/instagram_icon.png"/>
</a>
</li>
<li>
<a href="https://www.youtube.com/uscis" target="_blank" title="USCIS on YouTube">
<img alt="USCIS on YouTube" src="images/youtube_icon.png"/>
</a>
</li>
<li>
<a href="http://www.uscis.gov/rss-landing" target="_blank" title="RSS Feeds">
<img alt="RSS Feeds" src="images/rss_icon.png"/>
</a>
</li>
</ul>
</div>
<div class="footer-nav">
<div class="footer-block">
<h4 class="heading">TOPICS</h4>
<ul class="show-print">
<li> <a href="http://www.uscis.gov/adoption" target="_blank">Adoption</a>
</li>
<li> <a href="http://www.uscis.gov/about-us/directorates-and-program-offices/administrative-appeals-office-aao/administrative-appeals-office-aao" target="_blank">Appeals</a>
</li>
<li> <a href="http://www.uscis.gov/avoid-scams" target="_blank">Avoid Scams</a>
</li>
<li> <a href="http://www.uscis.gov/us-citizenship" target="_blank">Citizenship</a>
</li>
<li> <a href="http://www.uscis.gov/citizenship" target="_blank">Citizenship Resource Center</a>
</li>
<li> <a href="http://www.uscis.gov/family" target="_blank">Family</a>
</li>
<li> <a href="http://www.uscis.gov/greencard" target="_blank">Green Card</a>
</li>
<li> <a href="http://www.uscis.gov/historyandgenealogy" target="_blank">History and Genealogy</a>
</li>
<li> <a href="http://www.uscis.gov/humanitarian" target="_blank">Humanitarian</a>
</li>
<li> <a href="http://www.uscis.gov/military" target="_blank">Military</a>
</li>
<li> <a href="http://www.uscis.gov/uscis-elis" target="_blank">File Online</a>
</li>
<li> <a href="http://www.uscis.gov/visit-united-states/visit-us" target="_blank">Visit the U.S.</a>
</li>
<li> <a href="http://www.uscis.gov/working-united-states/working-us" target="_blank">Working in the U.S.</a>
</li>
</ul>
</div>
<div class="footer-block">
<h4 class="heading">VERIFICATION</h4>
<ul class="show-print">
<li> <a href="http://www.uscis.gov/e-verify" target="_blank">E-Verify</a>
</li>
<li> <a href="http://www.uscis.gov/i-9-central" target="_blank">I-9 Central</a>
</li>
<li> <a href="http://www.uscis.gov/self-check" target="_blank">Self Check</a>
</li>
<li> <a href="http://www.uscis.gov/save" target="_blank">SAVE</a>
</li>
<li> <a href="https://www.uscis.gov/save/save-case-check" target="_blank">SAVE Case Check</a>
</li>
</ul>
</div>
<div class="footer-block">
<h4 class="heading">POLICIES</h4>
<ul class="show-print">
<li> <a href="http://www.uscis.gov/about-us/freedom-information-and-privacy-act-foia/uscis-freedom-information-act-and-privacy-act" target="_blank">USCIS Freedom of Information Act and Privacy Act</a>
</li>
<li> <a href="http://www.uscis.gov/website-policies/privacy-and-legal-disclaimers" target="_blank">Privacy and Legal Disclaimers</a>
</li>
<li> <a href="http://www.uscis.gov/no-fear-act/equal-employment-opportunity-data-posted-pursuant-no-fear-act" target="_blank">No FEAR Act</a>
</li>
<li> <a href="http://www.uscis.gov/website-policies" target="_blank">Website Policies</a>
</li>
<li> <a href="http://www.uscis.gov/accessibility" target="_blank">Accessibility</a>
</li>
<li> <a href="http://www.uscis.gov/social-media/social-media-policy" target="_blank">Social Media Policy</a>
</li>
<li> <a href="http://www.uscis.gov/website-policies/plug-ins" target="_blank">Plug-ins</a>
</li>
<li> <a href="http://www.adobe.com/reader" target="_blank">Adobe Reader</a>
</li>
</ul>
</div>
<div class="footer-block">
<h4 class="heading">GOVERNMENT</h4>
<ul class="show-print">
<li> <a href="http://travel.state.gov/passport/passport_1738.html" target="_blank">Passports</a>
</li>
<li> <a href="http://travel.state.gov/visa/bulletin/bulletin_1360.html" target="_blank">Visa Bulletin</a>
</li>
<li> <a href="http://www.dhs.gov" target="_blank">U.S. Department of Homeland Security</a>
</li>
<li> <a href="http://www.cbp.gov" target="_blank">U.S. Customs &amp; Border Protection</a>
</li>
<li> <a href="http://www.ice.gov" target="_blank">U.S. Immigration &amp; Customs Enforcement</a>
</li>
<li> <a href="http://www.whitehouse.gov" target="_blank">White House</a>
</li>
<li> <a href="http://www.state.gov" target="_blank">U.S. Department of State</a>
</li>
<li> <a href="http://www.usa.gov" target="_blank">USA.gov</a>
</li>
</ul>
</div>
</div>
<div class="main-row">
<div class="footer-logo-section clearfix">
<div class="footer-contant">
<p>
          National Customer Service Center
          <br/>
          1-800-375-5283
          <br/>
<br/>
          TDD for the Hearing Impaired
          <br/>
          1-800-767-1833
        </p>
</div>
</div>
</div>
</div>
</div>
<div id="popupDialogArea"></div>
<script type="text/javascript">window.NREUM||(NREUM={});NREUM.info={"applicationID":"41851475","applicationTime":21,"beacon":"bam.nr-data.net","queueTime":0,"licenseKey":"710a4cf17f","transactionName":"ZlEBbBQFCENRWkEMWF8bMEwUERJDcVpBDFhfGwRXEEoTQ1NQRktWQURNWxUXCR5RWkEMWF8aIFkVATVEUU1AFmRUVRFbDiUFRFlWWw==","agent":"","errorBeacon":"bam.nr-data.net"}</script></body>
</html>

Result has incorrect format: retry after 15 secs
Result has incorrect format: retry after 15 secs
Result has incorrect format: retry after 15 secs
Result has incorret format: possible IP ban, retry after 1.5 hr
Result has incorret format: possible IP ban, retry after 1.5 hr
Retried too many times, printing website content and exiting
<!DOCTYPE html PUBLIC "-//W3C//DTD XHTML 1.0 Transitional//EN" "http://www.w3.org/TR/xhtml1/DTD/xhtml1-transitional.dtd">
<html lang="en-US">
<head>
<meta content="text/html; charset=utf-8" http-equiv="Content-Type"/>
<meta content="IE=edge" http-equiv="X-UA-Compatible"/>
<meta content="width=device-width, initial-scale=1, maximum-scale=1, minimum-scale=1, user-scalable=no" name="viewport"/>
<meta content="View case status online using your receipt number, which can be found on notices that you may have received from USCIS. Also, sign up for myUSCIS to:
• Receive automatic case status updates by email or text message,
• View your case history and upcoming case activities,
• Check the status of multiple cases and inquiries that you may have submitted to USCIS" name="description"/>
<title>myUSCIS</title>
<script type="text/javascript">(window.NREUM||(NREUM={})).loader_config={xpid:"XQMDU1NSGwcBXFRTAwYC"};window.NREUM||(NREUM={}),__nr_require=function(t,n,e){function r(e){if(!n[e]){var o=n[e]={exports:{}};t[e][0].call(o.exports,function(n){var o=t[e][1][n];return r(o||n)},o,o.exports)}return n[e].exports}if("function"==typeof __nr_require)return __nr_require;for(var o=0;o<e.length;o++)r(e[o]);return r}({1:[function(t,n,e){function r(t){try{s.console&&console.log(t)}catch(n){}}var o,i=t("ee"),a=t(15),s={};try{o=localStorage.getItem("__nr_flags").split(","),console&&"function"==typeof console.log&&(s.console=!0,o.indexOf("dev")!==-1&&(s.dev=!0),o.indexOf("nr_dev")!==-1&&(s.nrDev=!0))}catch(c){}s.nrDev&&i.on("internal-error",function(t){r(t.stack)}),s.dev&&i.on("fn-err",function(t,n,e){r(e.stack)}),s.dev&&(r("NR AGENT IN DEVELOPMENT MODE"),r("flags: "+a(s,function(t,n){return t}).join(", ")))},{}],2:[function(t,n,e){function r(t,n,e,r,o){try{d?d-=1:i("err",[o||new UncaughtException(t,n,e)])}catch(s){try{i("ierr",[s,c.now(),!0])}catch(u){}}return"function"==typeof f&&f.apply(this,a(arguments))}function UncaughtException(t,n,e){this.message=t||"Uncaught error with no additional information",this.sourceURL=n,this.line=e}function o(t){i("err",[t,c.now()])}var i=t("handle"),a=t(16),s=t("ee"),c=t("loader"),f=window.onerror,u=!1,d=0;c.features.err=!0,t(1),window.onerror=r;try{throw new Error}catch(l){"stack"in l&&(t(8),t(7),"addEventListener"in window&&t(5),c.xhrWrappable&&t(9),u=!0)}s.on("fn-start",function(t,n,e){u&&(d+=1)}),s.on("fn-err",function(t,n,e){u&&(this.thrown=!0,o(e))}),s.on("fn-end",function(){u&&!this.thrown&&d>0&&(d-=1)}),s.on("internal-error",function(t){i("ierr",[t,c.now(),!0])})},{}],3:[function(t,n,e){t("loader").features.ins=!0},{}],4:[function(t,n,e){function r(t){}if(window.performance&&window.performance.timing&&window.performance.getEntriesByType){var o=t("ee"),i=t("handle"),a=t(8),s=t(7),c="learResourceTimings",f="addEventListener",u="resourcetimingbufferfull",d="bstResource",l="resource",p="-start",h="-end",m="fn"+p,w="fn"+h,v="bstTimer",y="pushState",g=t("loader");g.features.stn=!0,t(6);var b=NREUM.o.EV;o.on(m,function(t,n){var e=t[0];e instanceof b&&(this.bstStart=g.now())}),o.on(w,function(t,n){var e=t[0];e instanceof b&&i("bst",[e,n,this.bstStart,g.now()])}),a.on(m,function(t,n,e){this.bstStart=g.now(),this.bstType=e}),a.on(w,function(t,n){i(v,[n,this.bstStart,g.now(),this.bstType])}),s.on(m,function(){this.bstStart=g.now()}),s.on(w,function(t,n){i(v,[n,this.bstStart,g.now(),"requestAnimationFrame"])}),o.on(y+p,function(t){this.time=g.now(),this.startPath=location.pathname+location.hash}),o.on(y+h,function(t){i("bstHist",[location.pathname+location.hash,this.startPath,this.time])}),f in window.performance&&(window.performance["c"+c]?window.performance[f](u,function(t){i(d,[window.performance.getEntriesByType(l)]),window.performance["c"+c]()},!1):window.performance[f]("webkit"+u,function(t){i(d,[window.performance.getEntriesByType(l)]),window.performance["webkitC"+c]()},!1)),document[f]("scroll",r,{passive:!0}),document[f]("keypress",r,!1),document[f]("click",r,!1)}},{}],5:[function(t,n,e){function r(t){for(var n=t;n&&!n.hasOwnProperty(u);)n=Object.getPrototypeOf(n);n&&o(n)}function o(t){s.inPlace(t,[u,d],"-",i)}function i(t,n){return t[1]}var a=t("ee").get("events"),s=t(18)(a,!0),c=t("gos"),f=XMLHttpRequest,u="addEventListener",d="removeEventListener";n.exports=a,"getPrototypeOf"in Object?(r(document),r(window),r(f.prototype)):f.prototype.hasOwnProperty(u)&&(o(window),o(f.prototype)),a.on(u+"-start",function(t,n){var e=t[1],r=c(e,"nr@wrapped",function(){function t(){if("function"==typeof e.handleEvent)return e.handleEvent.apply(e,arguments)}var n={object:t,"function":e}[typeof e];return n?s(n,"fn-",null,n.name||"anonymous"):e});this.wrapped=t[1]=r}),a.on(d+"-start",function(t){t[1]=this.wrapped||t[1]})},{}],6:[function(t,n,e){var r=t("ee").get("history"),o=t(18)(r);n.exports=r,o.inPlace(window.history,["pushState","replaceState"],"-")},{}],7:[function(t,n,e){var r=t("ee").get("raf"),o=t(18)(r),i="equestAnimationFrame";n.exports=r,o.inPlace(window,["r"+i,"mozR"+i,"webkitR"+i,"msR"+i],"raf-"),r.on("raf-start",function(t){t[0]=o(t[0],"fn-")})},{}],8:[function(t,n,e){function r(t,n,e){t[0]=a(t[0],"fn-",null,e)}function o(t,n,e){this.method=e,this.timerDuration="number"==typeof t[1]?t[1]:0,t[0]=a(t[0],"fn-",this,e)}var i=t("ee").get("timer"),a=t(18)(i),s="setTimeout",c="setInterval",f="clearTimeout",u="-start",d="-";n.exports=i,a.inPlace(window,[s,"setImmediate"],s+d),a.inPlace(window,[c],c+d),a.inPlace(window,[f,"clearImmediate"],f+d),i.on(c+u,r),i.on(s+u,o)},{}],9:[function(t,n,e){function r(t,n){d.inPlace(n,["onreadystatechange"],"fn-",s)}function o(){var t=this,n=u.context(t);t.readyState>3&&!n.resolved&&(n.resolved=!0,u.emit("xhr-resolved",[],t)),d.inPlace(t,w,"fn-",s)}function i(t){v.push(t),h&&(g=-g,b.data=g)}function a(){for(var t=0;t<v.length;t++)r([],v[t]);v.length&&(v=[])}function s(t,n){return n}function c(t,n){for(var e in t)n[e]=t[e];return n}t(5);var f=t("ee"),u=f.get("xhr"),d=t(18)(u),l=NREUM.o,p=l.XHR,h=l.MO,m="readystatechange",w=["onload","onerror","onabort","onloadstart","onloadend","onprogress","ontimeout"],v=[];n.exports=u;var y=window.XMLHttpRequest=function(t){var n=new p(t);try{u.emit("new-xhr",[n],n),n.addEventListener(m,o,!1)}catch(e){try{u.emit("internal-error",[e])}catch(r){}}return n};if(c(p,y),y.prototype=p.prototype,d.inPlace(y.prototype,["open","send"],"-xhr-",s),u.on("send-xhr-start",function(t,n){r(t,n),i(n)}),u.on("open-xhr-start",r),h){var g=1,b=document.createTextNode(g);new h(a).observe(b,{characterData:!0})}else f.on("fn-end",function(t){t[0]&&t[0].type===m||a()})},{}],10:[function(t,n,e){function r(t){var n=this.params,e=this.metrics;if(!this.ended){this.ended=!0;for(var r=0;r<d;r++)t.removeEventListener(u[r],this.listener,!1);if(!n.aborted){if(e.duration=a.now()-this.startTime,4===t.readyState){n.status=t.status;var i=o(t,this.lastSize);if(i&&(e.rxSize=i),this.sameOrigin){var c=t.getResponseHeader("X-NewRelic-App-Data");c&&(n.cat=c.split(", ").pop())}}else n.status=0;e.cbTime=this.cbTime,f.emit("xhr-done",[t],t),s("xhr",[n,e,this.startTime])}}}function o(t,n){var e=t.responseType;if("json"===e&&null!==n)return n;var r="arraybuffer"===e||"blob"===e||"json"===e?t.response:t.responseText;return h(r)}function i(t,n){var e=c(n),r=t.params;r.host=e.hostname+":"+e.port,r.pathname=e.pathname,t.sameOrigin=e.sameOrigin}var a=t("loader");if(a.xhrWrappable){var s=t("handle"),c=t(11),f=t("ee"),u=["load","error","abort","timeout"],d=u.length,l=t("id"),p=t(14),h=t(13),m=window.XMLHttpRequest;a.features.xhr=!0,t(9),f.on("new-xhr",function(t){var n=this;n.totalCbs=0,n.called=0,n.cbTime=0,n.end=r,n.ended=!1,n.xhrGuids={},n.lastSize=null,p&&(p>34||p<10)||window.opera||t.addEventListener("progress",function(t){n.lastSize=t.loaded},!1)}),f.on("open-xhr-start",function(t){this.params={method:t[0]},i(this,t[1]),this.metrics={}}),f.on("open-xhr-end",function(t,n){"loader_config"in NREUM&&"xpid"in NREUM.loader_config&&this.sameOrigin&&n.setRequestHeader("X-NewRelic-ID",NREUM.loader_config.xpid)}),f.on("send-xhr-start",function(t,n){var e=this.metrics,r=t[0],o=this;if(e&&r){var i=h(r);i&&(e.txSize=i)}this.startTime=a.now(),this.listener=function(t){try{"abort"===t.type&&(o.params.aborted=!0),("load"!==t.type||o.called===o.totalCbs&&(o.onloadCalled||"function"!=typeof n.onload))&&o.end(n)}catch(e){try{f.emit("internal-error",[e])}catch(r){}}};for(var s=0;s<d;s++)n.addEventListener(u[s],this.listener,!1)}),f.on("xhr-cb-time",function(t,n,e){this.cbTime+=t,n?this.onloadCalled=!0:this.called+=1,this.called!==this.totalCbs||!this.onloadCalled&&"function"==typeof e.onload||this.end(e)}),f.on("xhr-load-added",function(t,n){var e=""+l(t)+!!n;this.xhrGuids&&!this.xhrGuids[e]&&(this.xhrGuids[e]=!0,this.totalCbs+=1)}),f.on("xhr-load-removed",function(t,n){var e=""+l(t)+!!n;this.xhrGuids&&this.xhrGuids[e]&&(delete this.xhrGuids[e],this.totalCbs-=1)}),f.on("addEventListener-end",function(t,n){n instanceof m&&"load"===t[0]&&f.emit("xhr-load-added",[t[1],t[2]],n)}),f.on("removeEventListener-end",function(t,n){n instanceof m&&"load"===t[0]&&f.emit("xhr-load-removed",[t[1],t[2]],n)}),f.on("fn-start",function(t,n,e){n instanceof m&&("onload"===e&&(this.onload=!0),("load"===(t[0]&&t[0].type)||this.onload)&&(this.xhrCbStart=a.now()))}),f.on("fn-end",function(t,n){this.xhrCbStart&&f.emit("xhr-cb-time",[a.now()-this.xhrCbStart,this.onload,n],n)})}},{}],11:[function(t,n,e){n.exports=function(t){var n=document.createElement("a"),e=window.location,r={};n.href=t,r.port=n.port;var o=n.href.split("://");!r.port&&o[1]&&(r.port=o[1].split("/")[0].split("@").pop().split(":")[1]),r.port&&"0"!==r.port||(r.port="https"===o[0]?"443":"80"),r.hostname=n.hostname||e.hostname,r.pathname=n.pathname,r.protocol=o[0],"/"!==r.pathname.charAt(0)&&(r.pathname="/"+r.pathname);var i=!n.protocol||":"===n.protocol||n.protocol===e.protocol,a=n.hostname===document.domain&&n.port===e.port;return r.sameOrigin=i&&(!n.hostname||a),r}},{}],12:[function(t,n,e){function r(){}function o(t,n,e){return function(){return i(t,[f.now()].concat(s(arguments)),n?null:this,e),n?void 0:this}}var i=t("handle"),a=t(15),s=t(16),c=t("ee").get("tracer"),f=t("loader"),u=NREUM;"undefined"==typeof window.newrelic&&(newrelic=u);var d=["setPageViewName","setCustomAttribute","setErrorHandler","finished","addToTrace","inlineHit","addRelease"],l="api-",p=l+"ixn-";a(d,function(t,n){u[n]=o(l+n,!0,"api")}),u.addPageAction=o(l+"addPageAction",!0),u.setCurrentRouteName=o(l+"routeName",!0),n.exports=newrelic,u.interaction=function(){return(new r).get()};var h=r.prototype={createTracer:function(t,n){var e={},r=this,o="function"==typeof n;return i(p+"tracer",[f.now(),t,e],r),function(){if(c.emit((o?"":"no-")+"fn-start",[f.now(),r,o],e),o)try{return n.apply(this,arguments)}finally{c.emit("fn-end",[f.now()],e)}}}};a("setName,setAttribute,save,ignore,onEnd,getContext,end,get".split(","),function(t,n){h[n]=o(p+n)}),newrelic.noticeError=function(t){"string"==typeof t&&(t=new Error(t)),i("err",[t,f.now()])}},{}],13:[function(t,n,e){n.exports=function(t){if("string"==typeof t&&t.length)return t.length;if("object"==typeof t){if("undefined"!=typeof ArrayBuffer&&t instanceof ArrayBuffer&&t.byteLength)return t.byteLength;if("undefined"!=typeof Blob&&t instanceof Blob&&t.size)return t.size;if(!("undefined"!=typeof FormData&&t instanceof FormData))try{return JSON.stringify(t).length}catch(n){return}}}},{}],14:[function(t,n,e){var r=0,o=navigator.userAgent.match(/Firefox[\/\s](\d+\.\d+)/);o&&(r=+o[1]),n.exports=r},{}],15:[function(t,n,e){function r(t,n){var e=[],r="",i=0;for(r in t)o.call(t,r)&&(e[i]=n(r,t[r]),i+=1);return e}var o=Object.prototype.hasOwnProperty;n.exports=r},{}],16:[function(t,n,e){function r(t,n,e){n||(n=0),"undefined"==typeof e&&(e=t?t.length:0);for(var r=-1,o=e-n||0,i=Array(o<0?0:o);++r<o;)i[r]=t[n+r];return i}n.exports=r},{}],17:[function(t,n,e){n.exports={exists:"undefined"!=typeof window.performance&&window.performance.timing&&"undefined"!=typeof window.performance.timing.navigationStart}},{}],18:[function(t,n,e){function r(t){return!(t&&t instanceof Function&&t.apply&&!t[a])}var o=t("ee"),i=t(16),a="nr@original",s=Object.prototype.hasOwnProperty,c=!1;n.exports=function(t,n){function e(t,n,e,o){function nrWrapper(){var r,a,s,c;try{a=this,r=i(arguments),s="function"==typeof e?e(r,a):e||{}}catch(f){l([f,"",[r,a,o],s])}u(n+"start",[r,a,o],s);try{return c=t.apply(a,r)}catch(d){throw u(n+"err",[r,a,d],s),d}finally{u(n+"end",[r,a,c],s)}}return r(t)?t:(n||(n=""),nrWrapper[a]=t,d(t,nrWrapper),nrWrapper)}function f(t,n,o,i){o||(o="");var a,s,c,f="-"===o.charAt(0);for(c=0;c<n.length;c++)s=n[c],a=t[s],r(a)||(t[s]=e(a,f?s+o:o,i,s))}function u(e,r,o){if(!c||n){var i=c;c=!0;try{t.emit(e,r,o,n)}catch(a){l([a,e,r,o])}c=i}}function d(t,n){if(Object.defineProperty&&Object.keys)try{var e=Object.keys(t);return e.forEach(function(e){Object.defineProperty(n,e,{get:function(){return t[e]},set:function(n){return t[e]=n,n}})}),n}catch(r){l([r])}for(var o in t)s.call(t,o)&&(n[o]=t[o]);return n}function l(n){try{t.emit("internal-error",n)}catch(e){}}return t||(t=o),e.inPlace=f,e.flag=a,e}},{}],ee:[function(t,n,e){function r(){}function o(t){function n(t){return t&&t instanceof r?t:t?c(t,s,i):i()}function e(e,r,o,i){if(!l.aborted||i){t&&t(e,r,o);for(var a=n(o),s=h(e),c=s.length,f=0;f<c;f++)s[f].apply(a,r);var d=u[y[e]];return d&&d.push([g,e,r,a]),a}}function p(t,n){v[t]=h(t).concat(n)}function h(t){return v[t]||[]}function m(t){return d[t]=d[t]||o(e)}function w(t,n){f(t,function(t,e){n=n||"feature",y[e]=n,n in u||(u[n]=[])})}var v={},y={},g={on:p,emit:e,get:m,listeners:h,context:n,buffer:w,abort:a,aborted:!1};return g}function i(){return new r}function a(){(u.api||u.feature)&&(l.aborted=!0,u=l.backlog={})}var s="nr@context",c=t("gos"),f=t(15),u={},d={},l=n.exports=o();l.backlog=u},{}],gos:[function(t,n,e){function r(t,n,e){if(o.call(t,n))return t[n];var r=e();if(Object.defineProperty&&Object.keys)try{return Object.defineProperty(t,n,{value:r,writable:!0,enumerable:!1}),r}catch(i){}return t[n]=r,r}var o=Object.prototype.hasOwnProperty;n.exports=r},{}],handle:[function(t,n,e){function r(t,n,e,r){o.buffer([t],r),o.emit(t,n,e)}var o=t("ee").get("handle");n.exports=r,r.ee=o},{}],id:[function(t,n,e){function r(t){var n=typeof t;return!t||"object"!==n&&"function"!==n?-1:t===window?0:a(t,i,function(){return o++})}var o=1,i="nr@id",a=t("gos");n.exports=r},{}],loader:[function(t,n,e){function r(){if(!x++){var t=b.info=NREUM.info,n=l.getElementsByTagName("script")[0];if(setTimeout(u.abort,3e4),!(t&&t.licenseKey&&t.applicationID&&n))return u.abort();f(y,function(n,e){t[n]||(t[n]=e)}),c("mark",["onload",a()+b.offset],null,"api");var e=l.createElement("script");e.src="https://"+t.agent,n.parentNode.insertBefore(e,n)}}function o(){"complete"===l.readyState&&i()}function i(){c("mark",["domContent",a()+b.offset],null,"api")}function a(){return E.exists&&performance.now?Math.round(performance.now()):(s=Math.max((new Date).getTime(),s))-b.offset}var s=(new Date).getTime(),c=t("handle"),f=t(15),u=t("ee"),d=window,l=d.document,p="addEventListener",h="attachEvent",m=d.XMLHttpRequest,w=m&&m.prototype;NREUM.o={ST:setTimeout,CT:clearTimeout,XHR:m,REQ:d.Request,EV:d.Event,PR:d.Promise,MO:d.MutationObserver};var v=""+location,y={beacon:"bam.nr-data.net",errorBeacon:"bam.nr-data.net",agent:"js-agent.newrelic.com/nr-1026.min.js"},g=m&&w&&w[p]&&!/CriOS/.test(navigator.userAgent),b=n.exports={offset:s,now:a,origin:v,features:{},xhrWrappable:g};t(12),l[p]?(l[p]("DOMContentLoaded",i,!1),d[p]("load",r,!1)):(l[h]("onreadystatechange",o),d[h]("onload",r)),c("mark",["firstbyte",s],null,"api");var x=0,E=t(17)},{}]},{},["loader",2,10,4,3]);</script><script type="text/javascript">
      var appName = 'myUSCIS';
      var mainContentId = 'Content';
      var cancelButtonCaption = 'Cancel';
      var okButtonCaption = 'OK';
      var closeButtonCaption = 'Close';
      
      Object.size = function(obj) {
	    var size = 0, key;
	    for( key in obj ) {
	        if( obj.hasOwnProperty(key) ) size++;
	    }
	    return size;
	  };

	  var sessionTimeoutWarning = 'Your session will expire in 5 minutes. Click \'OK\' to extend your session.';
	  var sessionExtended = 'Your session has been extended.';
	  var sessionNotExtended = 'Your session will not be extended.';
      
  </script>
<link href="https://my.uscis.gov/assets/favicon-9429d1fce1555403bc766c9a06e15410.ico" rel="shortcut icon" type="image/x-icon"/>
<link href="/casestatus/style/bootstrap.css;jsessionid=9B64B610FA93CA3390D386C41DDB2E69" rel="stylesheet"/>
<link href="/casestatus/style/style.css;jsessionid=9B64B610FA93CA3390D386C41DDB2E69" rel="stylesheet"/>
<link href="/casestatus/style/csso.css;jsessionid=9B64B610FA93CA3390D386C41DDB2E69" rel="stylesheet"/>
<link href="/casestatus/style/datatable.css;jsessionid=9B64B610FA93CA3390D386C41DDB2E69" rel="stylesheet"/>
<link href="/casestatus/style/fuelux.css;jsessionid=9B64B610FA93CA3390D386C41DDB2E69" rel="stylesheet"/>
<link href="/casestatus/style/jquery/jquery-ui.min.css;jsessionid=9B64B610FA93CA3390D386C41DDB2E69" rel="stylesheet"/>
<script src="/casestatus/scripts/bootstrap/bootstrap.js;jsessionid=9B64B610FA93CA3390D386C41DDB2E69" type="text/javascript"></script>
<script src="/casestatus/scripts/jquery/jquery.min.js;jsessionid=9B64B610FA93CA3390D386C41DDB2E69" type="text/javascript"></script>
<script src="/casestatus/scripts/jquery/jquery-migrate.min.js;jsessionid=9B64B610FA93CA3390D386C41DDB2E69" type="text/javascript"></script>
<script src="/casestatus/scripts/jquery/jquery-ui.min.js;jsessionid=9B64B610FA93CA3390D386C41DDB2E69" type="text/javascript"></script>
<script src="/casestatus/scripts/fuelux.js;jsessionid=9B64B610FA93CA3390D386C41DDB2E69" type="text/javascript"></script>
<script type="text/javascript">
  	var $j= jQuery.noConflict();
  </script>
<script src="/casestatus/scripts/jquery/jquery.validate.min.js;jsessionid=9B64B610FA93CA3390D386C41DDB2E69" type="text/javascript"></script>
<script src="/casestatus/scripts/custom.js;jsessionid=9B64B610FA93CA3390D386C41DDB2E69" type="text/javascript"></script>
<script src="/casestatus/scripts/modernizr.js;jsessionid=9B64B610FA93CA3390D386C41DDB2E69" type="text/javascript"></script>
<script src="/casestatus/scripts/csso.js;jsessionid=9B64B610FA93CA3390D386C41DDB2E69" type="text/javascript"></script>
<script src="/casestatus/scripts/dialog.js;jsessionid=9B64B610FA93CA3390D386C41DDB2E69" type="text/javascript"></script>
<script src="/casestatus/scripts/yui/yahoo-min.js;jsessionid=9B64B610FA93CA3390D386C41DDB2E69" type="text/javascript"></script>
<script src="/casestatus/scripts/yui/event-min.js;jsessionid=9B64B610FA93CA3390D386C41DDB2E69" type="text/javascript"></script>
<script src="/casestatus/scripts/yui/dom-min.js;jsessionid=9B64B610FA93CA3390D386C41DDB2E69" type="text/javascript"></script>
<script src="/casestatus/scripts/yui/yahoo-dom-event.js;jsessionid=9B64B610FA93CA3390D386C41DDB2E69" type="text/javascript"></script>
<script src="/casestatus/scripts/yui/container_core-min.js;jsessionid=9B64B610FA93CA3390D386C41DDB2E69" type="text/javascript"></script>
<script src="/casestatus/scripts/yui/connection-min.js;jsessionid=9B64B610FA93CA3390D386C41DDB2E69" type="text/javascript"></script>
<!--  <script src="/casestatus/scripts/google-analytics/federated-analytics-DHS.js;jsessionid=9B64B610FA93CA3390D386C41DDB2E69" type="text/javascript"></script> -->
<!-- Adding Digital Analytics DAP -->
<script async="" id="_fed_an_ua_tag" src="https://dap.digitalgov.gov/Universal-Federated-Analytics-Min.js?agency=DHS" type="text/javascript"></script>
</head>
<body>
<script type="text/javascript">

	var receiptPrefixMap = new Object;
	
	   receiptPrefixMap['ABQ'] = 'ABQ';
	
	   receiptPrefixMap['AGA'] = 'AGA';
	
	   receiptPrefixMap['ALB'] = 'ALB';
	
	   receiptPrefixMap['ANC'] = 'ANC';
	
	   receiptPrefixMap['ATL'] = 'ATL';
	
	   receiptPrefixMap['BAL'] = 'BAL';
	
	   receiptPrefixMap['BOI'] = 'BOI';
	
	   receiptPrefixMap['BOS'] = 'BOS';
	
	   receiptPrefixMap['BUF'] = 'BUF';
	
	   receiptPrefixMap['CHA'] = 'CHA';
	
	   receiptPrefixMap['CHI'] = 'CHI';
	
	   receiptPrefixMap['CHL'] = 'CHL';
	
	   receiptPrefixMap['CHR'] = 'CHR';
	
	   receiptPrefixMap['CIN'] = 'CIN';
	
	   receiptPrefixMap['CLE'] = 'CLE';
	
	   receiptPrefixMap['CLM'] = 'CLM';
	
	   receiptPrefixMap['CLT'] = 'CLT';
	
	   receiptPrefixMap['CSC'] = 'CSC';
	
	   receiptPrefixMap['DAL'] = 'DAL';
	
	   receiptPrefixMap['DEN'] = 'DEN';
	
	   receiptPrefixMap['DET'] = 'DET';
	
	   receiptPrefixMap['DSM'] = 'DSM';
	
	   receiptPrefixMap['EAC'] = 'EAC';
	
	   receiptPrefixMap['ELP'] = 'ELP';
	
	   receiptPrefixMap['FRE'] = 'FRE';
	
	   receiptPrefixMap['FSA'] = 'FSA';
	
	   receiptPrefixMap['GRR'] = 'GRR';
	
	   receiptPrefixMap['HAR'] = 'HAR';
	
	   receiptPrefixMap['HEL'] = 'HEL';
	
	   receiptPrefixMap['HHW'] = 'HHW';
	
	   receiptPrefixMap['HIA'] = 'HIA';
	
	   receiptPrefixMap['HLG'] = 'HLG';
	
	   receiptPrefixMap['HNT'] = 'HNT';
	
	   receiptPrefixMap['HOU'] = 'HOU';
	
	   receiptPrefixMap['IMP'] = 'IMP';
	
	   receiptPrefixMap['INP'] = 'INP';
	
	   receiptPrefixMap['IOE'] = 'IOE';
	
	   receiptPrefixMap['JAC'] = 'JAC';
	
	   receiptPrefixMap['JAK'] = 'JAK';
	
	   receiptPrefixMap['KAN'] = 'KAN';
	
	   receiptPrefixMap['KND'] = 'KND';
	
	   receiptPrefixMap['LAW'] = 'LAW';
	
	   receiptPrefixMap['LIN'] = 'LIN';
	
	   receiptPrefixMap['LNY'] = 'LNY';
	
	   receiptPrefixMap['LOS'] = 'LOS';
	
	   receiptPrefixMap['LOU'] = 'LOU';
	
	   receiptPrefixMap['LVG'] = 'LVG';
	
	   receiptPrefixMap['MAN'] = 'MAN';
	
	   receiptPrefixMap['MEM'] = 'MEM';
	
	   receiptPrefixMap['MIA'] = 'MIA';
	
	   receiptPrefixMap['MIL'] = 'MIL';
	
	   receiptPrefixMap['MSC'] = 'MSC';
	
	   receiptPrefixMap['MTL'] = 'MTL';
	
	   receiptPrefixMap['NBC'] = 'NBC';
	
	   receiptPrefixMap['NEW'] = 'NEW';
	
	   receiptPrefixMap['NOL'] = 'NOL';
	
	   receiptPrefixMap['NOR'] = 'NOR';
	
	   receiptPrefixMap['NSC'] = 'NSC';
	
	   receiptPrefixMap['NYC'] = 'NYC';
	
	   receiptPrefixMap['OAK'] = 'OAK';
	
	   receiptPrefixMap['OKC'] = 'OKC';
	
	   receiptPrefixMap['OKL'] = 'OKL';
	
	   receiptPrefixMap['OMA'] = 'OMA';
	
	   receiptPrefixMap['ORL'] = 'ORL';
	
	   receiptPrefixMap['PHI'] = 'PHI';
	
	   receiptPrefixMap['PHO'] = 'PHO';
	
	   receiptPrefixMap['PIT'] = 'PIT';
	
	   receiptPrefixMap['POM'] = 'POM';
	
	   receiptPrefixMap['POO'] = 'POO';
	
	   receiptPrefixMap['PRO'] = 'PRO';
	
	   receiptPrefixMap['QNS'] = 'QNS';
	
	   receiptPrefixMap['RAL'] = 'RAL';
	
	   receiptPrefixMap['REN'] = 'REN';
	
	   receiptPrefixMap['SAA'] = 'SAA';
	
	   receiptPrefixMap['SAC'] = 'SAC';
	
	   receiptPrefixMap['SAJ'] = 'SAJ';
	
	   receiptPrefixMap['SBD'] = 'SBD';
	
	   receiptPrefixMap['SEA'] = 'SEA';
	
	   receiptPrefixMap['SFR'] = 'SFR';
	
	   receiptPrefixMap['SFV'] = 'SFV';
	
	   receiptPrefixMap['SLC'] = 'SLC';
	
	   receiptPrefixMap['SNA'] = 'SNA';
	
	   receiptPrefixMap['SND'] = 'SND';
	
	   receiptPrefixMap['SNJ'] = 'SNJ';
	
	   receiptPrefixMap['SPM'] = 'SPM';
	
	   receiptPrefixMap['SPO'] = 'SPO';
	
	   receiptPrefixMap['SRC'] = 'SRC';
	
	   receiptPrefixMap['STA'] = 'STA';
	
	   receiptPrefixMap['STL'] = 'STL';
	
	   receiptPrefixMap['TAM'] = 'TAM';
	
	   receiptPrefixMap['TSC'] = 'TSC';
	
	   receiptPrefixMap['TUC'] = 'TUC';
	
	   receiptPrefixMap['VSC'] = 'VSC';
	
	   receiptPrefixMap['WAC'] = 'WAC';
	
	   receiptPrefixMap['WAS'] = 'WAS';
	
	   receiptPrefixMap['WIC'] = 'WIC';
	
	   receiptPrefixMap['WPB'] = 'WPB';
	
	   receiptPrefixMap['YAK'] = 'YAK';
	
	   receiptPrefixMap['YSC'] = 'YSC';
	
	   receiptPrefixMap['ZAR'] = 'ZAR';
	
	   receiptPrefixMap['ZCH'] = 'ZCH';
	
	   receiptPrefixMap['ZHN'] = 'ZHN';
	
	   receiptPrefixMap['ZLA'] = 'ZLA';
	
	   receiptPrefixMap['ZMI'] = 'ZMI';
	
	   receiptPrefixMap['ZNK'] = 'ZNK';
	
	   receiptPrefixMap['ZNY'] = 'ZNY';
	
	   receiptPrefixMap['ZSF'] = 'ZSF';
	  
	
  var validationMessages = new Object;
  validationMessages['error.empty.receiptnumber'] = 
  'Please enter an application receipt number.';
   validationMessages['error.invalid.receiptnumber'] = 
   'The application receipt number entered is invalid. Please check your receipt number and try again.';
  validationMessages['error.popup.introduction'] = 
   'You have the following errors:';
  validationMessages['error.empty.username'] = 
   'User name is required';	
  validationMessages['error.empty.password'] = 
   'Password is required';   		
   
   validationMessages['error.empty.firstname'] = 
   'First name is required';
   validationMessages['error.empty.lastname'] = 
    'Last name is required';
   validationMessages['error.empty.country'] = 
    'Country/Region is required';
   validationMessages['error.empty.city'] = 
    'City is required';	
   validationMessages['error.empty.postalcode'] = 
    'Postal code is required';   	
   validationMessages['error.empty.email'] = 
	'Email address is required';
   validationMessages['error.empty.passwordconfirmation'] = 
	'Password confirmation is required';
   validationMessages['error.empty.state'] = 
	'State is required for United States of America';
   validationMessages['error.empty.passwordhintquestion1'] = 
	'Password hint question 1 is required';	
   validationMessages['error.empty.passwordhintanswer1'] = 
	'Password hint answer 1 is required'; 
   validationMessages['error.empty.passwordhintquestion2'] = 
	'Password hint question 2 is required';	
   validationMessages['error.empty.passwordhintanswer2'] = 
	'Password hint answer 2 is required'; 	
   validationMessages['error.empty.passwordhintquestion3'] = 
	'Password hint question 3 is required';	
   validationMessages['error.empty.passwordhintanswer3'] = 
	'Password hint answer 3 is required'; 
   validationMessages['error.empty.passwordhintquestion4'] = 
	'Password hint question 4 is required';	
   validationMessages['error.empty.passwordhintanswer4'] = 
	'Password hint answer 4 is required'; 		
   validationMessages['error.invalid.email'] = 
	'Enter a valid email address'; 
   validationMessages['error.invalid.mobilePhone'] = 
	'Mobile phone must be ten digits. Hyphens are optional (###-###-####).'; 	
   validationMessages['error.empty.userSubType'] = 
    'User type is required';		  
   validationMessages['error.invalid.postalCode'] = 
    'US postal code must be either five digits or nine digits with a hyphen ((#####-####)';	      
   validationMessages['error.invalid.userNameLength'] = 
    'User Name must be between 8 and 14 characters';
   validationMessages['error.invalid.passwordDollarSign'] = 
    'Password cannot contain the dollar sign';        
   validationMessages['error.invalid.passwordUpperCase'] = 
    'Password must contain at least one upper case character'; 
   validationMessages['error.invalid.passwordLowerCase'] = 
    'Password must contain at least one lower case character';     
   validationMessages['error.invalid.passwordUserName'] = 
    'Password cannot contain your user name';
   validationMessages['error.invalid.passwordNumber'] = 
    'Password must contain at least one number';          
   validationMessages['error.invalid.passwordPassword'] = 
    'Password cannot contain the word "password"';        
   validationMessages['error.invalid.passwordConsecutiveChars'] = 
    'Password cannot contain more than two consecutive identical characters';          
   validationMessages['error.empty.organizationName'] = 
    'Organization name is required'; 
   validationMessages['error.empty.organizationType'] = 
    'Organization type is required';        
   validationMessages['error.invalid.passwordConfirmationMatch'] = 
    'Password confirmation must match the password';   
   validationMessages['error.empty.passwordhintanswer'] = 
     'Password hint answer is required';    
   validationMessages['error.invalid.passwordLength'] = 
     'Password must be between 8 and 14 characters';         
   validationMessages['error.invalid.userNameDollarSign'] = 
     'User name cannot contain the dollar sign';        

</script>
<a class="skipNav" href="#Content" id="skipper">Skip to Content</a>
<!-- header section -->
<div class="header">
<div class="top-bar">
<div class="container">
<div class="left-side">
<span class="pull-left"><img alt="United States Flag" src="/casestatus/images/us_flag.png" title="United States Flag"/></span>
<span class="pull-left">Official Website of the Department of Homeland Security</span>
</div>
<div class="pull-right">
<script type="text/javascript">var changeLangTo = "es";</script>
<a class="right-side" href="javascript:void(0)" id="changeLocaleAnchor" lang="es-US" title="Cambiar idioma a español">Español</a>
</div>
<div class="mid-logo">
<a class="mid-logo-visual" href="http://www.uscis.gov" target="_blank" title="U.S. Department of Homeland Security seal, U.S. Citizenship and Immigration Services logo">
<img alt="U.S. Department of Homeland Security seal, U.S. Citizenship and Immigration Services logo" src="/casestatus/images/uscis_logo.png"/>
</a>
</div>
</div>
</div>
<div class="bottom-sec">
<div class="container">
<ul class="top-link">
<li>
<a href="/casestatus/displayLogon.do;jsessionid=9B64B610FA93CA3390D386C41DDB2E69" title="Login">Login</a>
	       
	       
	       
	       
	       
	       
	        
	         <span>or</span>
</li>
<li>
<a href="disclaimer.do" title="Sign up">Sign up</a>
</li>
</ul>
<ul class="top-link-right">
<li>
</li>
</ul>
</div>
</div>
<div class="menu-bar">
<div class="container2">
<div class="navbar navbar-default show-print">
<div class="navbar-header">
<div class="container">
<a alt="Toggle Navigation" class="navbar-toggle" data-target=".navbar-collapse" data-toggle="collapse" href="javascript:void(0)" tabindex="-1" title="Toggle Navigation">
<img alt="select to open menu" class=".icon-bar" id="menuIcon" src="images/menu_closed.png" tabindex="0"/>
</a>
</div>
</div>
<div class="container">
<div class="navbar-collapse collapse show-print">
<ul class="navbar-nav nav left">
<li> <a href="http://www.uscis.gov/forms" target="_blank">FORMS</a>
</li>
<li> <a href="http://www.uscis.gov/news" target="_blank">NEWS</a>
</li>
<li> <a href="http://www.uscis.gov/us-citizenship" target="_blank">CITIZENSHIP</a>
</li>
</ul>
<ul class="navbar-nav nav right">
<li> <a href="http://www.uscis.gov/greencard" target="_blank">GREEN CARD</a>
</li>
<li> <a href="http://www.uscis.gov/tools" target="_blank">TOOLS</a>
</li>
<li> <a href="http://www.uscis.gov/laws" target="_blank">LAWS</a>
</li>
</ul>
</div>
</div>
</div>
</div>
</div>
</div>
<!-- content section -->
<div class="main-content-sec pb40">
<span id="Content"> </span>
<div class="big-banner02 mb70">
<div class="main-row">
<div class="container">
<div class="login-panel-sec">
<div class="form-sec">
<div class="text-center"><img alt="My Logo" src="images/my_uscis_logo02.png"/></div>
<div class="form-horizontal">
<div class="form-group mt30">
<div class="col-sm-12 text-left">
<label for="accessviolation">
		                			It was reported to us that your IP address or internet gateway has been locked out for a select period of time.  This is due to an unusually high rate of use.  In order to avoid this issue, please create a Customer account (single applicant) or a Representative account (representing many individuals).
		                		</label>
</div>
</div>
</div>
</div>
</div>
</div>
</div>
</div>
</div>
<!-- footer section -->
<div class="footer-container">
<div class="container">
<div class="footer-logo">
<a class="footer-logo-visual" href="http://www.uscis.gov" target="_blank" title="U.S. Department of Homeland Security seal, U.S. Citizenship and Immigration Services logo">
<img alt="U.S. Department of Homeland Security seal, U.S. Citizenship and Immigration Services logo" src="/casestatus/images/footer_logo.png"/>
</a>
</div>
<div class="social_icon">
<ul>
<li>
<a href="https://www.facebook.com/uscis" target="_blank" title="USCIS on Facebook">
<img alt="USCIS on Facebook" src="images/facebook_icon.png"/>
</a>
</li>
<li>
<a href="https://www.twitter.com/uscis" target="_blank" title="USCIS on Twitter">
<img alt="USCIS on Twitter" src="images/twitter_icon.png"/>
</a>
</li>
<li>
<a href="https://www.instagram.com/uscis/?hl=en" target="_blank" title="USCIS on Instagram">
<img alt="USCIS on Instagram" src="images/instagram_icon.png"/>
</a>
</li>
<li>
<a href="https://www.youtube.com/uscis" target="_blank" title="USCIS on YouTube">
<img alt="USCIS on YouTube" src="images/youtube_icon.png"/>
</a>
</li>
<li>
<a href="http://www.uscis.gov/rss-landing" target="_blank" title="RSS Feeds">
<img alt="RSS Feeds" src="images/rss_icon.png"/>
</a>
</li>
</ul>
</div>
<div class="footer-nav">
<div class="footer-block">
<h4 class="heading">TOPICS</h4>
<ul class="show-print">
<li> <a href="http://www.uscis.gov/adoption" target="_blank">Adoption</a>
</li>
<li> <a href="http://www.uscis.gov/about-us/directorates-and-program-offices/administrative-appeals-office-aao/administrative-appeals-office-aao" target="_blank">Appeals</a>
</li>
<li> <a href="http://www.uscis.gov/avoid-scams" target="_blank">Avoid Scams</a>
</li>
<li> <a href="http://www.uscis.gov/us-citizenship" target="_blank">Citizenship</a>
</li>
<li> <a href="http://www.uscis.gov/citizenship" target="_blank">Citizenship Resource Center</a>
</li>
<li> <a href="http://www.uscis.gov/family" target="_blank">Family</a>
</li>
<li> <a href="http://www.uscis.gov/greencard" target="_blank">Green Card</a>
</li>
<li> <a href="http://www.uscis.gov/historyandgenealogy" target="_blank">History and Genealogy</a>
</li>
<li> <a href="http://www.uscis.gov/humanitarian" target="_blank">Humanitarian</a>
</li>
<li> <a href="http://www.uscis.gov/military" target="_blank">Military</a>
</li>
<li> <a href="http://www.uscis.gov/uscis-elis" target="_blank">File Online</a>
</li>
<li> <a href="http://www.uscis.gov/visit-united-states/visit-us" target="_blank">Visit the U.S.</a>
</li>
<li> <a href="http://www.uscis.gov/working-united-states/working-us" target="_blank">Working in the U.S.</a>
</li>
</ul>
</div>
<div class="footer-block">
<h4 class="heading">VERIFICATION</h4>
<ul class="show-print">
<li> <a href="http://www.uscis.gov/e-verify" target="_blank">E-Verify</a>
</li>
<li> <a href="http://www.uscis.gov/i-9-central" target="_blank">I-9 Central</a>
</li>
<li> <a href="http://www.uscis.gov/self-check" target="_blank">Self Check</a>
</li>
<li> <a href="http://www.uscis.gov/save" target="_blank">SAVE</a>
</li>
<li> <a href="https://www.uscis.gov/save/save-case-check" target="_blank">SAVE Case Check</a>
</li>
</ul>
</div>
<div class="footer-block">
<h4 class="heading">POLICIES</h4>
<ul class="show-print">
<li> <a href="http://www.uscis.gov/about-us/freedom-information-and-privacy-act-foia/uscis-freedom-information-act-and-privacy-act" target="_blank">USCIS Freedom of Information Act and Privacy Act</a>
</li>
<li> <a href="http://www.uscis.gov/website-policies/privacy-and-legal-disclaimers" target="_blank">Privacy and Legal Disclaimers</a>
</li>
<li> <a href="http://www.uscis.gov/no-fear-act/equal-employment-opportunity-data-posted-pursuant-no-fear-act" target="_blank">No FEAR Act</a>
</li>
<li> <a href="http://www.uscis.gov/website-policies" target="_blank">Website Policies</a>
</li>
<li> <a href="http://www.uscis.gov/accessibility" target="_blank">Accessibility</a>
</li>
<li> <a href="http://www.uscis.gov/social-media/social-media-policy" target="_blank">Social Media Policy</a>
</li>
<li> <a href="http://www.uscis.gov/website-policies/plug-ins" target="_blank">Plug-ins</a>
</li>
<li> <a href="http://www.adobe.com/reader" target="_blank">Adobe Reader</a>
</li>
</ul>
</div>
<div class="footer-block">
<h4 class="heading">GOVERNMENT</h4>
<ul class="show-print">
<li> <a href="http://travel.state.gov/passport/passport_1738.html" target="_blank">Passports</a>
</li>
<li> <a href="http://travel.state.gov/visa/bulletin/bulletin_1360.html" target="_blank">Visa Bulletin</a>
</li>
<li> <a href="http://www.dhs.gov" target="_blank">U.S. Department of Homeland Security</a>
</li>
<li> <a href="http://www.cbp.gov" target="_blank">U.S. Customs &amp; Border Protection</a>
</li>
<li> <a href="http://www.ice.gov" target="_blank">U.S. Immigration &amp; Customs Enforcement</a>
</li>
<li> <a href="http://www.whitehouse.gov" target="_blank">White House</a>
</li>
<li> <a href="http://www.state.gov" target="_blank">U.S. Department of State</a>
</li>
<li> <a href="http://www.usa.gov" target="_blank">USA.gov</a>
</li>
</ul>
</div>
</div>
<div class="main-row">
<div class="footer-logo-section clearfix">
<div class="footer-contant">
<p>
          National Customer Service Center
          <br/>
          1-800-375-5283
          <br/>
<br/>
          TDD for the Hearing Impaired
          <br/>
          1-800-767-1833
        </p>
</div>
</div>
</div>
</div>
</div>
<div id="popupDialogArea"></div>
<script type="text/javascript">window.NREUM||(NREUM={});NREUM.info={"applicationID":"41851475","applicationTime":26,"beacon":"bam.nr-data.net","queueTime":0,"licenseKey":"710a4cf17f","transactionName":"ZlEBbBQFCENRWkEMWF8bMEwUERJDcVpBDFhfGwRXEEoTQ1NQRktWQURNWxUXCR5RWkEMWF8aIFkVATVEUU1AFmRUVRFbDiUFRFlWWw==","agent":"","errorBeacon":"bam.nr-data.net"}</script></body>
</html>

Result has incorrect format: retry after 15 secs
Result has incorrect format: retry after 15 secs
Result has incorrect format: retry after 15 secs
Result has incorret format: possible IP ban, retry after 1.5 hr
Result has incorret format: possible IP ban, retry after 1.5 hr
Retried too many times, printing website content and exiting
<!DOCTYPE html PUBLIC "-//W3C//DTD XHTML 1.0 Transitional//EN" "http://www.w3.org/TR/xhtml1/DTD/xhtml1-transitional.dtd">
<html lang="en-US">
<head>
<meta content="text/html; charset=utf-8" http-equiv="Content-Type"/>
<meta content="IE=edge" http-equiv="X-UA-Compatible"/>
<meta content="width=device-width, initial-scale=1, maximum-scale=1, minimum-scale=1, user-scalable=no" name="viewport"/>
<meta content="View case status online using your receipt number, which can be found on notices that you may have received from USCIS. Also, sign up for myUSCIS to:
• Receive automatic case status updates by email or text message,
• View your case history and upcoming case activities,
• Check the status of multiple cases and inquiries that you may have submitted to USCIS" name="description"/>
<title>myUSCIS</title>
<script type="text/javascript">(window.NREUM||(NREUM={})).loader_config={xpid:"XQMDU1NSGwcBXFRTAwYC"};window.NREUM||(NREUM={}),__nr_require=function(t,n,e){function r(e){if(!n[e]){var o=n[e]={exports:{}};t[e][0].call(o.exports,function(n){var o=t[e][1][n];return r(o||n)},o,o.exports)}return n[e].exports}if("function"==typeof __nr_require)return __nr_require;for(var o=0;o<e.length;o++)r(e[o]);return r}({1:[function(t,n,e){function r(t){try{s.console&&console.log(t)}catch(n){}}var o,i=t("ee"),a=t(15),s={};try{o=localStorage.getItem("__nr_flags").split(","),console&&"function"==typeof console.log&&(s.console=!0,o.indexOf("dev")!==-1&&(s.dev=!0),o.indexOf("nr_dev")!==-1&&(s.nrDev=!0))}catch(c){}s.nrDev&&i.on("internal-error",function(t){r(t.stack)}),s.dev&&i.on("fn-err",function(t,n,e){r(e.stack)}),s.dev&&(r("NR AGENT IN DEVELOPMENT MODE"),r("flags: "+a(s,function(t,n){return t}).join(", ")))},{}],2:[function(t,n,e){function r(t,n,e,r,o){try{d?d-=1:i("err",[o||new UncaughtException(t,n,e)])}catch(s){try{i("ierr",[s,c.now(),!0])}catch(u){}}return"function"==typeof f&&f.apply(this,a(arguments))}function UncaughtException(t,n,e){this.message=t||"Uncaught error with no additional information",this.sourceURL=n,this.line=e}function o(t){i("err",[t,c.now()])}var i=t("handle"),a=t(16),s=t("ee"),c=t("loader"),f=window.onerror,u=!1,d=0;c.features.err=!0,t(1),window.onerror=r;try{throw new Error}catch(l){"stack"in l&&(t(8),t(7),"addEventListener"in window&&t(5),c.xhrWrappable&&t(9),u=!0)}s.on("fn-start",function(t,n,e){u&&(d+=1)}),s.on("fn-err",function(t,n,e){u&&(this.thrown=!0,o(e))}),s.on("fn-end",function(){u&&!this.thrown&&d>0&&(d-=1)}),s.on("internal-error",function(t){i("ierr",[t,c.now(),!0])})},{}],3:[function(t,n,e){t("loader").features.ins=!0},{}],4:[function(t,n,e){function r(t){}if(window.performance&&window.performance.timing&&window.performance.getEntriesByType){var o=t("ee"),i=t("handle"),a=t(8),s=t(7),c="learResourceTimings",f="addEventListener",u="resourcetimingbufferfull",d="bstResource",l="resource",p="-start",h="-end",m="fn"+p,w="fn"+h,v="bstTimer",y="pushState",g=t("loader");g.features.stn=!0,t(6);var b=NREUM.o.EV;o.on(m,function(t,n){var e=t[0];e instanceof b&&(this.bstStart=g.now())}),o.on(w,function(t,n){var e=t[0];e instanceof b&&i("bst",[e,n,this.bstStart,g.now()])}),a.on(m,function(t,n,e){this.bstStart=g.now(),this.bstType=e}),a.on(w,function(t,n){i(v,[n,this.bstStart,g.now(),this.bstType])}),s.on(m,function(){this.bstStart=g.now()}),s.on(w,function(t,n){i(v,[n,this.bstStart,g.now(),"requestAnimationFrame"])}),o.on(y+p,function(t){this.time=g.now(),this.startPath=location.pathname+location.hash}),o.on(y+h,function(t){i("bstHist",[location.pathname+location.hash,this.startPath,this.time])}),f in window.performance&&(window.performance["c"+c]?window.performance[f](u,function(t){i(d,[window.performance.getEntriesByType(l)]),window.performance["c"+c]()},!1):window.performance[f]("webkit"+u,function(t){i(d,[window.performance.getEntriesByType(l)]),window.performance["webkitC"+c]()},!1)),document[f]("scroll",r,{passive:!0}),document[f]("keypress",r,!1),document[f]("click",r,!1)}},{}],5:[function(t,n,e){function r(t){for(var n=t;n&&!n.hasOwnProperty(u);)n=Object.getPrototypeOf(n);n&&o(n)}function o(t){s.inPlace(t,[u,d],"-",i)}function i(t,n){return t[1]}var a=t("ee").get("events"),s=t(18)(a,!0),c=t("gos"),f=XMLHttpRequest,u="addEventListener",d="removeEventListener";n.exports=a,"getPrototypeOf"in Object?(r(document),r(window),r(f.prototype)):f.prototype.hasOwnProperty(u)&&(o(window),o(f.prototype)),a.on(u+"-start",function(t,n){var e=t[1],r=c(e,"nr@wrapped",function(){function t(){if("function"==typeof e.handleEvent)return e.handleEvent.apply(e,arguments)}var n={object:t,"function":e}[typeof e];return n?s(n,"fn-",null,n.name||"anonymous"):e});this.wrapped=t[1]=r}),a.on(d+"-start",function(t){t[1]=this.wrapped||t[1]})},{}],6:[function(t,n,e){var r=t("ee").get("history"),o=t(18)(r);n.exports=r,o.inPlace(window.history,["pushState","replaceState"],"-")},{}],7:[function(t,n,e){var r=t("ee").get("raf"),o=t(18)(r),i="equestAnimationFrame";n.exports=r,o.inPlace(window,["r"+i,"mozR"+i,"webkitR"+i,"msR"+i],"raf-"),r.on("raf-start",function(t){t[0]=o(t[0],"fn-")})},{}],8:[function(t,n,e){function r(t,n,e){t[0]=a(t[0],"fn-",null,e)}function o(t,n,e){this.method=e,this.timerDuration="number"==typeof t[1]?t[1]:0,t[0]=a(t[0],"fn-",this,e)}var i=t("ee").get("timer"),a=t(18)(i),s="setTimeout",c="setInterval",f="clearTimeout",u="-start",d="-";n.exports=i,a.inPlace(window,[s,"setImmediate"],s+d),a.inPlace(window,[c],c+d),a.inPlace(window,[f,"clearImmediate"],f+d),i.on(c+u,r),i.on(s+u,o)},{}],9:[function(t,n,e){function r(t,n){d.inPlace(n,["onreadystatechange"],"fn-",s)}function o(){var t=this,n=u.context(t);t.readyState>3&&!n.resolved&&(n.resolved=!0,u.emit("xhr-resolved",[],t)),d.inPlace(t,w,"fn-",s)}function i(t){v.push(t),h&&(g=-g,b.data=g)}function a(){for(var t=0;t<v.length;t++)r([],v[t]);v.length&&(v=[])}function s(t,n){return n}function c(t,n){for(var e in t)n[e]=t[e];return n}t(5);var f=t("ee"),u=f.get("xhr"),d=t(18)(u),l=NREUM.o,p=l.XHR,h=l.MO,m="readystatechange",w=["onload","onerror","onabort","onloadstart","onloadend","onprogress","ontimeout"],v=[];n.exports=u;var y=window.XMLHttpRequest=function(t){var n=new p(t);try{u.emit("new-xhr",[n],n),n.addEventListener(m,o,!1)}catch(e){try{u.emit("internal-error",[e])}catch(r){}}return n};if(c(p,y),y.prototype=p.prototype,d.inPlace(y.prototype,["open","send"],"-xhr-",s),u.on("send-xhr-start",function(t,n){r(t,n),i(n)}),u.on("open-xhr-start",r),h){var g=1,b=document.createTextNode(g);new h(a).observe(b,{characterData:!0})}else f.on("fn-end",function(t){t[0]&&t[0].type===m||a()})},{}],10:[function(t,n,e){function r(t){var n=this.params,e=this.metrics;if(!this.ended){this.ended=!0;for(var r=0;r<d;r++)t.removeEventListener(u[r],this.listener,!1);if(!n.aborted){if(e.duration=a.now()-this.startTime,4===t.readyState){n.status=t.status;var i=o(t,this.lastSize);if(i&&(e.rxSize=i),this.sameOrigin){var c=t.getResponseHeader("X-NewRelic-App-Data");c&&(n.cat=c.split(", ").pop())}}else n.status=0;e.cbTime=this.cbTime,f.emit("xhr-done",[t],t),s("xhr",[n,e,this.startTime])}}}function o(t,n){var e=t.responseType;if("json"===e&&null!==n)return n;var r="arraybuffer"===e||"blob"===e||"json"===e?t.response:t.responseText;return h(r)}function i(t,n){var e=c(n),r=t.params;r.host=e.hostname+":"+e.port,r.pathname=e.pathname,t.sameOrigin=e.sameOrigin}var a=t("loader");if(a.xhrWrappable){var s=t("handle"),c=t(11),f=t("ee"),u=["load","error","abort","timeout"],d=u.length,l=t("id"),p=t(14),h=t(13),m=window.XMLHttpRequest;a.features.xhr=!0,t(9),f.on("new-xhr",function(t){var n=this;n.totalCbs=0,n.called=0,n.cbTime=0,n.end=r,n.ended=!1,n.xhrGuids={},n.lastSize=null,p&&(p>34||p<10)||window.opera||t.addEventListener("progress",function(t){n.lastSize=t.loaded},!1)}),f.on("open-xhr-start",function(t){this.params={method:t[0]},i(this,t[1]),this.metrics={}}),f.on("open-xhr-end",function(t,n){"loader_config"in NREUM&&"xpid"in NREUM.loader_config&&this.sameOrigin&&n.setRequestHeader("X-NewRelic-ID",NREUM.loader_config.xpid)}),f.on("send-xhr-start",function(t,n){var e=this.metrics,r=t[0],o=this;if(e&&r){var i=h(r);i&&(e.txSize=i)}this.startTime=a.now(),this.listener=function(t){try{"abort"===t.type&&(o.params.aborted=!0),("load"!==t.type||o.called===o.totalCbs&&(o.onloadCalled||"function"!=typeof n.onload))&&o.end(n)}catch(e){try{f.emit("internal-error",[e])}catch(r){}}};for(var s=0;s<d;s++)n.addEventListener(u[s],this.listener,!1)}),f.on("xhr-cb-time",function(t,n,e){this.cbTime+=t,n?this.onloadCalled=!0:this.called+=1,this.called!==this.totalCbs||!this.onloadCalled&&"function"==typeof e.onload||this.end(e)}),f.on("xhr-load-added",function(t,n){var e=""+l(t)+!!n;this.xhrGuids&&!this.xhrGuids[e]&&(this.xhrGuids[e]=!0,this.totalCbs+=1)}),f.on("xhr-load-removed",function(t,n){var e=""+l(t)+!!n;this.xhrGuids&&this.xhrGuids[e]&&(delete this.xhrGuids[e],this.totalCbs-=1)}),f.on("addEventListener-end",function(t,n){n instanceof m&&"load"===t[0]&&f.emit("xhr-load-added",[t[1],t[2]],n)}),f.on("removeEventListener-end",function(t,n){n instanceof m&&"load"===t[0]&&f.emit("xhr-load-removed",[t[1],t[2]],n)}),f.on("fn-start",function(t,n,e){n instanceof m&&("onload"===e&&(this.onload=!0),("load"===(t[0]&&t[0].type)||this.onload)&&(this.xhrCbStart=a.now()))}),f.on("fn-end",function(t,n){this.xhrCbStart&&f.emit("xhr-cb-time",[a.now()-this.xhrCbStart,this.onload,n],n)})}},{}],11:[function(t,n,e){n.exports=function(t){var n=document.createElement("a"),e=window.location,r={};n.href=t,r.port=n.port;var o=n.href.split("://");!r.port&&o[1]&&(r.port=o[1].split("/")[0].split("@").pop().split(":")[1]),r.port&&"0"!==r.port||(r.port="https"===o[0]?"443":"80"),r.hostname=n.hostname||e.hostname,r.pathname=n.pathname,r.protocol=o[0],"/"!==r.pathname.charAt(0)&&(r.pathname="/"+r.pathname);var i=!n.protocol||":"===n.protocol||n.protocol===e.protocol,a=n.hostname===document.domain&&n.port===e.port;return r.sameOrigin=i&&(!n.hostname||a),r}},{}],12:[function(t,n,e){function r(){}function o(t,n,e){return function(){return i(t,[f.now()].concat(s(arguments)),n?null:this,e),n?void 0:this}}var i=t("handle"),a=t(15),s=t(16),c=t("ee").get("tracer"),f=t("loader"),u=NREUM;"undefined"==typeof window.newrelic&&(newrelic=u);var d=["setPageViewName","setCustomAttribute","setErrorHandler","finished","addToTrace","inlineHit","addRelease"],l="api-",p=l+"ixn-";a(d,function(t,n){u[n]=o(l+n,!0,"api")}),u.addPageAction=o(l+"addPageAction",!0),u.setCurrentRouteName=o(l+"routeName",!0),n.exports=newrelic,u.interaction=function(){return(new r).get()};var h=r.prototype={createTracer:function(t,n){var e={},r=this,o="function"==typeof n;return i(p+"tracer",[f.now(),t,e],r),function(){if(c.emit((o?"":"no-")+"fn-start",[f.now(),r,o],e),o)try{return n.apply(this,arguments)}finally{c.emit("fn-end",[f.now()],e)}}}};a("setName,setAttribute,save,ignore,onEnd,getContext,end,get".split(","),function(t,n){h[n]=o(p+n)}),newrelic.noticeError=function(t){"string"==typeof t&&(t=new Error(t)),i("err",[t,f.now()])}},{}],13:[function(t,n,e){n.exports=function(t){if("string"==typeof t&&t.length)return t.length;if("object"==typeof t){if("undefined"!=typeof ArrayBuffer&&t instanceof ArrayBuffer&&t.byteLength)return t.byteLength;if("undefined"!=typeof Blob&&t instanceof Blob&&t.size)return t.size;if(!("undefined"!=typeof FormData&&t instanceof FormData))try{return JSON.stringify(t).length}catch(n){return}}}},{}],14:[function(t,n,e){var r=0,o=navigator.userAgent.match(/Firefox[\/\s](\d+\.\d+)/);o&&(r=+o[1]),n.exports=r},{}],15:[function(t,n,e){function r(t,n){var e=[],r="",i=0;for(r in t)o.call(t,r)&&(e[i]=n(r,t[r]),i+=1);return e}var o=Object.prototype.hasOwnProperty;n.exports=r},{}],16:[function(t,n,e){function r(t,n,e){n||(n=0),"undefined"==typeof e&&(e=t?t.length:0);for(var r=-1,o=e-n||0,i=Array(o<0?0:o);++r<o;)i[r]=t[n+r];return i}n.exports=r},{}],17:[function(t,n,e){n.exports={exists:"undefined"!=typeof window.performance&&window.performance.timing&&"undefined"!=typeof window.performance.timing.navigationStart}},{}],18:[function(t,n,e){function r(t){return!(t&&t instanceof Function&&t.apply&&!t[a])}var o=t("ee"),i=t(16),a="nr@original",s=Object.prototype.hasOwnProperty,c=!1;n.exports=function(t,n){function e(t,n,e,o){function nrWrapper(){var r,a,s,c;try{a=this,r=i(arguments),s="function"==typeof e?e(r,a):e||{}}catch(f){l([f,"",[r,a,o],s])}u(n+"start",[r,a,o],s);try{return c=t.apply(a,r)}catch(d){throw u(n+"err",[r,a,d],s),d}finally{u(n+"end",[r,a,c],s)}}return r(t)?t:(n||(n=""),nrWrapper[a]=t,d(t,nrWrapper),nrWrapper)}function f(t,n,o,i){o||(o="");var a,s,c,f="-"===o.charAt(0);for(c=0;c<n.length;c++)s=n[c],a=t[s],r(a)||(t[s]=e(a,f?s+o:o,i,s))}function u(e,r,o){if(!c||n){var i=c;c=!0;try{t.emit(e,r,o,n)}catch(a){l([a,e,r,o])}c=i}}function d(t,n){if(Object.defineProperty&&Object.keys)try{var e=Object.keys(t);return e.forEach(function(e){Object.defineProperty(n,e,{get:function(){return t[e]},set:function(n){return t[e]=n,n}})}),n}catch(r){l([r])}for(var o in t)s.call(t,o)&&(n[o]=t[o]);return n}function l(n){try{t.emit("internal-error",n)}catch(e){}}return t||(t=o),e.inPlace=f,e.flag=a,e}},{}],ee:[function(t,n,e){function r(){}function o(t){function n(t){return t&&t instanceof r?t:t?c(t,s,i):i()}function e(e,r,o,i){if(!l.aborted||i){t&&t(e,r,o);for(var a=n(o),s=h(e),c=s.length,f=0;f<c;f++)s[f].apply(a,r);var d=u[y[e]];return d&&d.push([g,e,r,a]),a}}function p(t,n){v[t]=h(t).concat(n)}function h(t){return v[t]||[]}function m(t){return d[t]=d[t]||o(e)}function w(t,n){f(t,function(t,e){n=n||"feature",y[e]=n,n in u||(u[n]=[])})}var v={},y={},g={on:p,emit:e,get:m,listeners:h,context:n,buffer:w,abort:a,aborted:!1};return g}function i(){return new r}function a(){(u.api||u.feature)&&(l.aborted=!0,u=l.backlog={})}var s="nr@context",c=t("gos"),f=t(15),u={},d={},l=n.exports=o();l.backlog=u},{}],gos:[function(t,n,e){function r(t,n,e){if(o.call(t,n))return t[n];var r=e();if(Object.defineProperty&&Object.keys)try{return Object.defineProperty(t,n,{value:r,writable:!0,enumerable:!1}),r}catch(i){}return t[n]=r,r}var o=Object.prototype.hasOwnProperty;n.exports=r},{}],handle:[function(t,n,e){function r(t,n,e,r){o.buffer([t],r),o.emit(t,n,e)}var o=t("ee").get("handle");n.exports=r,r.ee=o},{}],id:[function(t,n,e){function r(t){var n=typeof t;return!t||"object"!==n&&"function"!==n?-1:t===window?0:a(t,i,function(){return o++})}var o=1,i="nr@id",a=t("gos");n.exports=r},{}],loader:[function(t,n,e){function r(){if(!x++){var t=b.info=NREUM.info,n=l.getElementsByTagName("script")[0];if(setTimeout(u.abort,3e4),!(t&&t.licenseKey&&t.applicationID&&n))return u.abort();f(y,function(n,e){t[n]||(t[n]=e)}),c("mark",["onload",a()+b.offset],null,"api");var e=l.createElement("script");e.src="https://"+t.agent,n.parentNode.insertBefore(e,n)}}function o(){"complete"===l.readyState&&i()}function i(){c("mark",["domContent",a()+b.offset],null,"api")}function a(){return E.exists&&performance.now?Math.round(performance.now()):(s=Math.max((new Date).getTime(),s))-b.offset}var s=(new Date).getTime(),c=t("handle"),f=t(15),u=t("ee"),d=window,l=d.document,p="addEventListener",h="attachEvent",m=d.XMLHttpRequest,w=m&&m.prototype;NREUM.o={ST:setTimeout,CT:clearTimeout,XHR:m,REQ:d.Request,EV:d.Event,PR:d.Promise,MO:d.MutationObserver};var v=""+location,y={beacon:"bam.nr-data.net",errorBeacon:"bam.nr-data.net",agent:"js-agent.newrelic.com/nr-1026.min.js"},g=m&&w&&w[p]&&!/CriOS/.test(navigator.userAgent),b=n.exports={offset:s,now:a,origin:v,features:{},xhrWrappable:g};t(12),l[p]?(l[p]("DOMContentLoaded",i,!1),d[p]("load",r,!1)):(l[h]("onreadystatechange",o),d[h]("onload",r)),c("mark",["firstbyte",s],null,"api");var x=0,E=t(17)},{}]},{},["loader",2,10,4,3]);</script><script type="text/javascript">
      var appName = 'myUSCIS';
      var mainContentId = 'Content';
      var cancelButtonCaption = 'Cancel';
      var okButtonCaption = 'OK';
      var closeButtonCaption = 'Close';
      
      Object.size = function(obj) {
	    var size = 0, key;
	    for( key in obj ) {
	        if( obj.hasOwnProperty(key) ) size++;
	    }
	    return size;
	  };

	  var sessionTimeoutWarning = 'Your session will expire in 5 minutes. Click \'OK\' to extend your session.';
	  var sessionExtended = 'Your session has been extended.';
	  var sessionNotExtended = 'Your session will not be extended.';
      
  </script>
<link href="https://my.uscis.gov/assets/favicon-9429d1fce1555403bc766c9a06e15410.ico" rel="shortcut icon" type="image/x-icon"/>
<link href="/casestatus/style/bootstrap.css;jsessionid=A466546282E1B7EBE850F2789BC0DA6D" rel="stylesheet"/>
<link href="/casestatus/style/style.css;jsessionid=A466546282E1B7EBE850F2789BC0DA6D" rel="stylesheet"/>
<link href="/casestatus/style/csso.css;jsessionid=A466546282E1B7EBE850F2789BC0DA6D" rel="stylesheet"/>
<link href="/casestatus/style/datatable.css;jsessionid=A466546282E1B7EBE850F2789BC0DA6D" rel="stylesheet"/>
<link href="/casestatus/style/fuelux.css;jsessionid=A466546282E1B7EBE850F2789BC0DA6D" rel="stylesheet"/>
<link href="/casestatus/style/jquery/jquery-ui.min.css;jsessionid=A466546282E1B7EBE850F2789BC0DA6D" rel="stylesheet"/>
<script src="/casestatus/scripts/bootstrap/bootstrap.js;jsessionid=A466546282E1B7EBE850F2789BC0DA6D" type="text/javascript"></script>
<script src="/casestatus/scripts/jquery/jquery.min.js;jsessionid=A466546282E1B7EBE850F2789BC0DA6D" type="text/javascript"></script>
<script src="/casestatus/scripts/jquery/jquery-migrate.min.js;jsessionid=A466546282E1B7EBE850F2789BC0DA6D" type="text/javascript"></script>
<script src="/casestatus/scripts/jquery/jquery-ui.min.js;jsessionid=A466546282E1B7EBE850F2789BC0DA6D" type="text/javascript"></script>
<script src="/casestatus/scripts/fuelux.js;jsessionid=A466546282E1B7EBE850F2789BC0DA6D" type="text/javascript"></script>
<script type="text/javascript">
  	var $j= jQuery.noConflict();
  </script>
<script src="/casestatus/scripts/jquery/jquery.validate.min.js;jsessionid=A466546282E1B7EBE850F2789BC0DA6D" type="text/javascript"></script>
<script src="/casestatus/scripts/custom.js;jsessionid=A466546282E1B7EBE850F2789BC0DA6D" type="text/javascript"></script>
<script src="/casestatus/scripts/modernizr.js;jsessionid=A466546282E1B7EBE850F2789BC0DA6D" type="text/javascript"></script>
<script src="/casestatus/scripts/csso.js;jsessionid=A466546282E1B7EBE850F2789BC0DA6D" type="text/javascript"></script>
<script src="/casestatus/scripts/dialog.js;jsessionid=A466546282E1B7EBE850F2789BC0DA6D" type="text/javascript"></script>
<script src="/casestatus/scripts/yui/yahoo-min.js;jsessionid=A466546282E1B7EBE850F2789BC0DA6D" type="text/javascript"></script>
<script src="/casestatus/scripts/yui/event-min.js;jsessionid=A466546282E1B7EBE850F2789BC0DA6D" type="text/javascript"></script>
<script src="/casestatus/scripts/yui/dom-min.js;jsessionid=A466546282E1B7EBE850F2789BC0DA6D" type="text/javascript"></script>
<script src="/casestatus/scripts/yui/yahoo-dom-event.js;jsessionid=A466546282E1B7EBE850F2789BC0DA6D" type="text/javascript"></script>
<script src="/casestatus/scripts/yui/container_core-min.js;jsessionid=A466546282E1B7EBE850F2789BC0DA6D" type="text/javascript"></script>
<script src="/casestatus/scripts/yui/connection-min.js;jsessionid=A466546282E1B7EBE850F2789BC0DA6D" type="text/javascript"></script>
<!--  <script src="/casestatus/scripts/google-analytics/federated-analytics-DHS.js;jsessionid=A466546282E1B7EBE850F2789BC0DA6D" type="text/javascript"></script> -->
<!-- Adding Digital Analytics DAP -->
<script async="" id="_fed_an_ua_tag" src="https://dap.digitalgov.gov/Universal-Federated-Analytics-Min.js?agency=DHS" type="text/javascript"></script>
</head>
<body>
<script type="text/javascript">

	var receiptPrefixMap = new Object;
	
	   receiptPrefixMap['ABQ'] = 'ABQ';
	
	   receiptPrefixMap['AGA'] = 'AGA';
	
	   receiptPrefixMap['ALB'] = 'ALB';
	
	   receiptPrefixMap['ANC'] = 'ANC';
	
	   receiptPrefixMap['ATL'] = 'ATL';
	
	   receiptPrefixMap['BAL'] = 'BAL';
	
	   receiptPrefixMap['BOI'] = 'BOI';
	
	   receiptPrefixMap['BOS'] = 'BOS';
	
	   receiptPrefixMap['BUF'] = 'BUF';
	
	   receiptPrefixMap['CHA'] = 'CHA';
	
	   receiptPrefixMap['CHI'] = 'CHI';
	
	   receiptPrefixMap['CHL'] = 'CHL';
	
	   receiptPrefixMap['CHR'] = 'CHR';
	
	   receiptPrefixMap['CIN'] = 'CIN';
	
	   receiptPrefixMap['CLE'] = 'CLE';
	
	   receiptPrefixMap['CLM'] = 'CLM';
	
	   receiptPrefixMap['CLT'] = 'CLT';
	
	   receiptPrefixMap['CSC'] = 'CSC';
	
	   receiptPrefixMap['DAL'] = 'DAL';
	
	   receiptPrefixMap['DEN'] = 'DEN';
	
	   receiptPrefixMap['DET'] = 'DET';
	
	   receiptPrefixMap['DSM'] = 'DSM';
	
	   receiptPrefixMap['EAC'] = 'EAC';
	
	   receiptPrefixMap['ELP'] = 'ELP';
	
	   receiptPrefixMap['FRE'] = 'FRE';
	
	   receiptPrefixMap['FSA'] = 'FSA';
	
	   receiptPrefixMap['GRR'] = 'GRR';
	
	   receiptPrefixMap['HAR'] = 'HAR';
	
	   receiptPrefixMap['HEL'] = 'HEL';
	
	   receiptPrefixMap['HHW'] = 'HHW';
	
	   receiptPrefixMap['HIA'] = 'HIA';
	
	   receiptPrefixMap['HLG'] = 'HLG';
	
	   receiptPrefixMap['HNT'] = 'HNT';
	
	   receiptPrefixMap['HOU'] = 'HOU';
	
	   receiptPrefixMap['IMP'] = 'IMP';
	
	   receiptPrefixMap['INP'] = 'INP';
	
	   receiptPrefixMap['IOE'] = 'IOE';
	
	   receiptPrefixMap['JAC'] = 'JAC';
	
	   receiptPrefixMap['JAK'] = 'JAK';
	
	   receiptPrefixMap['KAN'] = 'KAN';
	
	   receiptPrefixMap['KND'] = 'KND';
	
	   receiptPrefixMap['LAW'] = 'LAW';
	
	   receiptPrefixMap['LIN'] = 'LIN';
	
	   receiptPrefixMap['LNY'] = 'LNY';
	
	   receiptPrefixMap['LOS'] = 'LOS';
	
	   receiptPrefixMap['LOU'] = 'LOU';
	
	   receiptPrefixMap['LVG'] = 'LVG';
	
	   receiptPrefixMap['MAN'] = 'MAN';
	
	   receiptPrefixMap['MEM'] = 'MEM';
	
	   receiptPrefixMap['MIA'] = 'MIA';
	
	   receiptPrefixMap['MIL'] = 'MIL';
	
	   receiptPrefixMap['MSC'] = 'MSC';
	
	   receiptPrefixMap['MTL'] = 'MTL';
	
	   receiptPrefixMap['NBC'] = 'NBC';
	
	   receiptPrefixMap['NEW'] = 'NEW';
	
	   receiptPrefixMap['NOL'] = 'NOL';
	
	   receiptPrefixMap['NOR'] = 'NOR';
	
	   receiptPrefixMap['NSC'] = 'NSC';
	
	   receiptPrefixMap['NYC'] = 'NYC';
	
	   receiptPrefixMap['OAK'] = 'OAK';
	
	   receiptPrefixMap['OKC'] = 'OKC';
	
	   receiptPrefixMap['OKL'] = 'OKL';
	
	   receiptPrefixMap['OMA'] = 'OMA';
	
	   receiptPrefixMap['ORL'] = 'ORL';
	
	   receiptPrefixMap['PHI'] = 'PHI';
	
	   receiptPrefixMap['PHO'] = 'PHO';
	
	   receiptPrefixMap['PIT'] = 'PIT';
	
	   receiptPrefixMap['POM'] = 'POM';
	
	   receiptPrefixMap['POO'] = 'POO';
	
	   receiptPrefixMap['PRO'] = 'PRO';
	
	   receiptPrefixMap['QNS'] = 'QNS';
	
	   receiptPrefixMap['RAL'] = 'RAL';
	
	   receiptPrefixMap['REN'] = 'REN';
	
	   receiptPrefixMap['SAA'] = 'SAA';
	
	   receiptPrefixMap['SAC'] = 'SAC';
	
	   receiptPrefixMap['SAJ'] = 'SAJ';
	
	   receiptPrefixMap['SBD'] = 'SBD';
	
	   receiptPrefixMap['SEA'] = 'SEA';
	
	   receiptPrefixMap['SFR'] = 'SFR';
	
	   receiptPrefixMap['SFV'] = 'SFV';
	
	   receiptPrefixMap['SLC'] = 'SLC';
	
	   receiptPrefixMap['SNA'] = 'SNA';
	
	   receiptPrefixMap['SND'] = 'SND';
	
	   receiptPrefixMap['SNJ'] = 'SNJ';
	
	   receiptPrefixMap['SPM'] = 'SPM';
	
	   receiptPrefixMap['SPO'] = 'SPO';
	
	   receiptPrefixMap['SRC'] = 'SRC';
	
	   receiptPrefixMap['STA'] = 'STA';
	
	   receiptPrefixMap['STL'] = 'STL';
	
	   receiptPrefixMap['TAM'] = 'TAM';
	
	   receiptPrefixMap['TSC'] = 'TSC';
	
	   receiptPrefixMap['TUC'] = 'TUC';
	
	   receiptPrefixMap['VSC'] = 'VSC';
	
	   receiptPrefixMap['WAC'] = 'WAC';
	
	   receiptPrefixMap['WAS'] = 'WAS';
	
	   receiptPrefixMap['WIC'] = 'WIC';
	
	   receiptPrefixMap['WPB'] = 'WPB';
	
	   receiptPrefixMap['YAK'] = 'YAK';
	
	   receiptPrefixMap['YSC'] = 'YSC';
	
	   receiptPrefixMap['ZAR'] = 'ZAR';
	
	   receiptPrefixMap['ZCH'] = 'ZCH';
	
	   receiptPrefixMap['ZHN'] = 'ZHN';
	
	   receiptPrefixMap['ZLA'] = 'ZLA';
	
	   receiptPrefixMap['ZMI'] = 'ZMI';
	
	   receiptPrefixMap['ZNK'] = 'ZNK';
	
	   receiptPrefixMap['ZNY'] = 'ZNY';
	
	   receiptPrefixMap['ZSF'] = 'ZSF';
	  
	
  var validationMessages = new Object;
  validationMessages['error.empty.receiptnumber'] = 
  'Please enter an application receipt number.';
   validationMessages['error.invalid.receiptnumber'] = 
   'The application receipt number entered is invalid. Please check your receipt number and try again.';
  validationMessages['error.popup.introduction'] = 
   'You have the following errors:';
  validationMessages['error.empty.username'] = 
   'User name is required';	
  validationMessages['error.empty.password'] = 
   'Password is required';   		
   
   validationMessages['error.empty.firstname'] = 
   'First name is required';
   validationMessages['error.empty.lastname'] = 
    'Last name is required';
   validationMessages['error.empty.country'] = 
    'Country/Region is required';
   validationMessages['error.empty.city'] = 
    'City is required';	
   validationMessages['error.empty.postalcode'] = 
    'Postal code is required';   	
   validationMessages['error.empty.email'] = 
	'Email address is required';
   validationMessages['error.empty.passwordconfirmation'] = 
	'Password confirmation is required';
   validationMessages['error.empty.state'] = 
	'State is required for United States of America';
   validationMessages['error.empty.passwordhintquestion1'] = 
	'Password hint question 1 is required';	
   validationMessages['error.empty.passwordhintanswer1'] = 
	'Password hint answer 1 is required'; 
   validationMessages['error.empty.passwordhintquestion2'] = 
	'Password hint question 2 is required';	
   validationMessages['error.empty.passwordhintanswer2'] = 
	'Password hint answer 2 is required'; 	
   validationMessages['error.empty.passwordhintquestion3'] = 
	'Password hint question 3 is required';	
   validationMessages['error.empty.passwordhintanswer3'] = 
	'Password hint answer 3 is required'; 
   validationMessages['error.empty.passwordhintquestion4'] = 
	'Password hint question 4 is required';	
   validationMessages['error.empty.passwordhintanswer4'] = 
	'Password hint answer 4 is required'; 		
   validationMessages['error.invalid.email'] = 
	'Enter a valid email address'; 
   validationMessages['error.invalid.mobilePhone'] = 
	'Mobile phone must be ten digits. Hyphens are optional (###-###-####).'; 	
   validationMessages['error.empty.userSubType'] = 
    'User type is required';		  
   validationMessages['error.invalid.postalCode'] = 
    'US postal code must be either five digits or nine digits with a hyphen ((#####-####)';	      
   validationMessages['error.invalid.userNameLength'] = 
    'User Name must be between 8 and 14 characters';
   validationMessages['error.invalid.passwordDollarSign'] = 
    'Password cannot contain the dollar sign';        
   validationMessages['error.invalid.passwordUpperCase'] = 
    'Password must contain at least one upper case character'; 
   validationMessages['error.invalid.passwordLowerCase'] = 
    'Password must contain at least one lower case character';     
   validationMessages['error.invalid.passwordUserName'] = 
    'Password cannot contain your user name';
   validationMessages['error.invalid.passwordNumber'] = 
    'Password must contain at least one number';          
   validationMessages['error.invalid.passwordPassword'] = 
    'Password cannot contain the word "password"';        
   validationMessages['error.invalid.passwordConsecutiveChars'] = 
    'Password cannot contain more than two consecutive identical characters';          
   validationMessages['error.empty.organizationName'] = 
    'Organization name is required'; 
   validationMessages['error.empty.organizationType'] = 
    'Organization type is required';        
   validationMessages['error.invalid.passwordConfirmationMatch'] = 
    'Password confirmation must match the password';   
   validationMessages['error.empty.passwordhintanswer'] = 
     'Password hint answer is required';    
   validationMessages['error.invalid.passwordLength'] = 
     'Password must be between 8 and 14 characters';         
   validationMessages['error.invalid.userNameDollarSign'] = 
     'User name cannot contain the dollar sign';        

</script>
<a class="skipNav" href="#Content" id="skipper">Skip to Content</a>
<!-- header section -->
<div class="header">
<div class="top-bar">
<div class="container">
<div class="left-side">
<span class="pull-left"><img alt="United States Flag" src="/casestatus/images/us_flag.png" title="United States Flag"/></span>
<span class="pull-left">Official Website of the Department of Homeland Security</span>
</div>
<div class="pull-right">
<script type="text/javascript">var changeLangTo = "es";</script>
<a class="right-side" href="javascript:void(0)" id="changeLocaleAnchor" lang="es-US" title="Cambiar idioma a español">Español</a>
</div>
<div class="mid-logo">
<a class="mid-logo-visual" href="http://www.uscis.gov" target="_blank" title="U.S. Department of Homeland Security seal, U.S. Citizenship and Immigration Services logo">
<img alt="U.S. Department of Homeland Security seal, U.S. Citizenship and Immigration Services logo" src="/casestatus/images/uscis_logo.png"/>
</a>
</div>
</div>
</div>
<div class="bottom-sec">
<div class="container">
<ul class="top-link">
<li>
<a href="/casestatus/displayLogon.do;jsessionid=A466546282E1B7EBE850F2789BC0DA6D" title="Login">Login</a>
	       
	       
	       
	       
	       
	       
	        
	         <span>or</span>
</li>
<li>
<a href="disclaimer.do" title="Sign up">Sign up</a>
</li>
</ul>
<ul class="top-link-right">
<li>
</li>
</ul>
</div>
</div>
<div class="menu-bar">
<div class="container2">
<div class="navbar navbar-default show-print">
<div class="navbar-header">
<div class="container">
<a alt="Toggle Navigation" class="navbar-toggle" data-target=".navbar-collapse" data-toggle="collapse" href="javascript:void(0)" tabindex="-1" title="Toggle Navigation">
<img alt="select to open menu" class=".icon-bar" id="menuIcon" src="images/menu_closed.png" tabindex="0"/>
</a>
</div>
</div>
<div class="container">
<div class="navbar-collapse collapse show-print">
<ul class="navbar-nav nav left">
<li> <a href="http://www.uscis.gov/forms" target="_blank">FORMS</a>
</li>
<li> <a href="http://www.uscis.gov/news" target="_blank">NEWS</a>
</li>
<li> <a href="http://www.uscis.gov/us-citizenship" target="_blank">CITIZENSHIP</a>
</li>
</ul>
<ul class="navbar-nav nav right">
<li> <a href="http://www.uscis.gov/greencard" target="_blank">GREEN CARD</a>
</li>
<li> <a href="http://www.uscis.gov/tools" target="_blank">TOOLS</a>
</li>
<li> <a href="http://www.uscis.gov/laws" target="_blank">LAWS</a>
</li>
</ul>
</div>
</div>
</div>
</div>
</div>
</div>
<!-- content section -->
<div class="main-content-sec pb40">
<span id="Content"> </span>
<div class="big-banner02 mb70">
<div class="main-row">
<div class="container">
<div class="login-panel-sec">
<div class="form-sec">
<div class="text-center"><img alt="My Logo" src="images/my_uscis_logo02.png"/></div>
<div class="form-horizontal">
<div class="form-group mt30">
<div class="col-sm-12 text-left">
<label for="accessviolation">
		                			It was reported to us that your IP address or internet gateway has been locked out for a select period of time.  This is due to an unusually high rate of use.  In order to avoid this issue, please create a Customer account (single applicant) or a Representative account (representing many individuals).
		                		</label>
</div>
</div>
</div>
</div>
</div>
</div>
</div>
</div>
</div>
<!-- footer section -->
<div class="footer-container">
<div class="container">
<div class="footer-logo">
<a class="footer-logo-visual" href="http://www.uscis.gov" target="_blank" title="U.S. Department of Homeland Security seal, U.S. Citizenship and Immigration Services logo">
<img alt="U.S. Department of Homeland Security seal, U.S. Citizenship and Immigration Services logo" src="/casestatus/images/footer_logo.png"/>
</a>
</div>
<div class="social_icon">
<ul>
<li>
<a href="https://www.facebook.com/uscis" target="_blank" title="USCIS on Facebook">
<img alt="USCIS on Facebook" src="images/facebook_icon.png"/>
</a>
</li>
<li>
<a href="https://www.twitter.com/uscis" target="_blank" title="USCIS on Twitter">
<img alt="USCIS on Twitter" src="images/twitter_icon.png"/>
</a>
</li>
<li>
<a href="https://www.instagram.com/uscis/?hl=en" target="_blank" title="USCIS on Instagram">
<img alt="USCIS on Instagram" src="images/instagram_icon.png"/>
</a>
</li>
<li>
<a href="https://www.youtube.com/uscis" target="_blank" title="USCIS on YouTube">
<img alt="USCIS on YouTube" src="images/youtube_icon.png"/>
</a>
</li>
<li>
<a href="http://www.uscis.gov/rss-landing" target="_blank" title="RSS Feeds">
<img alt="RSS Feeds" src="images/rss_icon.png"/>
</a>
</li>
</ul>
</div>
<div class="footer-nav">
<div class="footer-block">
<h4 class="heading">TOPICS</h4>
<ul class="show-print">
<li> <a href="http://www.uscis.gov/adoption" target="_blank">Adoption</a>
</li>
<li> <a href="http://www.uscis.gov/about-us/directorates-and-program-offices/administrative-appeals-office-aao/administrative-appeals-office-aao" target="_blank">Appeals</a>
</li>
<li> <a href="http://www.uscis.gov/avoid-scams" target="_blank">Avoid Scams</a>
</li>
<li> <a href="http://www.uscis.gov/us-citizenship" target="_blank">Citizenship</a>
</li>
<li> <a href="http://www.uscis.gov/citizenship" target="_blank">Citizenship Resource Center</a>
</li>
<li> <a href="http://www.uscis.gov/family" target="_blank">Family</a>
</li>
<li> <a href="http://www.uscis.gov/greencard" target="_blank">Green Card</a>
</li>
<li> <a href="http://www.uscis.gov/historyandgenealogy" target="_blank">History and Genealogy</a>
</li>
<li> <a href="http://www.uscis.gov/humanitarian" target="_blank">Humanitarian</a>
</li>
<li> <a href="http://www.uscis.gov/military" target="_blank">Military</a>
</li>
<li> <a href="http://www.uscis.gov/uscis-elis" target="_blank">File Online</a>
</li>
<li> <a href="http://www.uscis.gov/visit-united-states/visit-us" target="_blank">Visit the U.S.</a>
</li>
<li> <a href="http://www.uscis.gov/working-united-states/working-us" target="_blank">Working in the U.S.</a>
</li>
</ul>
</div>
<div class="footer-block">
<h4 class="heading">VERIFICATION</h4>
<ul class="show-print">
<li> <a href="http://www.uscis.gov/e-verify" target="_blank">E-Verify</a>
</li>
<li> <a href="http://www.uscis.gov/i-9-central" target="_blank">I-9 Central</a>
</li>
<li> <a href="http://www.uscis.gov/self-check" target="_blank">Self Check</a>
</li>
<li> <a href="http://www.uscis.gov/save" target="_blank">SAVE</a>
</li>
<li> <a href="https://www.uscis.gov/save/save-case-check" target="_blank">SAVE Case Check</a>
</li>
</ul>
</div>
<div class="footer-block">
<h4 class="heading">POLICIES</h4>
<ul class="show-print">
<li> <a href="http://www.uscis.gov/about-us/freedom-information-and-privacy-act-foia/uscis-freedom-information-act-and-privacy-act" target="_blank">USCIS Freedom of Information Act and Privacy Act</a>
</li>
<li> <a href="http://www.uscis.gov/website-policies/privacy-and-legal-disclaimers" target="_blank">Privacy and Legal Disclaimers</a>
</li>
<li> <a href="http://www.uscis.gov/no-fear-act/equal-employment-opportunity-data-posted-pursuant-no-fear-act" target="_blank">No FEAR Act</a>
</li>
<li> <a href="http://www.uscis.gov/website-policies" target="_blank">Website Policies</a>
</li>
<li> <a href="http://www.uscis.gov/accessibility" target="_blank">Accessibility</a>
</li>
<li> <a href="http://www.uscis.gov/social-media/social-media-policy" target="_blank">Social Media Policy</a>
</li>
<li> <a href="http://www.uscis.gov/website-policies/plug-ins" target="_blank">Plug-ins</a>
</li>
<li> <a href="http://www.adobe.com/reader" target="_blank">Adobe Reader</a>
</li>
</ul>
</div>
<div class="footer-block">
<h4 class="heading">GOVERNMENT</h4>
<ul class="show-print">
<li> <a href="http://travel.state.gov/passport/passport_1738.html" target="_blank">Passports</a>
</li>
<li> <a href="http://travel.state.gov/visa/bulletin/bulletin_1360.html" target="_blank">Visa Bulletin</a>
</li>
<li> <a href="http://www.dhs.gov" target="_blank">U.S. Department of Homeland Security</a>
</li>
<li> <a href="http://www.cbp.gov" target="_blank">U.S. Customs &amp; Border Protection</a>
</li>
<li> <a href="http://www.ice.gov" target="_blank">U.S. Immigration &amp; Customs Enforcement</a>
</li>
<li> <a href="http://www.whitehouse.gov" target="_blank">White House</a>
</li>
<li> <a href="http://www.state.gov" target="_blank">U.S. Department of State</a>
</li>
<li> <a href="http://www.usa.gov" target="_blank">USA.gov</a>
</li>
</ul>
</div>
</div>
<div class="main-row">
<div class="footer-logo-section clearfix">
<div class="footer-contant">
<p>
          National Customer Service Center
          <br/>
          1-800-375-5283
          <br/>
<br/>
          TDD for the Hearing Impaired
          <br/>
          1-800-767-1833
        </p>
</div>
</div>
</div>
</div>
</div>
<div id="popupDialogArea"></div>
<script type="text/javascript">window.NREUM||(NREUM={});NREUM.info={"applicationID":"41851475","applicationTime":24,"beacon":"bam.nr-data.net","queueTime":0,"licenseKey":"710a4cf17f","transactionName":"ZlEBbBQFCENRWkEMWF8bMEwUERJDcVpBDFhfGwRXEEoTQ1NQRktWQURNWxUXCR5RWkEMWF8aIFkVATVEUU1AFmRUVRFbDiUFRFlWWw==","agent":"","errorBeacon":"bam.nr-data.net"}</script></body>
</html>

Result has incorrect format: retry after 15 secs
Result has incorrect format: retry after 15 secs
Result has incorrect format: retry after 15 secs
Result has incorret format: possible IP ban, retry after 1.5 hr
Result has incorret format: possible IP ban, retry after 1.5 hr
Retried too many times, printing website content and exiting
<!DOCTYPE html PUBLIC "-//W3C//DTD XHTML 1.0 Transitional//EN" "http://www.w3.org/TR/xhtml1/DTD/xhtml1-transitional.dtd">
<html lang="en-US">
<head>
<meta content="text/html; charset=utf-8" http-equiv="Content-Type"/>
<meta content="IE=edge" http-equiv="X-UA-Compatible"/>
<meta content="width=device-width, initial-scale=1, maximum-scale=1, minimum-scale=1, user-scalable=no" name="viewport"/>
<meta content="View case status online using your receipt number, which can be found on notices that you may have received from USCIS. Also, sign up for myUSCIS to:
• Receive automatic case status updates by email or text message,
• View your case history and upcoming case activities,
• Check the status of multiple cases and inquiries that you may have submitted to USCIS" name="description"/>
<title>myUSCIS</title>
<script type="text/javascript">(window.NREUM||(NREUM={})).loader_config={xpid:"XQMDU1NSGwcBXFRTAwYC"};window.NREUM||(NREUM={}),__nr_require=function(t,n,e){function r(e){if(!n[e]){var o=n[e]={exports:{}};t[e][0].call(o.exports,function(n){var o=t[e][1][n];return r(o||n)},o,o.exports)}return n[e].exports}if("function"==typeof __nr_require)return __nr_require;for(var o=0;o<e.length;o++)r(e[o]);return r}({1:[function(t,n,e){function r(t){try{s.console&&console.log(t)}catch(n){}}var o,i=t("ee"),a=t(15),s={};try{o=localStorage.getItem("__nr_flags").split(","),console&&"function"==typeof console.log&&(s.console=!0,o.indexOf("dev")!==-1&&(s.dev=!0),o.indexOf("nr_dev")!==-1&&(s.nrDev=!0))}catch(c){}s.nrDev&&i.on("internal-error",function(t){r(t.stack)}),s.dev&&i.on("fn-err",function(t,n,e){r(e.stack)}),s.dev&&(r("NR AGENT IN DEVELOPMENT MODE"),r("flags: "+a(s,function(t,n){return t}).join(", ")))},{}],2:[function(t,n,e){function r(t,n,e,r,o){try{d?d-=1:i("err",[o||new UncaughtException(t,n,e)])}catch(s){try{i("ierr",[s,c.now(),!0])}catch(u){}}return"function"==typeof f&&f.apply(this,a(arguments))}function UncaughtException(t,n,e){this.message=t||"Uncaught error with no additional information",this.sourceURL=n,this.line=e}function o(t){i("err",[t,c.now()])}var i=t("handle"),a=t(16),s=t("ee"),c=t("loader"),f=window.onerror,u=!1,d=0;c.features.err=!0,t(1),window.onerror=r;try{throw new Error}catch(l){"stack"in l&&(t(8),t(7),"addEventListener"in window&&t(5),c.xhrWrappable&&t(9),u=!0)}s.on("fn-start",function(t,n,e){u&&(d+=1)}),s.on("fn-err",function(t,n,e){u&&(this.thrown=!0,o(e))}),s.on("fn-end",function(){u&&!this.thrown&&d>0&&(d-=1)}),s.on("internal-error",function(t){i("ierr",[t,c.now(),!0])})},{}],3:[function(t,n,e){t("loader").features.ins=!0},{}],4:[function(t,n,e){function r(t){}if(window.performance&&window.performance.timing&&window.performance.getEntriesByType){var o=t("ee"),i=t("handle"),a=t(8),s=t(7),c="learResourceTimings",f="addEventListener",u="resourcetimingbufferfull",d="bstResource",l="resource",p="-start",h="-end",m="fn"+p,w="fn"+h,v="bstTimer",y="pushState",g=t("loader");g.features.stn=!0,t(6);var b=NREUM.o.EV;o.on(m,function(t,n){var e=t[0];e instanceof b&&(this.bstStart=g.now())}),o.on(w,function(t,n){var e=t[0];e instanceof b&&i("bst",[e,n,this.bstStart,g.now()])}),a.on(m,function(t,n,e){this.bstStart=g.now(),this.bstType=e}),a.on(w,function(t,n){i(v,[n,this.bstStart,g.now(),this.bstType])}),s.on(m,function(){this.bstStart=g.now()}),s.on(w,function(t,n){i(v,[n,this.bstStart,g.now(),"requestAnimationFrame"])}),o.on(y+p,function(t){this.time=g.now(),this.startPath=location.pathname+location.hash}),o.on(y+h,function(t){i("bstHist",[location.pathname+location.hash,this.startPath,this.time])}),f in window.performance&&(window.performance["c"+c]?window.performance[f](u,function(t){i(d,[window.performance.getEntriesByType(l)]),window.performance["c"+c]()},!1):window.performance[f]("webkit"+u,function(t){i(d,[window.performance.getEntriesByType(l)]),window.performance["webkitC"+c]()},!1)),document[f]("scroll",r,{passive:!0}),document[f]("keypress",r,!1),document[f]("click",r,!1)}},{}],5:[function(t,n,e){function r(t){for(var n=t;n&&!n.hasOwnProperty(u);)n=Object.getPrototypeOf(n);n&&o(n)}function o(t){s.inPlace(t,[u,d],"-",i)}function i(t,n){return t[1]}var a=t("ee").get("events"),s=t(18)(a,!0),c=t("gos"),f=XMLHttpRequest,u="addEventListener",d="removeEventListener";n.exports=a,"getPrototypeOf"in Object?(r(document),r(window),r(f.prototype)):f.prototype.hasOwnProperty(u)&&(o(window),o(f.prototype)),a.on(u+"-start",function(t,n){var e=t[1],r=c(e,"nr@wrapped",function(){function t(){if("function"==typeof e.handleEvent)return e.handleEvent.apply(e,arguments)}var n={object:t,"function":e}[typeof e];return n?s(n,"fn-",null,n.name||"anonymous"):e});this.wrapped=t[1]=r}),a.on(d+"-start",function(t){t[1]=this.wrapped||t[1]})},{}],6:[function(t,n,e){var r=t("ee").get("history"),o=t(18)(r);n.exports=r,o.inPlace(window.history,["pushState","replaceState"],"-")},{}],7:[function(t,n,e){var r=t("ee").get("raf"),o=t(18)(r),i="equestAnimationFrame";n.exports=r,o.inPlace(window,["r"+i,"mozR"+i,"webkitR"+i,"msR"+i],"raf-"),r.on("raf-start",function(t){t[0]=o(t[0],"fn-")})},{}],8:[function(t,n,e){function r(t,n,e){t[0]=a(t[0],"fn-",null,e)}function o(t,n,e){this.method=e,this.timerDuration="number"==typeof t[1]?t[1]:0,t[0]=a(t[0],"fn-",this,e)}var i=t("ee").get("timer"),a=t(18)(i),s="setTimeout",c="setInterval",f="clearTimeout",u="-start",d="-";n.exports=i,a.inPlace(window,[s,"setImmediate"],s+d),a.inPlace(window,[c],c+d),a.inPlace(window,[f,"clearImmediate"],f+d),i.on(c+u,r),i.on(s+u,o)},{}],9:[function(t,n,e){function r(t,n){d.inPlace(n,["onreadystatechange"],"fn-",s)}function o(){var t=this,n=u.context(t);t.readyState>3&&!n.resolved&&(n.resolved=!0,u.emit("xhr-resolved",[],t)),d.inPlace(t,w,"fn-",s)}function i(t){v.push(t),h&&(g=-g,b.data=g)}function a(){for(var t=0;t<v.length;t++)r([],v[t]);v.length&&(v=[])}function s(t,n){return n}function c(t,n){for(var e in t)n[e]=t[e];return n}t(5);var f=t("ee"),u=f.get("xhr"),d=t(18)(u),l=NREUM.o,p=l.XHR,h=l.MO,m="readystatechange",w=["onload","onerror","onabort","onloadstart","onloadend","onprogress","ontimeout"],v=[];n.exports=u;var y=window.XMLHttpRequest=function(t){var n=new p(t);try{u.emit("new-xhr",[n],n),n.addEventListener(m,o,!1)}catch(e){try{u.emit("internal-error",[e])}catch(r){}}return n};if(c(p,y),y.prototype=p.prototype,d.inPlace(y.prototype,["open","send"],"-xhr-",s),u.on("send-xhr-start",function(t,n){r(t,n),i(n)}),u.on("open-xhr-start",r),h){var g=1,b=document.createTextNode(g);new h(a).observe(b,{characterData:!0})}else f.on("fn-end",function(t){t[0]&&t[0].type===m||a()})},{}],10:[function(t,n,e){function r(t){var n=this.params,e=this.metrics;if(!this.ended){this.ended=!0;for(var r=0;r<d;r++)t.removeEventListener(u[r],this.listener,!1);if(!n.aborted){if(e.duration=a.now()-this.startTime,4===t.readyState){n.status=t.status;var i=o(t,this.lastSize);if(i&&(e.rxSize=i),this.sameOrigin){var c=t.getResponseHeader("X-NewRelic-App-Data");c&&(n.cat=c.split(", ").pop())}}else n.status=0;e.cbTime=this.cbTime,f.emit("xhr-done",[t],t),s("xhr",[n,e,this.startTime])}}}function o(t,n){var e=t.responseType;if("json"===e&&null!==n)return n;var r="arraybuffer"===e||"blob"===e||"json"===e?t.response:t.responseText;return h(r)}function i(t,n){var e=c(n),r=t.params;r.host=e.hostname+":"+e.port,r.pathname=e.pathname,t.sameOrigin=e.sameOrigin}var a=t("loader");if(a.xhrWrappable){var s=t("handle"),c=t(11),f=t("ee"),u=["load","error","abort","timeout"],d=u.length,l=t("id"),p=t(14),h=t(13),m=window.XMLHttpRequest;a.features.xhr=!0,t(9),f.on("new-xhr",function(t){var n=this;n.totalCbs=0,n.called=0,n.cbTime=0,n.end=r,n.ended=!1,n.xhrGuids={},n.lastSize=null,p&&(p>34||p<10)||window.opera||t.addEventListener("progress",function(t){n.lastSize=t.loaded},!1)}),f.on("open-xhr-start",function(t){this.params={method:t[0]},i(this,t[1]),this.metrics={}}),f.on("open-xhr-end",function(t,n){"loader_config"in NREUM&&"xpid"in NREUM.loader_config&&this.sameOrigin&&n.setRequestHeader("X-NewRelic-ID",NREUM.loader_config.xpid)}),f.on("send-xhr-start",function(t,n){var e=this.metrics,r=t[0],o=this;if(e&&r){var i=h(r);i&&(e.txSize=i)}this.startTime=a.now(),this.listener=function(t){try{"abort"===t.type&&(o.params.aborted=!0),("load"!==t.type||o.called===o.totalCbs&&(o.onloadCalled||"function"!=typeof n.onload))&&o.end(n)}catch(e){try{f.emit("internal-error",[e])}catch(r){}}};for(var s=0;s<d;s++)n.addEventListener(u[s],this.listener,!1)}),f.on("xhr-cb-time",function(t,n,e){this.cbTime+=t,n?this.onloadCalled=!0:this.called+=1,this.called!==this.totalCbs||!this.onloadCalled&&"function"==typeof e.onload||this.end(e)}),f.on("xhr-load-added",function(t,n){var e=""+l(t)+!!n;this.xhrGuids&&!this.xhrGuids[e]&&(this.xhrGuids[e]=!0,this.totalCbs+=1)}),f.on("xhr-load-removed",function(t,n){var e=""+l(t)+!!n;this.xhrGuids&&this.xhrGuids[e]&&(delete this.xhrGuids[e],this.totalCbs-=1)}),f.on("addEventListener-end",function(t,n){n instanceof m&&"load"===t[0]&&f.emit("xhr-load-added",[t[1],t[2]],n)}),f.on("removeEventListener-end",function(t,n){n instanceof m&&"load"===t[0]&&f.emit("xhr-load-removed",[t[1],t[2]],n)}),f.on("fn-start",function(t,n,e){n instanceof m&&("onload"===e&&(this.onload=!0),("load"===(t[0]&&t[0].type)||this.onload)&&(this.xhrCbStart=a.now()))}),f.on("fn-end",function(t,n){this.xhrCbStart&&f.emit("xhr-cb-time",[a.now()-this.xhrCbStart,this.onload,n],n)})}},{}],11:[function(t,n,e){n.exports=function(t){var n=document.createElement("a"),e=window.location,r={};n.href=t,r.port=n.port;var o=n.href.split("://");!r.port&&o[1]&&(r.port=o[1].split("/")[0].split("@").pop().split(":")[1]),r.port&&"0"!==r.port||(r.port="https"===o[0]?"443":"80"),r.hostname=n.hostname||e.hostname,r.pathname=n.pathname,r.protocol=o[0],"/"!==r.pathname.charAt(0)&&(r.pathname="/"+r.pathname);var i=!n.protocol||":"===n.protocol||n.protocol===e.protocol,a=n.hostname===document.domain&&n.port===e.port;return r.sameOrigin=i&&(!n.hostname||a),r}},{}],12:[function(t,n,e){function r(){}function o(t,n,e){return function(){return i(t,[f.now()].concat(s(arguments)),n?null:this,e),n?void 0:this}}var i=t("handle"),a=t(15),s=t(16),c=t("ee").get("tracer"),f=t("loader"),u=NREUM;"undefined"==typeof window.newrelic&&(newrelic=u);var d=["setPageViewName","setCustomAttribute","setErrorHandler","finished","addToTrace","inlineHit","addRelease"],l="api-",p=l+"ixn-";a(d,function(t,n){u[n]=o(l+n,!0,"api")}),u.addPageAction=o(l+"addPageAction",!0),u.setCurrentRouteName=o(l+"routeName",!0),n.exports=newrelic,u.interaction=function(){return(new r).get()};var h=r.prototype={createTracer:function(t,n){var e={},r=this,o="function"==typeof n;return i(p+"tracer",[f.now(),t,e],r),function(){if(c.emit((o?"":"no-")+"fn-start",[f.now(),r,o],e),o)try{return n.apply(this,arguments)}finally{c.emit("fn-end",[f.now()],e)}}}};a("setName,setAttribute,save,ignore,onEnd,getContext,end,get".split(","),function(t,n){h[n]=o(p+n)}),newrelic.noticeError=function(t){"string"==typeof t&&(t=new Error(t)),i("err",[t,f.now()])}},{}],13:[function(t,n,e){n.exports=function(t){if("string"==typeof t&&t.length)return t.length;if("object"==typeof t){if("undefined"!=typeof ArrayBuffer&&t instanceof ArrayBuffer&&t.byteLength)return t.byteLength;if("undefined"!=typeof Blob&&t instanceof Blob&&t.size)return t.size;if(!("undefined"!=typeof FormData&&t instanceof FormData))try{return JSON.stringify(t).length}catch(n){return}}}},{}],14:[function(t,n,e){var r=0,o=navigator.userAgent.match(/Firefox[\/\s](\d+\.\d+)/);o&&(r=+o[1]),n.exports=r},{}],15:[function(t,n,e){function r(t,n){var e=[],r="",i=0;for(r in t)o.call(t,r)&&(e[i]=n(r,t[r]),i+=1);return e}var o=Object.prototype.hasOwnProperty;n.exports=r},{}],16:[function(t,n,e){function r(t,n,e){n||(n=0),"undefined"==typeof e&&(e=t?t.length:0);for(var r=-1,o=e-n||0,i=Array(o<0?0:o);++r<o;)i[r]=t[n+r];return i}n.exports=r},{}],17:[function(t,n,e){n.exports={exists:"undefined"!=typeof window.performance&&window.performance.timing&&"undefined"!=typeof window.performance.timing.navigationStart}},{}],18:[function(t,n,e){function r(t){return!(t&&t instanceof Function&&t.apply&&!t[a])}var o=t("ee"),i=t(16),a="nr@original",s=Object.prototype.hasOwnProperty,c=!1;n.exports=function(t,n){function e(t,n,e,o){function nrWrapper(){var r,a,s,c;try{a=this,r=i(arguments),s="function"==typeof e?e(r,a):e||{}}catch(f){l([f,"",[r,a,o],s])}u(n+"start",[r,a,o],s);try{return c=t.apply(a,r)}catch(d){throw u(n+"err",[r,a,d],s),d}finally{u(n+"end",[r,a,c],s)}}return r(t)?t:(n||(n=""),nrWrapper[a]=t,d(t,nrWrapper),nrWrapper)}function f(t,n,o,i){o||(o="");var a,s,c,f="-"===o.charAt(0);for(c=0;c<n.length;c++)s=n[c],a=t[s],r(a)||(t[s]=e(a,f?s+o:o,i,s))}function u(e,r,o){if(!c||n){var i=c;c=!0;try{t.emit(e,r,o,n)}catch(a){l([a,e,r,o])}c=i}}function d(t,n){if(Object.defineProperty&&Object.keys)try{var e=Object.keys(t);return e.forEach(function(e){Object.defineProperty(n,e,{get:function(){return t[e]},set:function(n){return t[e]=n,n}})}),n}catch(r){l([r])}for(var o in t)s.call(t,o)&&(n[o]=t[o]);return n}function l(n){try{t.emit("internal-error",n)}catch(e){}}return t||(t=o),e.inPlace=f,e.flag=a,e}},{}],ee:[function(t,n,e){function r(){}function o(t){function n(t){return t&&t instanceof r?t:t?c(t,s,i):i()}function e(e,r,o,i){if(!l.aborted||i){t&&t(e,r,o);for(var a=n(o),s=h(e),c=s.length,f=0;f<c;f++)s[f].apply(a,r);var d=u[y[e]];return d&&d.push([g,e,r,a]),a}}function p(t,n){v[t]=h(t).concat(n)}function h(t){return v[t]||[]}function m(t){return d[t]=d[t]||o(e)}function w(t,n){f(t,function(t,e){n=n||"feature",y[e]=n,n in u||(u[n]=[])})}var v={},y={},g={on:p,emit:e,get:m,listeners:h,context:n,buffer:w,abort:a,aborted:!1};return g}function i(){return new r}function a(){(u.api||u.feature)&&(l.aborted=!0,u=l.backlog={})}var s="nr@context",c=t("gos"),f=t(15),u={},d={},l=n.exports=o();l.backlog=u},{}],gos:[function(t,n,e){function r(t,n,e){if(o.call(t,n))return t[n];var r=e();if(Object.defineProperty&&Object.keys)try{return Object.defineProperty(t,n,{value:r,writable:!0,enumerable:!1}),r}catch(i){}return t[n]=r,r}var o=Object.prototype.hasOwnProperty;n.exports=r},{}],handle:[function(t,n,e){function r(t,n,e,r){o.buffer([t],r),o.emit(t,n,e)}var o=t("ee").get("handle");n.exports=r,r.ee=o},{}],id:[function(t,n,e){function r(t){var n=typeof t;return!t||"object"!==n&&"function"!==n?-1:t===window?0:a(t,i,function(){return o++})}var o=1,i="nr@id",a=t("gos");n.exports=r},{}],loader:[function(t,n,e){function r(){if(!x++){var t=b.info=NREUM.info,n=l.getElementsByTagName("script")[0];if(setTimeout(u.abort,3e4),!(t&&t.licenseKey&&t.applicationID&&n))return u.abort();f(y,function(n,e){t[n]||(t[n]=e)}),c("mark",["onload",a()+b.offset],null,"api");var e=l.createElement("script");e.src="https://"+t.agent,n.parentNode.insertBefore(e,n)}}function o(){"complete"===l.readyState&&i()}function i(){c("mark",["domContent",a()+b.offset],null,"api")}function a(){return E.exists&&performance.now?Math.round(performance.now()):(s=Math.max((new Date).getTime(),s))-b.offset}var s=(new Date).getTime(),c=t("handle"),f=t(15),u=t("ee"),d=window,l=d.document,p="addEventListener",h="attachEvent",m=d.XMLHttpRequest,w=m&&m.prototype;NREUM.o={ST:setTimeout,CT:clearTimeout,XHR:m,REQ:d.Request,EV:d.Event,PR:d.Promise,MO:d.MutationObserver};var v=""+location,y={beacon:"bam.nr-data.net",errorBeacon:"bam.nr-data.net",agent:"js-agent.newrelic.com/nr-1026.min.js"},g=m&&w&&w[p]&&!/CriOS/.test(navigator.userAgent),b=n.exports={offset:s,now:a,origin:v,features:{},xhrWrappable:g};t(12),l[p]?(l[p]("DOMContentLoaded",i,!1),d[p]("load",r,!1)):(l[h]("onreadystatechange",o),d[h]("onload",r)),c("mark",["firstbyte",s],null,"api");var x=0,E=t(17)},{}]},{},["loader",2,10,4,3]);</script><script type="text/javascript">
      var appName = 'myUSCIS';
      var mainContentId = 'Content';
      var cancelButtonCaption = 'Cancel';
      var okButtonCaption = 'OK';
      var closeButtonCaption = 'Close';
      
      Object.size = function(obj) {
	    var size = 0, key;
	    for( key in obj ) {
	        if( obj.hasOwnProperty(key) ) size++;
	    }
	    return size;
	  };

	  var sessionTimeoutWarning = 'Your session will expire in 5 minutes. Click \'OK\' to extend your session.';
	  var sessionExtended = 'Your session has been extended.';
	  var sessionNotExtended = 'Your session will not be extended.';
      
  </script>
<link href="https://my.uscis.gov/assets/favicon-9429d1fce1555403bc766c9a06e15410.ico" rel="shortcut icon" type="image/x-icon"/>
<link href="/casestatus/style/bootstrap.css;jsessionid=C2AD5BD5A8761DADAE9ABB8232F3BF9C" rel="stylesheet"/>
<link href="/casestatus/style/style.css;jsessionid=C2AD5BD5A8761DADAE9ABB8232F3BF9C" rel="stylesheet"/>
<link href="/casestatus/style/csso.css;jsessionid=C2AD5BD5A8761DADAE9ABB8232F3BF9C" rel="stylesheet"/>
<link href="/casestatus/style/datatable.css;jsessionid=C2AD5BD5A8761DADAE9ABB8232F3BF9C" rel="stylesheet"/>
<link href="/casestatus/style/fuelux.css;jsessionid=C2AD5BD5A8761DADAE9ABB8232F3BF9C" rel="stylesheet"/>
<link href="/casestatus/style/jquery/jquery-ui.min.css;jsessionid=C2AD5BD5A8761DADAE9ABB8232F3BF9C" rel="stylesheet"/>
<script src="/casestatus/scripts/bootstrap/bootstrap.js;jsessionid=C2AD5BD5A8761DADAE9ABB8232F3BF9C" type="text/javascript"></script>
<script src="/casestatus/scripts/jquery/jquery.min.js;jsessionid=C2AD5BD5A8761DADAE9ABB8232F3BF9C" type="text/javascript"></script>
<script src="/casestatus/scripts/jquery/jquery-migrate.min.js;jsessionid=C2AD5BD5A8761DADAE9ABB8232F3BF9C" type="text/javascript"></script>
<script src="/casestatus/scripts/jquery/jquery-ui.min.js;jsessionid=C2AD5BD5A8761DADAE9ABB8232F3BF9C" type="text/javascript"></script>
<script src="/casestatus/scripts/fuelux.js;jsessionid=C2AD5BD5A8761DADAE9ABB8232F3BF9C" type="text/javascript"></script>
<script type="text/javascript">
  	var $j= jQuery.noConflict();
  </script>
<script src="/casestatus/scripts/jquery/jquery.validate.min.js;jsessionid=C2AD5BD5A8761DADAE9ABB8232F3BF9C" type="text/javascript"></script>
<script src="/casestatus/scripts/custom.js;jsessionid=C2AD5BD5A8761DADAE9ABB8232F3BF9C" type="text/javascript"></script>
<script src="/casestatus/scripts/modernizr.js;jsessionid=C2AD5BD5A8761DADAE9ABB8232F3BF9C" type="text/javascript"></script>
<script src="/casestatus/scripts/csso.js;jsessionid=C2AD5BD5A8761DADAE9ABB8232F3BF9C" type="text/javascript"></script>
<script src="/casestatus/scripts/dialog.js;jsessionid=C2AD5BD5A8761DADAE9ABB8232F3BF9C" type="text/javascript"></script>
<script src="/casestatus/scripts/yui/yahoo-min.js;jsessionid=C2AD5BD5A8761DADAE9ABB8232F3BF9C" type="text/javascript"></script>
<script src="/casestatus/scripts/yui/event-min.js;jsessionid=C2AD5BD5A8761DADAE9ABB8232F3BF9C" type="text/javascript"></script>
<script src="/casestatus/scripts/yui/dom-min.js;jsessionid=C2AD5BD5A8761DADAE9ABB8232F3BF9C" type="text/javascript"></script>
<script src="/casestatus/scripts/yui/yahoo-dom-event.js;jsessionid=C2AD5BD5A8761DADAE9ABB8232F3BF9C" type="text/javascript"></script>
<script src="/casestatus/scripts/yui/container_core-min.js;jsessionid=C2AD5BD5A8761DADAE9ABB8232F3BF9C" type="text/javascript"></script>
<script src="/casestatus/scripts/yui/connection-min.js;jsessionid=C2AD5BD5A8761DADAE9ABB8232F3BF9C" type="text/javascript"></script>
<!--  <script src="/casestatus/scripts/google-analytics/federated-analytics-DHS.js;jsessionid=C2AD5BD5A8761DADAE9ABB8232F3BF9C" type="text/javascript"></script> -->
<!-- Adding Digital Analytics DAP -->
<script async="" id="_fed_an_ua_tag" src="https://dap.digitalgov.gov/Universal-Federated-Analytics-Min.js?agency=DHS" type="text/javascript"></script>
</head>
<body>
<script type="text/javascript">

	var receiptPrefixMap = new Object;
	
	   receiptPrefixMap['ABQ'] = 'ABQ';
	
	   receiptPrefixMap['AGA'] = 'AGA';
	
	   receiptPrefixMap['ALB'] = 'ALB';
	
	   receiptPrefixMap['ANC'] = 'ANC';
	
	   receiptPrefixMap['ATL'] = 'ATL';
	
	   receiptPrefixMap['BAL'] = 'BAL';
	
	   receiptPrefixMap['BOI'] = 'BOI';
	
	   receiptPrefixMap['BOS'] = 'BOS';
	
	   receiptPrefixMap['BUF'] = 'BUF';
	
	   receiptPrefixMap['CHA'] = 'CHA';
	
	   receiptPrefixMap['CHI'] = 'CHI';
	
	   receiptPrefixMap['CHL'] = 'CHL';
	
	   receiptPrefixMap['CHR'] = 'CHR';
	
	   receiptPrefixMap['CIN'] = 'CIN';
	
	   receiptPrefixMap['CLE'] = 'CLE';
	
	   receiptPrefixMap['CLM'] = 'CLM';
	
	   receiptPrefixMap['CLT'] = 'CLT';
	
	   receiptPrefixMap['CSC'] = 'CSC';
	
	   receiptPrefixMap['DAL'] = 'DAL';
	
	   receiptPrefixMap['DEN'] = 'DEN';
	
	   receiptPrefixMap['DET'] = 'DET';
	
	   receiptPrefixMap['DSM'] = 'DSM';
	
	   receiptPrefixMap['EAC'] = 'EAC';
	
	   receiptPrefixMap['ELP'] = 'ELP';
	
	   receiptPrefixMap['FRE'] = 'FRE';
	
	   receiptPrefixMap['FSA'] = 'FSA';
	
	   receiptPrefixMap['GRR'] = 'GRR';
	
	   receiptPrefixMap['HAR'] = 'HAR';
	
	   receiptPrefixMap['HEL'] = 'HEL';
	
	   receiptPrefixMap['HHW'] = 'HHW';
	
	   receiptPrefixMap['HIA'] = 'HIA';
	
	   receiptPrefixMap['HLG'] = 'HLG';
	
	   receiptPrefixMap['HNT'] = 'HNT';
	
	   receiptPrefixMap['HOU'] = 'HOU';
	
	   receiptPrefixMap['IMP'] = 'IMP';
	
	   receiptPrefixMap['INP'] = 'INP';
	
	   receiptPrefixMap['IOE'] = 'IOE';
	
	   receiptPrefixMap['JAC'] = 'JAC';
	
	   receiptPrefixMap['JAK'] = 'JAK';
	
	   receiptPrefixMap['KAN'] = 'KAN';
	
	   receiptPrefixMap['KND'] = 'KND';
	
	   receiptPrefixMap['LAW'] = 'LAW';
	
	   receiptPrefixMap['LIN'] = 'LIN';
	
	   receiptPrefixMap['LNY'] = 'LNY';
	
	   receiptPrefixMap['LOS'] = 'LOS';
	
	   receiptPrefixMap['LOU'] = 'LOU';
	
	   receiptPrefixMap['LVG'] = 'LVG';
	
	   receiptPrefixMap['MAN'] = 'MAN';
	
	   receiptPrefixMap['MEM'] = 'MEM';
	
	   receiptPrefixMap['MIA'] = 'MIA';
	
	   receiptPrefixMap['MIL'] = 'MIL';
	
	   receiptPrefixMap['MSC'] = 'MSC';
	
	   receiptPrefixMap['MTL'] = 'MTL';
	
	   receiptPrefixMap['NBC'] = 'NBC';
	
	   receiptPrefixMap['NEW'] = 'NEW';
	
	   receiptPrefixMap['NOL'] = 'NOL';
	
	   receiptPrefixMap['NOR'] = 'NOR';
	
	   receiptPrefixMap['NSC'] = 'NSC';
	
	   receiptPrefixMap['NYC'] = 'NYC';
	
	   receiptPrefixMap['OAK'] = 'OAK';
	
	   receiptPrefixMap['OKC'] = 'OKC';
	
	   receiptPrefixMap['OKL'] = 'OKL';
	
	   receiptPrefixMap['OMA'] = 'OMA';
	
	   receiptPrefixMap['ORL'] = 'ORL';
	
	   receiptPrefixMap['PHI'] = 'PHI';
	
	   receiptPrefixMap['PHO'] = 'PHO';
	
	   receiptPrefixMap['PIT'] = 'PIT';
	
	   receiptPrefixMap['POM'] = 'POM';
	
	   receiptPrefixMap['POO'] = 'POO';
	
	   receiptPrefixMap['PRO'] = 'PRO';
	
	   receiptPrefixMap['QNS'] = 'QNS';
	
	   receiptPrefixMap['RAL'] = 'RAL';
	
	   receiptPrefixMap['REN'] = 'REN';
	
	   receiptPrefixMap['SAA'] = 'SAA';
	
	   receiptPrefixMap['SAC'] = 'SAC';
	
	   receiptPrefixMap['SAJ'] = 'SAJ';
	
	   receiptPrefixMap['SBD'] = 'SBD';
	
	   receiptPrefixMap['SEA'] = 'SEA';
	
	   receiptPrefixMap['SFR'] = 'SFR';
	
	   receiptPrefixMap['SFV'] = 'SFV';
	
	   receiptPrefixMap['SLC'] = 'SLC';
	
	   receiptPrefixMap['SNA'] = 'SNA';
	
	   receiptPrefixMap['SND'] = 'SND';
	
	   receiptPrefixMap['SNJ'] = 'SNJ';
	
	   receiptPrefixMap['SPM'] = 'SPM';
	
	   receiptPrefixMap['SPO'] = 'SPO';
	
	   receiptPrefixMap['SRC'] = 'SRC';
	
	   receiptPrefixMap['STA'] = 'STA';
	
	   receiptPrefixMap['STL'] = 'STL';
	
	   receiptPrefixMap['TAM'] = 'TAM';
	
	   receiptPrefixMap['TSC'] = 'TSC';
	
	   receiptPrefixMap['TUC'] = 'TUC';
	
	   receiptPrefixMap['VSC'] = 'VSC';
	
	   receiptPrefixMap['WAC'] = 'WAC';
	
	   receiptPrefixMap['WAS'] = 'WAS';
	
	   receiptPrefixMap['WIC'] = 'WIC';
	
	   receiptPrefixMap['WPB'] = 'WPB';
	
	   receiptPrefixMap['YAK'] = 'YAK';
	
	   receiptPrefixMap['YSC'] = 'YSC';
	
	   receiptPrefixMap['ZAR'] = 'ZAR';
	
	   receiptPrefixMap['ZCH'] = 'ZCH';
	
	   receiptPrefixMap['ZHN'] = 'ZHN';
	
	   receiptPrefixMap['ZLA'] = 'ZLA';
	
	   receiptPrefixMap['ZMI'] = 'ZMI';
	
	   receiptPrefixMap['ZNK'] = 'ZNK';
	
	   receiptPrefixMap['ZNY'] = 'ZNY';
	
	   receiptPrefixMap['ZSF'] = 'ZSF';
	  
	
  var validationMessages = new Object;
  validationMessages['error.empty.receiptnumber'] = 
  'Please enter an application receipt number.';
   validationMessages['error.invalid.receiptnumber'] = 
   'The application receipt number entered is invalid. Please check your receipt number and try again.';
  validationMessages['error.popup.introduction'] = 
   'You have the following errors:';
  validationMessages['error.empty.username'] = 
   'User name is required';	
  validationMessages['error.empty.password'] = 
   'Password is required';   		
   
   validationMessages['error.empty.firstname'] = 
   'First name is required';
   validationMessages['error.empty.lastname'] = 
    'Last name is required';
   validationMessages['error.empty.country'] = 
    'Country/Region is required';
   validationMessages['error.empty.city'] = 
    'City is required';	
   validationMessages['error.empty.postalcode'] = 
    'Postal code is required';   	
   validationMessages['error.empty.email'] = 
	'Email address is required';
   validationMessages['error.empty.passwordconfirmation'] = 
	'Password confirmation is required';
   validationMessages['error.empty.state'] = 
	'State is required for United States of America';
   validationMessages['error.empty.passwordhintquestion1'] = 
	'Password hint question 1 is required';	
   validationMessages['error.empty.passwordhintanswer1'] = 
	'Password hint answer 1 is required'; 
   validationMessages['error.empty.passwordhintquestion2'] = 
	'Password hint question 2 is required';	
   validationMessages['error.empty.passwordhintanswer2'] = 
	'Password hint answer 2 is required'; 	
   validationMessages['error.empty.passwordhintquestion3'] = 
	'Password hint question 3 is required';	
   validationMessages['error.empty.passwordhintanswer3'] = 
	'Password hint answer 3 is required'; 
   validationMessages['error.empty.passwordhintquestion4'] = 
	'Password hint question 4 is required';	
   validationMessages['error.empty.passwordhintanswer4'] = 
	'Password hint answer 4 is required'; 		
   validationMessages['error.invalid.email'] = 
	'Enter a valid email address'; 
   validationMessages['error.invalid.mobilePhone'] = 
	'Mobile phone must be ten digits. Hyphens are optional (###-###-####).'; 	
   validationMessages['error.empty.userSubType'] = 
    'User type is required';		  
   validationMessages['error.invalid.postalCode'] = 
    'US postal code must be either five digits or nine digits with a hyphen ((#####-####)';	      
   validationMessages['error.invalid.userNameLength'] = 
    'User Name must be between 8 and 14 characters';
   validationMessages['error.invalid.passwordDollarSign'] = 
    'Password cannot contain the dollar sign';        
   validationMessages['error.invalid.passwordUpperCase'] = 
    'Password must contain at least one upper case character'; 
   validationMessages['error.invalid.passwordLowerCase'] = 
    'Password must contain at least one lower case character';     
   validationMessages['error.invalid.passwordUserName'] = 
    'Password cannot contain your user name';
   validationMessages['error.invalid.passwordNumber'] = 
    'Password must contain at least one number';          
   validationMessages['error.invalid.passwordPassword'] = 
    'Password cannot contain the word "password"';        
   validationMessages['error.invalid.passwordConsecutiveChars'] = 
    'Password cannot contain more than two consecutive identical characters';          
   validationMessages['error.empty.organizationName'] = 
    'Organization name is required'; 
   validationMessages['error.empty.organizationType'] = 
    'Organization type is required';        
   validationMessages['error.invalid.passwordConfirmationMatch'] = 
    'Password confirmation must match the password';   
   validationMessages['error.empty.passwordhintanswer'] = 
     'Password hint answer is required';    
   validationMessages['error.invalid.passwordLength'] = 
     'Password must be between 8 and 14 characters';         
   validationMessages['error.invalid.userNameDollarSign'] = 
     'User name cannot contain the dollar sign';        

</script>
<a class="skipNav" href="#Content" id="skipper">Skip to Content</a>
<!-- header section -->
<div class="header">
<div class="top-bar">
<div class="container">
<div class="left-side">
<span class="pull-left"><img alt="United States Flag" src="/casestatus/images/us_flag.png" title="United States Flag"/></span>
<span class="pull-left">Official Website of the Department of Homeland Security</span>
</div>
<div class="pull-right">
<script type="text/javascript">var changeLangTo = "es";</script>
<a class="right-side" href="javascript:void(0)" id="changeLocaleAnchor" lang="es-US" title="Cambiar idioma a español">Español</a>
</div>
<div class="mid-logo">
<a class="mid-logo-visual" href="http://www.uscis.gov" target="_blank" title="U.S. Department of Homeland Security seal, U.S. Citizenship and Immigration Services logo">
<img alt="U.S. Department of Homeland Security seal, U.S. Citizenship and Immigration Services logo" src="/casestatus/images/uscis_logo.png"/>
</a>
</div>
</div>
</div>
<div class="bottom-sec">
<div class="container">
<ul class="top-link">
<li>
<a href="/casestatus/displayLogon.do;jsessionid=C2AD5BD5A8761DADAE9ABB8232F3BF9C" title="Login">Login</a>
	       
	       
	       
	       
	       
	       
	        
	         <span>or</span>
</li>
<li>
<a href="disclaimer.do" title="Sign up">Sign up</a>
</li>
</ul>
<ul class="top-link-right">
<li>
</li>
</ul>
</div>
</div>
<div class="menu-bar">
<div class="container2">
<div class="navbar navbar-default show-print">
<div class="navbar-header">
<div class="container">
<a alt="Toggle Navigation" class="navbar-toggle" data-target=".navbar-collapse" data-toggle="collapse" href="javascript:void(0)" tabindex="-1" title="Toggle Navigation">
<img alt="select to open menu" class=".icon-bar" id="menuIcon" src="images/menu_closed.png" tabindex="0"/>
</a>
</div>
</div>
<div class="container">
<div class="navbar-collapse collapse show-print">
<ul class="navbar-nav nav left">
<li> <a href="http://www.uscis.gov/forms" target="_blank">FORMS</a>
</li>
<li> <a href="http://www.uscis.gov/news" target="_blank">NEWS</a>
</li>
<li> <a href="http://www.uscis.gov/us-citizenship" target="_blank">CITIZENSHIP</a>
</li>
</ul>
<ul class="navbar-nav nav right">
<li> <a href="http://www.uscis.gov/greencard" target="_blank">GREEN CARD</a>
</li>
<li> <a href="http://www.uscis.gov/tools" target="_blank">TOOLS</a>
</li>
<li> <a href="http://www.uscis.gov/laws" target="_blank">LAWS</a>
</li>
</ul>
</div>
</div>
</div>
</div>
</div>
</div>
<!-- content section -->
<div class="main-content-sec pb40">
<span id="Content"> </span>
<div class="big-banner02 mb70">
<div class="main-row">
<div class="container">
<div class="login-panel-sec">
<div class="form-sec">
<div class="text-center"><img alt="My Logo" src="images/my_uscis_logo02.png"/></div>
<div class="form-horizontal">
<div class="form-group mt30">
<div class="col-sm-12 text-left">
<label for="accessviolation">
		                			It was reported to us that your IP address or internet gateway has been locked out for a select period of time.  This is due to an unusually high rate of use.  In order to avoid this issue, please create a Customer account (single applicant) or a Representative account (representing many individuals).
		                		</label>
</div>
</div>
</div>
</div>
</div>
</div>
</div>
</div>
</div>
<!-- footer section -->
<div class="footer-container">
<div class="container">
<div class="footer-logo">
<a class="footer-logo-visual" href="http://www.uscis.gov" target="_blank" title="U.S. Department of Homeland Security seal, U.S. Citizenship and Immigration Services logo">
<img alt="U.S. Department of Homeland Security seal, U.S. Citizenship and Immigration Services logo" src="/casestatus/images/footer_logo.png"/>
</a>
</div>
<div class="social_icon">
<ul>
<li>
<a href="https://www.facebook.com/uscis" target="_blank" title="USCIS on Facebook">
<img alt="USCIS on Facebook" src="images/facebook_icon.png"/>
</a>
</li>
<li>
<a href="https://www.twitter.com/uscis" target="_blank" title="USCIS on Twitter">
<img alt="USCIS on Twitter" src="images/twitter_icon.png"/>
</a>
</li>
<li>
<a href="https://www.instagram.com/uscis/?hl=en" target="_blank" title="USCIS on Instagram">
<img alt="USCIS on Instagram" src="images/instagram_icon.png"/>
</a>
</li>
<li>
<a href="https://www.youtube.com/uscis" target="_blank" title="USCIS on YouTube">
<img alt="USCIS on YouTube" src="images/youtube_icon.png"/>
</a>
</li>
<li>
<a href="http://www.uscis.gov/rss-landing" target="_blank" title="RSS Feeds">
<img alt="RSS Feeds" src="images/rss_icon.png"/>
</a>
</li>
</ul>
</div>
<div class="footer-nav">
<div class="footer-block">
<h4 class="heading">TOPICS</h4>
<ul class="show-print">
<li> <a href="http://www.uscis.gov/adoption" target="_blank">Adoption</a>
</li>
<li> <a href="http://www.uscis.gov/about-us/directorates-and-program-offices/administrative-appeals-office-aao/administrative-appeals-office-aao" target="_blank">Appeals</a>
</li>
<li> <a href="http://www.uscis.gov/avoid-scams" target="_blank">Avoid Scams</a>
</li>
<li> <a href="http://www.uscis.gov/us-citizenship" target="_blank">Citizenship</a>
</li>
<li> <a href="http://www.uscis.gov/citizenship" target="_blank">Citizenship Resource Center</a>
</li>
<li> <a href="http://www.uscis.gov/family" target="_blank">Family</a>
</li>
<li> <a href="http://www.uscis.gov/greencard" target="_blank">Green Card</a>
</li>
<li> <a href="http://www.uscis.gov/historyandgenealogy" target="_blank">History and Genealogy</a>
</li>
<li> <a href="http://www.uscis.gov/humanitarian" target="_blank">Humanitarian</a>
</li>
<li> <a href="http://www.uscis.gov/military" target="_blank">Military</a>
</li>
<li> <a href="http://www.uscis.gov/uscis-elis" target="_blank">File Online</a>
</li>
<li> <a href="http://www.uscis.gov/visit-united-states/visit-us" target="_blank">Visit the U.S.</a>
</li>
<li> <a href="http://www.uscis.gov/working-united-states/working-us" target="_blank">Working in the U.S.</a>
</li>
</ul>
</div>
<div class="footer-block">
<h4 class="heading">VERIFICATION</h4>
<ul class="show-print">
<li> <a href="http://www.uscis.gov/e-verify" target="_blank">E-Verify</a>
</li>
<li> <a href="http://www.uscis.gov/i-9-central" target="_blank">I-9 Central</a>
</li>
<li> <a href="http://www.uscis.gov/self-check" target="_blank">Self Check</a>
</li>
<li> <a href="http://www.uscis.gov/save" target="_blank">SAVE</a>
</li>
<li> <a href="https://www.uscis.gov/save/save-case-check" target="_blank">SAVE Case Check</a>
</li>
</ul>
</div>
<div class="footer-block">
<h4 class="heading">POLICIES</h4>
<ul class="show-print">
<li> <a href="http://www.uscis.gov/about-us/freedom-information-and-privacy-act-foia/uscis-freedom-information-act-and-privacy-act" target="_blank">USCIS Freedom of Information Act and Privacy Act</a>
</li>
<li> <a href="http://www.uscis.gov/website-policies/privacy-and-legal-disclaimers" target="_blank">Privacy and Legal Disclaimers</a>
</li>
<li> <a href="http://www.uscis.gov/no-fear-act/equal-employment-opportunity-data-posted-pursuant-no-fear-act" target="_blank">No FEAR Act</a>
</li>
<li> <a href="http://www.uscis.gov/website-policies" target="_blank">Website Policies</a>
</li>
<li> <a href="http://www.uscis.gov/accessibility" target="_blank">Accessibility</a>
</li>
<li> <a href="http://www.uscis.gov/social-media/social-media-policy" target="_blank">Social Media Policy</a>
</li>
<li> <a href="http://www.uscis.gov/website-policies/plug-ins" target="_blank">Plug-ins</a>
</li>
<li> <a href="http://www.adobe.com/reader" target="_blank">Adobe Reader</a>
</li>
</ul>
</div>
<div class="footer-block">
<h4 class="heading">GOVERNMENT</h4>
<ul class="show-print">
<li> <a href="http://travel.state.gov/passport/passport_1738.html" target="_blank">Passports</a>
</li>
<li> <a href="http://travel.state.gov/visa/bulletin/bulletin_1360.html" target="_blank">Visa Bulletin</a>
</li>
<li> <a href="http://www.dhs.gov" target="_blank">U.S. Department of Homeland Security</a>
</li>
<li> <a href="http://www.cbp.gov" target="_blank">U.S. Customs &amp; Border Protection</a>
</li>
<li> <a href="http://www.ice.gov" target="_blank">U.S. Immigration &amp; Customs Enforcement</a>
</li>
<li> <a href="http://www.whitehouse.gov" target="_blank">White House</a>
</li>
<li> <a href="http://www.state.gov" target="_blank">U.S. Department of State</a>
</li>
<li> <a href="http://www.usa.gov" target="_blank">USA.gov</a>
</li>
</ul>
</div>
</div>
<div class="main-row">
<div class="footer-logo-section clearfix">
<div class="footer-contant">
<p>
          National Customer Service Center
          <br/>
          1-800-375-5283
          <br/>
<br/>
          TDD for the Hearing Impaired
          <br/>
          1-800-767-1833
        </p>
</div>
</div>
</div>
</div>
</div>
<div id="popupDialogArea"></div>
<script type="text/javascript">window.NREUM||(NREUM={});NREUM.info={"applicationID":"41851475","applicationTime":21,"beacon":"bam.nr-data.net","queueTime":0,"licenseKey":"710a4cf17f","transactionName":"ZlEBbBQFCENRWkEMWF8bMEwUERJDcVpBDFhfGwRXEEoTQ1NQRktWQURNWxUXCR5RWkEMWF8aIFkVATVEUU1AFmRUVRFbDiUFRFlWWw==","agent":"","errorBeacon":"bam.nr-data.net"}</script></body>
</html>

Result has incorrect format: retry after 15 secs
Result has incorrect format: retry after 15 secs
Result has incorrect format: retry after 15 secs
Result has incorret format: possible IP ban, retry after 1.5 hr
Result has incorret format: possible IP ban, retry after 1.5 hr
Retried too many times, printing website content and exiting
<!DOCTYPE html PUBLIC "-//W3C//DTD XHTML 1.0 Transitional//EN" "http://www.w3.org/TR/xhtml1/DTD/xhtml1-transitional.dtd">
<html lang="en-US">
<head>
<meta content="text/html; charset=utf-8" http-equiv="Content-Type"/>
<meta content="IE=edge" http-equiv="X-UA-Compatible"/>
<meta content="width=device-width, initial-scale=1, maximum-scale=1, minimum-scale=1, user-scalable=no" name="viewport"/>
<meta content="View case status online using your receipt number, which can be found on notices that you may have received from USCIS. Also, sign up for myUSCIS to:
• Receive automatic case status updates by email or text message,
• View your case history and upcoming case activities,
• Check the status of multiple cases and inquiries that you may have submitted to USCIS" name="description"/>
<title>myUSCIS</title>
<script type="text/javascript">(window.NREUM||(NREUM={})).loader_config={xpid:"XQMDU1NSGwcBXFRTAwYC"};window.NREUM||(NREUM={}),__nr_require=function(t,n,e){function r(e){if(!n[e]){var o=n[e]={exports:{}};t[e][0].call(o.exports,function(n){var o=t[e][1][n];return r(o||n)},o,o.exports)}return n[e].exports}if("function"==typeof __nr_require)return __nr_require;for(var o=0;o<e.length;o++)r(e[o]);return r}({1:[function(t,n,e){function r(t){try{s.console&&console.log(t)}catch(n){}}var o,i=t("ee"),a=t(15),s={};try{o=localStorage.getItem("__nr_flags").split(","),console&&"function"==typeof console.log&&(s.console=!0,o.indexOf("dev")!==-1&&(s.dev=!0),o.indexOf("nr_dev")!==-1&&(s.nrDev=!0))}catch(c){}s.nrDev&&i.on("internal-error",function(t){r(t.stack)}),s.dev&&i.on("fn-err",function(t,n,e){r(e.stack)}),s.dev&&(r("NR AGENT IN DEVELOPMENT MODE"),r("flags: "+a(s,function(t,n){return t}).join(", ")))},{}],2:[function(t,n,e){function r(t,n,e,r,o){try{d?d-=1:i("err",[o||new UncaughtException(t,n,e)])}catch(s){try{i("ierr",[s,c.now(),!0])}catch(u){}}return"function"==typeof f&&f.apply(this,a(arguments))}function UncaughtException(t,n,e){this.message=t||"Uncaught error with no additional information",this.sourceURL=n,this.line=e}function o(t){i("err",[t,c.now()])}var i=t("handle"),a=t(16),s=t("ee"),c=t("loader"),f=window.onerror,u=!1,d=0;c.features.err=!0,t(1),window.onerror=r;try{throw new Error}catch(l){"stack"in l&&(t(8),t(7),"addEventListener"in window&&t(5),c.xhrWrappable&&t(9),u=!0)}s.on("fn-start",function(t,n,e){u&&(d+=1)}),s.on("fn-err",function(t,n,e){u&&(this.thrown=!0,o(e))}),s.on("fn-end",function(){u&&!this.thrown&&d>0&&(d-=1)}),s.on("internal-error",function(t){i("ierr",[t,c.now(),!0])})},{}],3:[function(t,n,e){t("loader").features.ins=!0},{}],4:[function(t,n,e){function r(t){}if(window.performance&&window.performance.timing&&window.performance.getEntriesByType){var o=t("ee"),i=t("handle"),a=t(8),s=t(7),c="learResourceTimings",f="addEventListener",u="resourcetimingbufferfull",d="bstResource",l="resource",p="-start",h="-end",m="fn"+p,w="fn"+h,v="bstTimer",y="pushState",g=t("loader");g.features.stn=!0,t(6);var b=NREUM.o.EV;o.on(m,function(t,n){var e=t[0];e instanceof b&&(this.bstStart=g.now())}),o.on(w,function(t,n){var e=t[0];e instanceof b&&i("bst",[e,n,this.bstStart,g.now()])}),a.on(m,function(t,n,e){this.bstStart=g.now(),this.bstType=e}),a.on(w,function(t,n){i(v,[n,this.bstStart,g.now(),this.bstType])}),s.on(m,function(){this.bstStart=g.now()}),s.on(w,function(t,n){i(v,[n,this.bstStart,g.now(),"requestAnimationFrame"])}),o.on(y+p,function(t){this.time=g.now(),this.startPath=location.pathname+location.hash}),o.on(y+h,function(t){i("bstHist",[location.pathname+location.hash,this.startPath,this.time])}),f in window.performance&&(window.performance["c"+c]?window.performance[f](u,function(t){i(d,[window.performance.getEntriesByType(l)]),window.performance["c"+c]()},!1):window.performance[f]("webkit"+u,function(t){i(d,[window.performance.getEntriesByType(l)]),window.performance["webkitC"+c]()},!1)),document[f]("scroll",r,{passive:!0}),document[f]("keypress",r,!1),document[f]("click",r,!1)}},{}],5:[function(t,n,e){function r(t){for(var n=t;n&&!n.hasOwnProperty(u);)n=Object.getPrototypeOf(n);n&&o(n)}function o(t){s.inPlace(t,[u,d],"-",i)}function i(t,n){return t[1]}var a=t("ee").get("events"),s=t(18)(a,!0),c=t("gos"),f=XMLHttpRequest,u="addEventListener",d="removeEventListener";n.exports=a,"getPrototypeOf"in Object?(r(document),r(window),r(f.prototype)):f.prototype.hasOwnProperty(u)&&(o(window),o(f.prototype)),a.on(u+"-start",function(t,n){var e=t[1],r=c(e,"nr@wrapped",function(){function t(){if("function"==typeof e.handleEvent)return e.handleEvent.apply(e,arguments)}var n={object:t,"function":e}[typeof e];return n?s(n,"fn-",null,n.name||"anonymous"):e});this.wrapped=t[1]=r}),a.on(d+"-start",function(t){t[1]=this.wrapped||t[1]})},{}],6:[function(t,n,e){var r=t("ee").get("history"),o=t(18)(r);n.exports=r,o.inPlace(window.history,["pushState","replaceState"],"-")},{}],7:[function(t,n,e){var r=t("ee").get("raf"),o=t(18)(r),i="equestAnimationFrame";n.exports=r,o.inPlace(window,["r"+i,"mozR"+i,"webkitR"+i,"msR"+i],"raf-"),r.on("raf-start",function(t){t[0]=o(t[0],"fn-")})},{}],8:[function(t,n,e){function r(t,n,e){t[0]=a(t[0],"fn-",null,e)}function o(t,n,e){this.method=e,this.timerDuration="number"==typeof t[1]?t[1]:0,t[0]=a(t[0],"fn-",this,e)}var i=t("ee").get("timer"),a=t(18)(i),s="setTimeout",c="setInterval",f="clearTimeout",u="-start",d="-";n.exports=i,a.inPlace(window,[s,"setImmediate"],s+d),a.inPlace(window,[c],c+d),a.inPlace(window,[f,"clearImmediate"],f+d),i.on(c+u,r),i.on(s+u,o)},{}],9:[function(t,n,e){function r(t,n){d.inPlace(n,["onreadystatechange"],"fn-",s)}function o(){var t=this,n=u.context(t);t.readyState>3&&!n.resolved&&(n.resolved=!0,u.emit("xhr-resolved",[],t)),d.inPlace(t,w,"fn-",s)}function i(t){v.push(t),h&&(g=-g,b.data=g)}function a(){for(var t=0;t<v.length;t++)r([],v[t]);v.length&&(v=[])}function s(t,n){return n}function c(t,n){for(var e in t)n[e]=t[e];return n}t(5);var f=t("ee"),u=f.get("xhr"),d=t(18)(u),l=NREUM.o,p=l.XHR,h=l.MO,m="readystatechange",w=["onload","onerror","onabort","onloadstart","onloadend","onprogress","ontimeout"],v=[];n.exports=u;var y=window.XMLHttpRequest=function(t){var n=new p(t);try{u.emit("new-xhr",[n],n),n.addEventListener(m,o,!1)}catch(e){try{u.emit("internal-error",[e])}catch(r){}}return n};if(c(p,y),y.prototype=p.prototype,d.inPlace(y.prototype,["open","send"],"-xhr-",s),u.on("send-xhr-start",function(t,n){r(t,n),i(n)}),u.on("open-xhr-start",r),h){var g=1,b=document.createTextNode(g);new h(a).observe(b,{characterData:!0})}else f.on("fn-end",function(t){t[0]&&t[0].type===m||a()})},{}],10:[function(t,n,e){function r(t){var n=this.params,e=this.metrics;if(!this.ended){this.ended=!0;for(var r=0;r<d;r++)t.removeEventListener(u[r],this.listener,!1);if(!n.aborted){if(e.duration=a.now()-this.startTime,4===t.readyState){n.status=t.status;var i=o(t,this.lastSize);if(i&&(e.rxSize=i),this.sameOrigin){var c=t.getResponseHeader("X-NewRelic-App-Data");c&&(n.cat=c.split(", ").pop())}}else n.status=0;e.cbTime=this.cbTime,f.emit("xhr-done",[t],t),s("xhr",[n,e,this.startTime])}}}function o(t,n){var e=t.responseType;if("json"===e&&null!==n)return n;var r="arraybuffer"===e||"blob"===e||"json"===e?t.response:t.responseText;return h(r)}function i(t,n){var e=c(n),r=t.params;r.host=e.hostname+":"+e.port,r.pathname=e.pathname,t.sameOrigin=e.sameOrigin}var a=t("loader");if(a.xhrWrappable){var s=t("handle"),c=t(11),f=t("ee"),u=["load","error","abort","timeout"],d=u.length,l=t("id"),p=t(14),h=t(13),m=window.XMLHttpRequest;a.features.xhr=!0,t(9),f.on("new-xhr",function(t){var n=this;n.totalCbs=0,n.called=0,n.cbTime=0,n.end=r,n.ended=!1,n.xhrGuids={},n.lastSize=null,p&&(p>34||p<10)||window.opera||t.addEventListener("progress",function(t){n.lastSize=t.loaded},!1)}),f.on("open-xhr-start",function(t){this.params={method:t[0]},i(this,t[1]),this.metrics={}}),f.on("open-xhr-end",function(t,n){"loader_config"in NREUM&&"xpid"in NREUM.loader_config&&this.sameOrigin&&n.setRequestHeader("X-NewRelic-ID",NREUM.loader_config.xpid)}),f.on("send-xhr-start",function(t,n){var e=this.metrics,r=t[0],o=this;if(e&&r){var i=h(r);i&&(e.txSize=i)}this.startTime=a.now(),this.listener=function(t){try{"abort"===t.type&&(o.params.aborted=!0),("load"!==t.type||o.called===o.totalCbs&&(o.onloadCalled||"function"!=typeof n.onload))&&o.end(n)}catch(e){try{f.emit("internal-error",[e])}catch(r){}}};for(var s=0;s<d;s++)n.addEventListener(u[s],this.listener,!1)}),f.on("xhr-cb-time",function(t,n,e){this.cbTime+=t,n?this.onloadCalled=!0:this.called+=1,this.called!==this.totalCbs||!this.onloadCalled&&"function"==typeof e.onload||this.end(e)}),f.on("xhr-load-added",function(t,n){var e=""+l(t)+!!n;this.xhrGuids&&!this.xhrGuids[e]&&(this.xhrGuids[e]=!0,this.totalCbs+=1)}),f.on("xhr-load-removed",function(t,n){var e=""+l(t)+!!n;this.xhrGuids&&this.xhrGuids[e]&&(delete this.xhrGuids[e],this.totalCbs-=1)}),f.on("addEventListener-end",function(t,n){n instanceof m&&"load"===t[0]&&f.emit("xhr-load-added",[t[1],t[2]],n)}),f.on("removeEventListener-end",function(t,n){n instanceof m&&"load"===t[0]&&f.emit("xhr-load-removed",[t[1],t[2]],n)}),f.on("fn-start",function(t,n,e){n instanceof m&&("onload"===e&&(this.onload=!0),("load"===(t[0]&&t[0].type)||this.onload)&&(this.xhrCbStart=a.now()))}),f.on("fn-end",function(t,n){this.xhrCbStart&&f.emit("xhr-cb-time",[a.now()-this.xhrCbStart,this.onload,n],n)})}},{}],11:[function(t,n,e){n.exports=function(t){var n=document.createElement("a"),e=window.location,r={};n.href=t,r.port=n.port;var o=n.href.split("://");!r.port&&o[1]&&(r.port=o[1].split("/")[0].split("@").pop().split(":")[1]),r.port&&"0"!==r.port||(r.port="https"===o[0]?"443":"80"),r.hostname=n.hostname||e.hostname,r.pathname=n.pathname,r.protocol=o[0],"/"!==r.pathname.charAt(0)&&(r.pathname="/"+r.pathname);var i=!n.protocol||":"===n.protocol||n.protocol===e.protocol,a=n.hostname===document.domain&&n.port===e.port;return r.sameOrigin=i&&(!n.hostname||a),r}},{}],12:[function(t,n,e){function r(){}function o(t,n,e){return function(){return i(t,[f.now()].concat(s(arguments)),n?null:this,e),n?void 0:this}}var i=t("handle"),a=t(15),s=t(16),c=t("ee").get("tracer"),f=t("loader"),u=NREUM;"undefined"==typeof window.newrelic&&(newrelic=u);var d=["setPageViewName","setCustomAttribute","setErrorHandler","finished","addToTrace","inlineHit","addRelease"],l="api-",p=l+"ixn-";a(d,function(t,n){u[n]=o(l+n,!0,"api")}),u.addPageAction=o(l+"addPageAction",!0),u.setCurrentRouteName=o(l+"routeName",!0),n.exports=newrelic,u.interaction=function(){return(new r).get()};var h=r.prototype={createTracer:function(t,n){var e={},r=this,o="function"==typeof n;return i(p+"tracer",[f.now(),t,e],r),function(){if(c.emit((o?"":"no-")+"fn-start",[f.now(),r,o],e),o)try{return n.apply(this,arguments)}finally{c.emit("fn-end",[f.now()],e)}}}};a("setName,setAttribute,save,ignore,onEnd,getContext,end,get".split(","),function(t,n){h[n]=o(p+n)}),newrelic.noticeError=function(t){"string"==typeof t&&(t=new Error(t)),i("err",[t,f.now()])}},{}],13:[function(t,n,e){n.exports=function(t){if("string"==typeof t&&t.length)return t.length;if("object"==typeof t){if("undefined"!=typeof ArrayBuffer&&t instanceof ArrayBuffer&&t.byteLength)return t.byteLength;if("undefined"!=typeof Blob&&t instanceof Blob&&t.size)return t.size;if(!("undefined"!=typeof FormData&&t instanceof FormData))try{return JSON.stringify(t).length}catch(n){return}}}},{}],14:[function(t,n,e){var r=0,o=navigator.userAgent.match(/Firefox[\/\s](\d+\.\d+)/);o&&(r=+o[1]),n.exports=r},{}],15:[function(t,n,e){function r(t,n){var e=[],r="",i=0;for(r in t)o.call(t,r)&&(e[i]=n(r,t[r]),i+=1);return e}var o=Object.prototype.hasOwnProperty;n.exports=r},{}],16:[function(t,n,e){function r(t,n,e){n||(n=0),"undefined"==typeof e&&(e=t?t.length:0);for(var r=-1,o=e-n||0,i=Array(o<0?0:o);++r<o;)i[r]=t[n+r];return i}n.exports=r},{}],17:[function(t,n,e){n.exports={exists:"undefined"!=typeof window.performance&&window.performance.timing&&"undefined"!=typeof window.performance.timing.navigationStart}},{}],18:[function(t,n,e){function r(t){return!(t&&t instanceof Function&&t.apply&&!t[a])}var o=t("ee"),i=t(16),a="nr@original",s=Object.prototype.hasOwnProperty,c=!1;n.exports=function(t,n){function e(t,n,e,o){function nrWrapper(){var r,a,s,c;try{a=this,r=i(arguments),s="function"==typeof e?e(r,a):e||{}}catch(f){l([f,"",[r,a,o],s])}u(n+"start",[r,a,o],s);try{return c=t.apply(a,r)}catch(d){throw u(n+"err",[r,a,d],s),d}finally{u(n+"end",[r,a,c],s)}}return r(t)?t:(n||(n=""),nrWrapper[a]=t,d(t,nrWrapper),nrWrapper)}function f(t,n,o,i){o||(o="");var a,s,c,f="-"===o.charAt(0);for(c=0;c<n.length;c++)s=n[c],a=t[s],r(a)||(t[s]=e(a,f?s+o:o,i,s))}function u(e,r,o){if(!c||n){var i=c;c=!0;try{t.emit(e,r,o,n)}catch(a){l([a,e,r,o])}c=i}}function d(t,n){if(Object.defineProperty&&Object.keys)try{var e=Object.keys(t);return e.forEach(function(e){Object.defineProperty(n,e,{get:function(){return t[e]},set:function(n){return t[e]=n,n}})}),n}catch(r){l([r])}for(var o in t)s.call(t,o)&&(n[o]=t[o]);return n}function l(n){try{t.emit("internal-error",n)}catch(e){}}return t||(t=o),e.inPlace=f,e.flag=a,e}},{}],ee:[function(t,n,e){function r(){}function o(t){function n(t){return t&&t instanceof r?t:t?c(t,s,i):i()}function e(e,r,o,i){if(!l.aborted||i){t&&t(e,r,o);for(var a=n(o),s=h(e),c=s.length,f=0;f<c;f++)s[f].apply(a,r);var d=u[y[e]];return d&&d.push([g,e,r,a]),a}}function p(t,n){v[t]=h(t).concat(n)}function h(t){return v[t]||[]}function m(t){return d[t]=d[t]||o(e)}function w(t,n){f(t,function(t,e){n=n||"feature",y[e]=n,n in u||(u[n]=[])})}var v={},y={},g={on:p,emit:e,get:m,listeners:h,context:n,buffer:w,abort:a,aborted:!1};return g}function i(){return new r}function a(){(u.api||u.feature)&&(l.aborted=!0,u=l.backlog={})}var s="nr@context",c=t("gos"),f=t(15),u={},d={},l=n.exports=o();l.backlog=u},{}],gos:[function(t,n,e){function r(t,n,e){if(o.call(t,n))return t[n];var r=e();if(Object.defineProperty&&Object.keys)try{return Object.defineProperty(t,n,{value:r,writable:!0,enumerable:!1}),r}catch(i){}return t[n]=r,r}var o=Object.prototype.hasOwnProperty;n.exports=r},{}],handle:[function(t,n,e){function r(t,n,e,r){o.buffer([t],r),o.emit(t,n,e)}var o=t("ee").get("handle");n.exports=r,r.ee=o},{}],id:[function(t,n,e){function r(t){var n=typeof t;return!t||"object"!==n&&"function"!==n?-1:t===window?0:a(t,i,function(){return o++})}var o=1,i="nr@id",a=t("gos");n.exports=r},{}],loader:[function(t,n,e){function r(){if(!x++){var t=b.info=NREUM.info,n=l.getElementsByTagName("script")[0];if(setTimeout(u.abort,3e4),!(t&&t.licenseKey&&t.applicationID&&n))return u.abort();f(y,function(n,e){t[n]||(t[n]=e)}),c("mark",["onload",a()+b.offset],null,"api");var e=l.createElement("script");e.src="https://"+t.agent,n.parentNode.insertBefore(e,n)}}function o(){"complete"===l.readyState&&i()}function i(){c("mark",["domContent",a()+b.offset],null,"api")}function a(){return E.exists&&performance.now?Math.round(performance.now()):(s=Math.max((new Date).getTime(),s))-b.offset}var s=(new Date).getTime(),c=t("handle"),f=t(15),u=t("ee"),d=window,l=d.document,p="addEventListener",h="attachEvent",m=d.XMLHttpRequest,w=m&&m.prototype;NREUM.o={ST:setTimeout,CT:clearTimeout,XHR:m,REQ:d.Request,EV:d.Event,PR:d.Promise,MO:d.MutationObserver};var v=""+location,y={beacon:"bam.nr-data.net",errorBeacon:"bam.nr-data.net",agent:"js-agent.newrelic.com/nr-1026.min.js"},g=m&&w&&w[p]&&!/CriOS/.test(navigator.userAgent),b=n.exports={offset:s,now:a,origin:v,features:{},xhrWrappable:g};t(12),l[p]?(l[p]("DOMContentLoaded",i,!1),d[p]("load",r,!1)):(l[h]("onreadystatechange",o),d[h]("onload",r)),c("mark",["firstbyte",s],null,"api");var x=0,E=t(17)},{}]},{},["loader",2,10,4,3]);</script><script type="text/javascript">
      var appName = 'myUSCIS';
      var mainContentId = 'Content';
      var cancelButtonCaption = 'Cancel';
      var okButtonCaption = 'OK';
      var closeButtonCaption = 'Close';
      
      Object.size = function(obj) {
	    var size = 0, key;
	    for( key in obj ) {
	        if( obj.hasOwnProperty(key) ) size++;
	    }
	    return size;
	  };

	  var sessionTimeoutWarning = 'Your session will expire in 5 minutes. Click \'OK\' to extend your session.';
	  var sessionExtended = 'Your session has been extended.';
	  var sessionNotExtended = 'Your session will not be extended.';
      
  </script>
<link href="https://my.uscis.gov/assets/favicon-9429d1fce1555403bc766c9a06e15410.ico" rel="shortcut icon" type="image/x-icon"/>
<link href="/casestatus/style/bootstrap.css;jsessionid=F7C92CDF692209DBD834522D8669036B" rel="stylesheet"/>
<link href="/casestatus/style/style.css;jsessionid=F7C92CDF692209DBD834522D8669036B" rel="stylesheet"/>
<link href="/casestatus/style/csso.css;jsessionid=F7C92CDF692209DBD834522D8669036B" rel="stylesheet"/>
<link href="/casestatus/style/datatable.css;jsessionid=F7C92CDF692209DBD834522D8669036B" rel="stylesheet"/>
<link href="/casestatus/style/fuelux.css;jsessionid=F7C92CDF692209DBD834522D8669036B" rel="stylesheet"/>
<link href="/casestatus/style/jquery/jquery-ui.min.css;jsessionid=F7C92CDF692209DBD834522D8669036B" rel="stylesheet"/>
<script src="/casestatus/scripts/bootstrap/bootstrap.js;jsessionid=F7C92CDF692209DBD834522D8669036B" type="text/javascript"></script>
<script src="/casestatus/scripts/jquery/jquery.min.js;jsessionid=F7C92CDF692209DBD834522D8669036B" type="text/javascript"></script>
<script src="/casestatus/scripts/jquery/jquery-migrate.min.js;jsessionid=F7C92CDF692209DBD834522D8669036B" type="text/javascript"></script>
<script src="/casestatus/scripts/jquery/jquery-ui.min.js;jsessionid=F7C92CDF692209DBD834522D8669036B" type="text/javascript"></script>
<script src="/casestatus/scripts/fuelux.js;jsessionid=F7C92CDF692209DBD834522D8669036B" type="text/javascript"></script>
<script type="text/javascript">
  	var $j= jQuery.noConflict();
  </script>
<script src="/casestatus/scripts/jquery/jquery.validate.min.js;jsessionid=F7C92CDF692209DBD834522D8669036B" type="text/javascript"></script>
<script src="/casestatus/scripts/custom.js;jsessionid=F7C92CDF692209DBD834522D8669036B" type="text/javascript"></script>
<script src="/casestatus/scripts/modernizr.js;jsessionid=F7C92CDF692209DBD834522D8669036B" type="text/javascript"></script>
<script src="/casestatus/scripts/csso.js;jsessionid=F7C92CDF692209DBD834522D8669036B" type="text/javascript"></script>
<script src="/casestatus/scripts/dialog.js;jsessionid=F7C92CDF692209DBD834522D8669036B" type="text/javascript"></script>
<script src="/casestatus/scripts/yui/yahoo-min.js;jsessionid=F7C92CDF692209DBD834522D8669036B" type="text/javascript"></script>
<script src="/casestatus/scripts/yui/event-min.js;jsessionid=F7C92CDF692209DBD834522D8669036B" type="text/javascript"></script>
<script src="/casestatus/scripts/yui/dom-min.js;jsessionid=F7C92CDF692209DBD834522D8669036B" type="text/javascript"></script>
<script src="/casestatus/scripts/yui/yahoo-dom-event.js;jsessionid=F7C92CDF692209DBD834522D8669036B" type="text/javascript"></script>
<script src="/casestatus/scripts/yui/container_core-min.js;jsessionid=F7C92CDF692209DBD834522D8669036B" type="text/javascript"></script>
<script src="/casestatus/scripts/yui/connection-min.js;jsessionid=F7C92CDF692209DBD834522D8669036B" type="text/javascript"></script>
<!--  <script src="/casestatus/scripts/google-analytics/federated-analytics-DHS.js;jsessionid=F7C92CDF692209DBD834522D8669036B" type="text/javascript"></script> -->
<!-- Adding Digital Analytics DAP -->
<script async="" id="_fed_an_ua_tag" src="https://dap.digitalgov.gov/Universal-Federated-Analytics-Min.js?agency=DHS" type="text/javascript"></script>
</head>
<body>
<script type="text/javascript">

	var receiptPrefixMap = new Object;
	
	   receiptPrefixMap['ABQ'] = 'ABQ';
	
	   receiptPrefixMap['AGA'] = 'AGA';
	
	   receiptPrefixMap['ALB'] = 'ALB';
	
	   receiptPrefixMap['ANC'] = 'ANC';
	
	   receiptPrefixMap['ATL'] = 'ATL';
	
	   receiptPrefixMap['BAL'] = 'BAL';
	
	   receiptPrefixMap['BOI'] = 'BOI';
	
	   receiptPrefixMap['BOS'] = 'BOS';
	
	   receiptPrefixMap['BUF'] = 'BUF';
	
	   receiptPrefixMap['CHA'] = 'CHA';
	
	   receiptPrefixMap['CHI'] = 'CHI';
	
	   receiptPrefixMap['CHL'] = 'CHL';
	
	   receiptPrefixMap['CHR'] = 'CHR';
	
	   receiptPrefixMap['CIN'] = 'CIN';
	
	   receiptPrefixMap['CLE'] = 'CLE';
	
	   receiptPrefixMap['CLM'] = 'CLM';
	
	   receiptPrefixMap['CLT'] = 'CLT';
	
	   receiptPrefixMap['CSC'] = 'CSC';
	
	   receiptPrefixMap['DAL'] = 'DAL';
	
	   receiptPrefixMap['DEN'] = 'DEN';
	
	   receiptPrefixMap['DET'] = 'DET';
	
	   receiptPrefixMap['DSM'] = 'DSM';
	
	   receiptPrefixMap['EAC'] = 'EAC';
	
	   receiptPrefixMap['ELP'] = 'ELP';
	
	   receiptPrefixMap['FRE'] = 'FRE';
	
	   receiptPrefixMap['FSA'] = 'FSA';
	
	   receiptPrefixMap['GRR'] = 'GRR';
	
	   receiptPrefixMap['HAR'] = 'HAR';
	
	   receiptPrefixMap['HEL'] = 'HEL';
	
	   receiptPrefixMap['HHW'] = 'HHW';
	
	   receiptPrefixMap['HIA'] = 'HIA';
	
	   receiptPrefixMap['HLG'] = 'HLG';
	
	   receiptPrefixMap['HNT'] = 'HNT';
	
	   receiptPrefixMap['HOU'] = 'HOU';
	
	   receiptPrefixMap['IMP'] = 'IMP';
	
	   receiptPrefixMap['INP'] = 'INP';
	
	   receiptPrefixMap['IOE'] = 'IOE';
	
	   receiptPrefixMap['JAC'] = 'JAC';
	
	   receiptPrefixMap['JAK'] = 'JAK';
	
	   receiptPrefixMap['KAN'] = 'KAN';
	
	   receiptPrefixMap['KND'] = 'KND';
	
	   receiptPrefixMap['LAW'] = 'LAW';
	
	   receiptPrefixMap['LIN'] = 'LIN';
	
	   receiptPrefixMap['LNY'] = 'LNY';
	
	   receiptPrefixMap['LOS'] = 'LOS';
	
	   receiptPrefixMap['LOU'] = 'LOU';
	
	   receiptPrefixMap['LVG'] = 'LVG';
	
	   receiptPrefixMap['MAN'] = 'MAN';
	
	   receiptPrefixMap['MEM'] = 'MEM';
	
	   receiptPrefixMap['MIA'] = 'MIA';
	
	   receiptPrefixMap['MIL'] = 'MIL';
	
	   receiptPrefixMap['MSC'] = 'MSC';
	
	   receiptPrefixMap['MTL'] = 'MTL';
	
	   receiptPrefixMap['NBC'] = 'NBC';
	
	   receiptPrefixMap['NEW'] = 'NEW';
	
	   receiptPrefixMap['NOL'] = 'NOL';
	
	   receiptPrefixMap['NOR'] = 'NOR';
	
	   receiptPrefixMap['NSC'] = 'NSC';
	
	   receiptPrefixMap['NYC'] = 'NYC';
	
	   receiptPrefixMap['OAK'] = 'OAK';
	
	   receiptPrefixMap['OKC'] = 'OKC';
	
	   receiptPrefixMap['OKL'] = 'OKL';
	
	   receiptPrefixMap['OMA'] = 'OMA';
	
	   receiptPrefixMap['ORL'] = 'ORL';
	
	   receiptPrefixMap['PHI'] = 'PHI';
	
	   receiptPrefixMap['PHO'] = 'PHO';
	
	   receiptPrefixMap['PIT'] = 'PIT';
	
	   receiptPrefixMap['POM'] = 'POM';
	
	   receiptPrefixMap['POO'] = 'POO';
	
	   receiptPrefixMap['PRO'] = 'PRO';
	
	   receiptPrefixMap['QNS'] = 'QNS';
	
	   receiptPrefixMap['RAL'] = 'RAL';
	
	   receiptPrefixMap['REN'] = 'REN';
	
	   receiptPrefixMap['SAA'] = 'SAA';
	
	   receiptPrefixMap['SAC'] = 'SAC';
	
	   receiptPrefixMap['SAJ'] = 'SAJ';
	
	   receiptPrefixMap['SBD'] = 'SBD';
	
	   receiptPrefixMap['SEA'] = 'SEA';
	
	   receiptPrefixMap['SFR'] = 'SFR';
	
	   receiptPrefixMap['SFV'] = 'SFV';
	
	   receiptPrefixMap['SLC'] = 'SLC';
	
	   receiptPrefixMap['SNA'] = 'SNA';
	
	   receiptPrefixMap['SND'] = 'SND';
	
	   receiptPrefixMap['SNJ'] = 'SNJ';
	
	   receiptPrefixMap['SPM'] = 'SPM';
	
	   receiptPrefixMap['SPO'] = 'SPO';
	
	   receiptPrefixMap['SRC'] = 'SRC';
	
	   receiptPrefixMap['STA'] = 'STA';
	
	   receiptPrefixMap['STL'] = 'STL';
	
	   receiptPrefixMap['TAM'] = 'TAM';
	
	   receiptPrefixMap['TSC'] = 'TSC';
	
	   receiptPrefixMap['TUC'] = 'TUC';
	
	   receiptPrefixMap['VSC'] = 'VSC';
	
	   receiptPrefixMap['WAC'] = 'WAC';
	
	   receiptPrefixMap['WAS'] = 'WAS';
	
	   receiptPrefixMap['WIC'] = 'WIC';
	
	   receiptPrefixMap['WPB'] = 'WPB';
	
	   receiptPrefixMap['YAK'] = 'YAK';
	
	   receiptPrefixMap['YSC'] = 'YSC';
	
	   receiptPrefixMap['ZAR'] = 'ZAR';
	
	   receiptPrefixMap['ZCH'] = 'ZCH';
	
	   receiptPrefixMap['ZHN'] = 'ZHN';
	
	   receiptPrefixMap['ZLA'] = 'ZLA';
	
	   receiptPrefixMap['ZMI'] = 'ZMI';
	
	   receiptPrefixMap['ZNK'] = 'ZNK';
	
	   receiptPrefixMap['ZNY'] = 'ZNY';
	
	   receiptPrefixMap['ZSF'] = 'ZSF';
	  
	
  var validationMessages = new Object;
  validationMessages['error.empty.receiptnumber'] = 
  'Please enter an application receipt number.';
   validationMessages['error.invalid.receiptnumber'] = 
   'The application receipt number entered is invalid. Please check your receipt number and try again.';
  validationMessages['error.popup.introduction'] = 
   'You have the following errors:';
  validationMessages['error.empty.username'] = 
   'User name is required';	
  validationMessages['error.empty.password'] = 
   'Password is required';   		
   
   validationMessages['error.empty.firstname'] = 
   'First name is required';
   validationMessages['error.empty.lastname'] = 
    'Last name is required';
   validationMessages['error.empty.country'] = 
    'Country/Region is required';
   validationMessages['error.empty.city'] = 
    'City is required';	
   validationMessages['error.empty.postalcode'] = 
    'Postal code is required';   	
   validationMessages['error.empty.email'] = 
	'Email address is required';
   validationMessages['error.empty.passwordconfirmation'] = 
	'Password confirmation is required';
   validationMessages['error.empty.state'] = 
	'State is required for United States of America';
   validationMessages['error.empty.passwordhintquestion1'] = 
	'Password hint question 1 is required';	
   validationMessages['error.empty.passwordhintanswer1'] = 
	'Password hint answer 1 is required'; 
   validationMessages['error.empty.passwordhintquestion2'] = 
	'Password hint question 2 is required';	
   validationMessages['error.empty.passwordhintanswer2'] = 
	'Password hint answer 2 is required'; 	
   validationMessages['error.empty.passwordhintquestion3'] = 
	'Password hint question 3 is required';	
   validationMessages['error.empty.passwordhintanswer3'] = 
	'Password hint answer 3 is required'; 
   validationMessages['error.empty.passwordhintquestion4'] = 
	'Password hint question 4 is required';	
   validationMessages['error.empty.passwordhintanswer4'] = 
	'Password hint answer 4 is required'; 		
   validationMessages['error.invalid.email'] = 
	'Enter a valid email address'; 
   validationMessages['error.invalid.mobilePhone'] = 
	'Mobile phone must be ten digits. Hyphens are optional (###-###-####).'; 	
   validationMessages['error.empty.userSubType'] = 
    'User type is required';		  
   validationMessages['error.invalid.postalCode'] = 
    'US postal code must be either five digits or nine digits with a hyphen ((#####-####)';	      
   validationMessages['error.invalid.userNameLength'] = 
    'User Name must be between 8 and 14 characters';
   validationMessages['error.invalid.passwordDollarSign'] = 
    'Password cannot contain the dollar sign';        
   validationMessages['error.invalid.passwordUpperCase'] = 
    'Password must contain at least one upper case character'; 
   validationMessages['error.invalid.passwordLowerCase'] = 
    'Password must contain at least one lower case character';     
   validationMessages['error.invalid.passwordUserName'] = 
    'Password cannot contain your user name';
   validationMessages['error.invalid.passwordNumber'] = 
    'Password must contain at least one number';          
   validationMessages['error.invalid.passwordPassword'] = 
    'Password cannot contain the word "password"';        
   validationMessages['error.invalid.passwordConsecutiveChars'] = 
    'Password cannot contain more than two consecutive identical characters';          
   validationMessages['error.empty.organizationName'] = 
    'Organization name is required'; 
   validationMessages['error.empty.organizationType'] = 
    'Organization type is required';        
   validationMessages['error.invalid.passwordConfirmationMatch'] = 
    'Password confirmation must match the password';   
   validationMessages['error.empty.passwordhintanswer'] = 
     'Password hint answer is required';    
   validationMessages['error.invalid.passwordLength'] = 
     'Password must be between 8 and 14 characters';         
   validationMessages['error.invalid.userNameDollarSign'] = 
     'User name cannot contain the dollar sign';        

</script>
<a class="skipNav" href="#Content" id="skipper">Skip to Content</a>
<!-- header section -->
<div class="header">
<div class="top-bar">
<div class="container">
<div class="left-side">
<span class="pull-left"><img alt="United States Flag" src="/casestatus/images/us_flag.png" title="United States Flag"/></span>
<span class="pull-left">Official Website of the Department of Homeland Security</span>
</div>
<div class="pull-right">
<script type="text/javascript">var changeLangTo = "es";</script>
<a class="right-side" href="javascript:void(0)" id="changeLocaleAnchor" lang="es-US" title="Cambiar idioma a español">Español</a>
</div>
<div class="mid-logo">
<a class="mid-logo-visual" href="http://www.uscis.gov" target="_blank" title="U.S. Department of Homeland Security seal, U.S. Citizenship and Immigration Services logo">
<img alt="U.S. Department of Homeland Security seal, U.S. Citizenship and Immigration Services logo" src="/casestatus/images/uscis_logo.png"/>
</a>
</div>
</div>
</div>
<div class="bottom-sec">
<div class="container">
<ul class="top-link">
<li>
<a href="/casestatus/displayLogon.do;jsessionid=F7C92CDF692209DBD834522D8669036B" title="Login">Login</a>
	       
	       
	       
	       
	       
	       
	        
	         <span>or</span>
</li>
<li>
<a href="disclaimer.do" title="Sign up">Sign up</a>
</li>
</ul>
<ul class="top-link-right">
<li>
</li>
</ul>
</div>
</div>
<div class="menu-bar">
<div class="container2">
<div class="navbar navbar-default show-print">
<div class="navbar-header">
<div class="container">
<a alt="Toggle Navigation" class="navbar-toggle" data-target=".navbar-collapse" data-toggle="collapse" href="javascript:void(0)" tabindex="-1" title="Toggle Navigation">
<img alt="select to open menu" class=".icon-bar" id="menuIcon" src="images/menu_closed.png" tabindex="0"/>
</a>
</div>
</div>
<div class="container">
<div class="navbar-collapse collapse show-print">
<ul class="navbar-nav nav left">
<li> <a href="http://www.uscis.gov/forms" target="_blank">FORMS</a>
</li>
<li> <a href="http://www.uscis.gov/news" target="_blank">NEWS</a>
</li>
<li> <a href="http://www.uscis.gov/us-citizenship" target="_blank">CITIZENSHIP</a>
</li>
</ul>
<ul class="navbar-nav nav right">
<li> <a href="http://www.uscis.gov/greencard" target="_blank">GREEN CARD</a>
</li>
<li> <a href="http://www.uscis.gov/tools" target="_blank">TOOLS</a>
</li>
<li> <a href="http://www.uscis.gov/laws" target="_blank">LAWS</a>
</li>
</ul>
</div>
</div>
</div>
</div>
</div>
</div>
<!-- content section -->
<div class="main-content-sec pb40">
<span id="Content"> </span>
<div class="big-banner02 mb70">
<div class="main-row">
<div class="container">
<div class="login-panel-sec">
<div class="form-sec">
<div class="text-center"><img alt="My Logo" src="images/my_uscis_logo02.png"/></div>
<div class="form-horizontal">
<div class="form-group mt30">
<div class="col-sm-12 text-left">
<label for="accessviolation">
		                			It was reported to us that your IP address or internet gateway has been locked out for a select period of time.  This is due to an unusually high rate of use.  In order to avoid this issue, please create a Customer account (single applicant) or a Representative account (representing many individuals).
		                		</label>
</div>
</div>
</div>
</div>
</div>
</div>
</div>
</div>
</div>
<!-- footer section -->
<div class="footer-container">
<div class="container">
<div class="footer-logo">
<a class="footer-logo-visual" href="http://www.uscis.gov" target="_blank" title="U.S. Department of Homeland Security seal, U.S. Citizenship and Immigration Services logo">
<img alt="U.S. Department of Homeland Security seal, U.S. Citizenship and Immigration Services logo" src="/casestatus/images/footer_logo.png"/>
</a>
</div>
<div class="social_icon">
<ul>
<li>
<a href="https://www.facebook.com/uscis" target="_blank" title="USCIS on Facebook">
<img alt="USCIS on Facebook" src="images/facebook_icon.png"/>
</a>
</li>
<li>
<a href="https://www.twitter.com/uscis" target="_blank" title="USCIS on Twitter">
<img alt="USCIS on Twitter" src="images/twitter_icon.png"/>
</a>
</li>
<li>
<a href="https://www.instagram.com/uscis/?hl=en" target="_blank" title="USCIS on Instagram">
<img alt="USCIS on Instagram" src="images/instagram_icon.png"/>
</a>
</li>
<li>
<a href="https://www.youtube.com/uscis" target="_blank" title="USCIS on YouTube">
<img alt="USCIS on YouTube" src="images/youtube_icon.png"/>
</a>
</li>
<li>
<a href="http://www.uscis.gov/rss-landing" target="_blank" title="RSS Feeds">
<img alt="RSS Feeds" src="images/rss_icon.png"/>
</a>
</li>
</ul>
</div>
<div class="footer-nav">
<div class="footer-block">
<h4 class="heading">TOPICS</h4>
<ul class="show-print">
<li> <a href="http://www.uscis.gov/adoption" target="_blank">Adoption</a>
</li>
<li> <a href="http://www.uscis.gov/about-us/directorates-and-program-offices/administrative-appeals-office-aao/administrative-appeals-office-aao" target="_blank">Appeals</a>
</li>
<li> <a href="http://www.uscis.gov/avoid-scams" target="_blank">Avoid Scams</a>
</li>
<li> <a href="http://www.uscis.gov/us-citizenship" target="_blank">Citizenship</a>
</li>
<li> <a href="http://www.uscis.gov/citizenship" target="_blank">Citizenship Resource Center</a>
</li>
<li> <a href="http://www.uscis.gov/family" target="_blank">Family</a>
</li>
<li> <a href="http://www.uscis.gov/greencard" target="_blank">Green Card</a>
</li>
<li> <a href="http://www.uscis.gov/historyandgenealogy" target="_blank">History and Genealogy</a>
</li>
<li> <a href="http://www.uscis.gov/humanitarian" target="_blank">Humanitarian</a>
</li>
<li> <a href="http://www.uscis.gov/military" target="_blank">Military</a>
</li>
<li> <a href="http://www.uscis.gov/uscis-elis" target="_blank">File Online</a>
</li>
<li> <a href="http://www.uscis.gov/visit-united-states/visit-us" target="_blank">Visit the U.S.</a>
</li>
<li> <a href="http://www.uscis.gov/working-united-states/working-us" target="_blank">Working in the U.S.</a>
</li>
</ul>
</div>
<div class="footer-block">
<h4 class="heading">VERIFICATION</h4>
<ul class="show-print">
<li> <a href="http://www.uscis.gov/e-verify" target="_blank">E-Verify</a>
</li>
<li> <a href="http://www.uscis.gov/i-9-central" target="_blank">I-9 Central</a>
</li>
<li> <a href="http://www.uscis.gov/self-check" target="_blank">Self Check</a>
</li>
<li> <a href="http://www.uscis.gov/save" target="_blank">SAVE</a>
</li>
<li> <a href="https://www.uscis.gov/save/save-case-check" target="_blank">SAVE Case Check</a>
</li>
</ul>
</div>
<div class="footer-block">
<h4 class="heading">POLICIES</h4>
<ul class="show-print">
<li> <a href="http://www.uscis.gov/about-us/freedom-information-and-privacy-act-foia/uscis-freedom-information-act-and-privacy-act" target="_blank">USCIS Freedom of Information Act and Privacy Act</a>
</li>
<li> <a href="http://www.uscis.gov/website-policies/privacy-and-legal-disclaimers" target="_blank">Privacy and Legal Disclaimers</a>
</li>
<li> <a href="http://www.uscis.gov/no-fear-act/equal-employment-opportunity-data-posted-pursuant-no-fear-act" target="_blank">No FEAR Act</a>
</li>
<li> <a href="http://www.uscis.gov/website-policies" target="_blank">Website Policies</a>
</li>
<li> <a href="http://www.uscis.gov/accessibility" target="_blank">Accessibility</a>
</li>
<li> <a href="http://www.uscis.gov/social-media/social-media-policy" target="_blank">Social Media Policy</a>
</li>
<li> <a href="http://www.uscis.gov/website-policies/plug-ins" target="_blank">Plug-ins</a>
</li>
<li> <a href="http://www.adobe.com/reader" target="_blank">Adobe Reader</a>
</li>
</ul>
</div>
<div class="footer-block">
<h4 class="heading">GOVERNMENT</h4>
<ul class="show-print">
<li> <a href="http://travel.state.gov/passport/passport_1738.html" target="_blank">Passports</a>
</li>
<li> <a href="http://travel.state.gov/visa/bulletin/bulletin_1360.html" target="_blank">Visa Bulletin</a>
</li>
<li> <a href="http://www.dhs.gov" target="_blank">U.S. Department of Homeland Security</a>
</li>
<li> <a href="http://www.cbp.gov" target="_blank">U.S. Customs &amp; Border Protection</a>
</li>
<li> <a href="http://www.ice.gov" target="_blank">U.S. Immigration &amp; Customs Enforcement</a>
</li>
<li> <a href="http://www.whitehouse.gov" target="_blank">White House</a>
</li>
<li> <a href="http://www.state.gov" target="_blank">U.S. Department of State</a>
</li>
<li> <a href="http://www.usa.gov" target="_blank">USA.gov</a>
</li>
</ul>
</div>
</div>
<div class="main-row">
<div class="footer-logo-section clearfix">
<div class="footer-contant">
<p>
          National Customer Service Center
          <br/>
          1-800-375-5283
          <br/>
<br/>
          TDD for the Hearing Impaired
          <br/>
          1-800-767-1833
        </p>
</div>
</div>
</div>
</div>
</div>
<div id="popupDialogArea"></div>
<script type="text/javascript">window.NREUM||(NREUM={});NREUM.info={"applicationID":"41851475","applicationTime":25,"beacon":"bam.nr-data.net","queueTime":0,"licenseKey":"710a4cf17f","transactionName":"ZlEBbBQFCENRWkEMWF8bMEwUERJDcVpBDFhfGwRXEEoTQ1NQRktWQURNWxUXCR5RWkEMWF8aIFkVATVEUU1AFmRUVRFbDiUFRFlWWw==","agent":"","errorBeacon":"bam.nr-data.net"}</script></body>
</html>

Result has incorrect format: retry after 15 secs
Result has incorrect format: retry after 15 secs
Result has incorrect format: retry after 15 secs
Result has incorret format: possible IP ban, retry after 1.5 hr
Result has incorret format: possible IP ban, retry after 1.5 hr
Retried too many times, printing website content and exiting
<!DOCTYPE html PUBLIC "-//W3C//DTD XHTML 1.0 Transitional//EN" "http://www.w3.org/TR/xhtml1/DTD/xhtml1-transitional.dtd">
<html lang="en-US">
<head>
<meta content="text/html; charset=utf-8" http-equiv="Content-Type"/>
<meta content="IE=edge" http-equiv="X-UA-Compatible"/>
<meta content="width=device-width, initial-scale=1, maximum-scale=1, minimum-scale=1, user-scalable=no" name="viewport"/>
<meta content="View case status online using your receipt number, which can be found on notices that you may have received from USCIS. Also, sign up for myUSCIS to:
• Receive automatic case status updates by email or text message,
• View your case history and upcoming case activities,
• Check the status of multiple cases and inquiries that you may have submitted to USCIS" name="description"/>
<title>myUSCIS</title>
<script type="text/javascript">(window.NREUM||(NREUM={})).loader_config={xpid:"XQMDU1NSGwcBXFRTAwYC"};window.NREUM||(NREUM={}),__nr_require=function(t,n,e){function r(e){if(!n[e]){var o=n[e]={exports:{}};t[e][0].call(o.exports,function(n){var o=t[e][1][n];return r(o||n)},o,o.exports)}return n[e].exports}if("function"==typeof __nr_require)return __nr_require;for(var o=0;o<e.length;o++)r(e[o]);return r}({1:[function(t,n,e){function r(t){try{s.console&&console.log(t)}catch(n){}}var o,i=t("ee"),a=t(15),s={};try{o=localStorage.getItem("__nr_flags").split(","),console&&"function"==typeof console.log&&(s.console=!0,o.indexOf("dev")!==-1&&(s.dev=!0),o.indexOf("nr_dev")!==-1&&(s.nrDev=!0))}catch(c){}s.nrDev&&i.on("internal-error",function(t){r(t.stack)}),s.dev&&i.on("fn-err",function(t,n,e){r(e.stack)}),s.dev&&(r("NR AGENT IN DEVELOPMENT MODE"),r("flags: "+a(s,function(t,n){return t}).join(", ")))},{}],2:[function(t,n,e){function r(t,n,e,r,o){try{d?d-=1:i("err",[o||new UncaughtException(t,n,e)])}catch(s){try{i("ierr",[s,c.now(),!0])}catch(u){}}return"function"==typeof f&&f.apply(this,a(arguments))}function UncaughtException(t,n,e){this.message=t||"Uncaught error with no additional information",this.sourceURL=n,this.line=e}function o(t){i("err",[t,c.now()])}var i=t("handle"),a=t(16),s=t("ee"),c=t("loader"),f=window.onerror,u=!1,d=0;c.features.err=!0,t(1),window.onerror=r;try{throw new Error}catch(l){"stack"in l&&(t(8),t(7),"addEventListener"in window&&t(5),c.xhrWrappable&&t(9),u=!0)}s.on("fn-start",function(t,n,e){u&&(d+=1)}),s.on("fn-err",function(t,n,e){u&&(this.thrown=!0,o(e))}),s.on("fn-end",function(){u&&!this.thrown&&d>0&&(d-=1)}),s.on("internal-error",function(t){i("ierr",[t,c.now(),!0])})},{}],3:[function(t,n,e){t("loader").features.ins=!0},{}],4:[function(t,n,e){function r(t){}if(window.performance&&window.performance.timing&&window.performance.getEntriesByType){var o=t("ee"),i=t("handle"),a=t(8),s=t(7),c="learResourceTimings",f="addEventListener",u="resourcetimingbufferfull",d="bstResource",l="resource",p="-start",h="-end",m="fn"+p,w="fn"+h,v="bstTimer",y="pushState",g=t("loader");g.features.stn=!0,t(6);var b=NREUM.o.EV;o.on(m,function(t,n){var e=t[0];e instanceof b&&(this.bstStart=g.now())}),o.on(w,function(t,n){var e=t[0];e instanceof b&&i("bst",[e,n,this.bstStart,g.now()])}),a.on(m,function(t,n,e){this.bstStart=g.now(),this.bstType=e}),a.on(w,function(t,n){i(v,[n,this.bstStart,g.now(),this.bstType])}),s.on(m,function(){this.bstStart=g.now()}),s.on(w,function(t,n){i(v,[n,this.bstStart,g.now(),"requestAnimationFrame"])}),o.on(y+p,function(t){this.time=g.now(),this.startPath=location.pathname+location.hash}),o.on(y+h,function(t){i("bstHist",[location.pathname+location.hash,this.startPath,this.time])}),f in window.performance&&(window.performance["c"+c]?window.performance[f](u,function(t){i(d,[window.performance.getEntriesByType(l)]),window.performance["c"+c]()},!1):window.performance[f]("webkit"+u,function(t){i(d,[window.performance.getEntriesByType(l)]),window.performance["webkitC"+c]()},!1)),document[f]("scroll",r,{passive:!0}),document[f]("keypress",r,!1),document[f]("click",r,!1)}},{}],5:[function(t,n,e){function r(t){for(var n=t;n&&!n.hasOwnProperty(u);)n=Object.getPrototypeOf(n);n&&o(n)}function o(t){s.inPlace(t,[u,d],"-",i)}function i(t,n){return t[1]}var a=t("ee").get("events"),s=t(18)(a,!0),c=t("gos"),f=XMLHttpRequest,u="addEventListener",d="removeEventListener";n.exports=a,"getPrototypeOf"in Object?(r(document),r(window),r(f.prototype)):f.prototype.hasOwnProperty(u)&&(o(window),o(f.prototype)),a.on(u+"-start",function(t,n){var e=t[1],r=c(e,"nr@wrapped",function(){function t(){if("function"==typeof e.handleEvent)return e.handleEvent.apply(e,arguments)}var n={object:t,"function":e}[typeof e];return n?s(n,"fn-",null,n.name||"anonymous"):e});this.wrapped=t[1]=r}),a.on(d+"-start",function(t){t[1]=this.wrapped||t[1]})},{}],6:[function(t,n,e){var r=t("ee").get("history"),o=t(18)(r);n.exports=r,o.inPlace(window.history,["pushState","replaceState"],"-")},{}],7:[function(t,n,e){var r=t("ee").get("raf"),o=t(18)(r),i="equestAnimationFrame";n.exports=r,o.inPlace(window,["r"+i,"mozR"+i,"webkitR"+i,"msR"+i],"raf-"),r.on("raf-start",function(t){t[0]=o(t[0],"fn-")})},{}],8:[function(t,n,e){function r(t,n,e){t[0]=a(t[0],"fn-",null,e)}function o(t,n,e){this.method=e,this.timerDuration="number"==typeof t[1]?t[1]:0,t[0]=a(t[0],"fn-",this,e)}var i=t("ee").get("timer"),a=t(18)(i),s="setTimeout",c="setInterval",f="clearTimeout",u="-start",d="-";n.exports=i,a.inPlace(window,[s,"setImmediate"],s+d),a.inPlace(window,[c],c+d),a.inPlace(window,[f,"clearImmediate"],f+d),i.on(c+u,r),i.on(s+u,o)},{}],9:[function(t,n,e){function r(t,n){d.inPlace(n,["onreadystatechange"],"fn-",s)}function o(){var t=this,n=u.context(t);t.readyState>3&&!n.resolved&&(n.resolved=!0,u.emit("xhr-resolved",[],t)),d.inPlace(t,w,"fn-",s)}function i(t){v.push(t),h&&(g=-g,b.data=g)}function a(){for(var t=0;t<v.length;t++)r([],v[t]);v.length&&(v=[])}function s(t,n){return n}function c(t,n){for(var e in t)n[e]=t[e];return n}t(5);var f=t("ee"),u=f.get("xhr"),d=t(18)(u),l=NREUM.o,p=l.XHR,h=l.MO,m="readystatechange",w=["onload","onerror","onabort","onloadstart","onloadend","onprogress","ontimeout"],v=[];n.exports=u;var y=window.XMLHttpRequest=function(t){var n=new p(t);try{u.emit("new-xhr",[n],n),n.addEventListener(m,o,!1)}catch(e){try{u.emit("internal-error",[e])}catch(r){}}return n};if(c(p,y),y.prototype=p.prototype,d.inPlace(y.prototype,["open","send"],"-xhr-",s),u.on("send-xhr-start",function(t,n){r(t,n),i(n)}),u.on("open-xhr-start",r),h){var g=1,b=document.createTextNode(g);new h(a).observe(b,{characterData:!0})}else f.on("fn-end",function(t){t[0]&&t[0].type===m||a()})},{}],10:[function(t,n,e){function r(t){var n=this.params,e=this.metrics;if(!this.ended){this.ended=!0;for(var r=0;r<d;r++)t.removeEventListener(u[r],this.listener,!1);if(!n.aborted){if(e.duration=a.now()-this.startTime,4===t.readyState){n.status=t.status;var i=o(t,this.lastSize);if(i&&(e.rxSize=i),this.sameOrigin){var c=t.getResponseHeader("X-NewRelic-App-Data");c&&(n.cat=c.split(", ").pop())}}else n.status=0;e.cbTime=this.cbTime,f.emit("xhr-done",[t],t),s("xhr",[n,e,this.startTime])}}}function o(t,n){var e=t.responseType;if("json"===e&&null!==n)return n;var r="arraybuffer"===e||"blob"===e||"json"===e?t.response:t.responseText;return h(r)}function i(t,n){var e=c(n),r=t.params;r.host=e.hostname+":"+e.port,r.pathname=e.pathname,t.sameOrigin=e.sameOrigin}var a=t("loader");if(a.xhrWrappable){var s=t("handle"),c=t(11),f=t("ee"),u=["load","error","abort","timeout"],d=u.length,l=t("id"),p=t(14),h=t(13),m=window.XMLHttpRequest;a.features.xhr=!0,t(9),f.on("new-xhr",function(t){var n=this;n.totalCbs=0,n.called=0,n.cbTime=0,n.end=r,n.ended=!1,n.xhrGuids={},n.lastSize=null,p&&(p>34||p<10)||window.opera||t.addEventListener("progress",function(t){n.lastSize=t.loaded},!1)}),f.on("open-xhr-start",function(t){this.params={method:t[0]},i(this,t[1]),this.metrics={}}),f.on("open-xhr-end",function(t,n){"loader_config"in NREUM&&"xpid"in NREUM.loader_config&&this.sameOrigin&&n.setRequestHeader("X-NewRelic-ID",NREUM.loader_config.xpid)}),f.on("send-xhr-start",function(t,n){var e=this.metrics,r=t[0],o=this;if(e&&r){var i=h(r);i&&(e.txSize=i)}this.startTime=a.now(),this.listener=function(t){try{"abort"===t.type&&(o.params.aborted=!0),("load"!==t.type||o.called===o.totalCbs&&(o.onloadCalled||"function"!=typeof n.onload))&&o.end(n)}catch(e){try{f.emit("internal-error",[e])}catch(r){}}};for(var s=0;s<d;s++)n.addEventListener(u[s],this.listener,!1)}),f.on("xhr-cb-time",function(t,n,e){this.cbTime+=t,n?this.onloadCalled=!0:this.called+=1,this.called!==this.totalCbs||!this.onloadCalled&&"function"==typeof e.onload||this.end(e)}),f.on("xhr-load-added",function(t,n){var e=""+l(t)+!!n;this.xhrGuids&&!this.xhrGuids[e]&&(this.xhrGuids[e]=!0,this.totalCbs+=1)}),f.on("xhr-load-removed",function(t,n){var e=""+l(t)+!!n;this.xhrGuids&&this.xhrGuids[e]&&(delete this.xhrGuids[e],this.totalCbs-=1)}),f.on("addEventListener-end",function(t,n){n instanceof m&&"load"===t[0]&&f.emit("xhr-load-added",[t[1],t[2]],n)}),f.on("removeEventListener-end",function(t,n){n instanceof m&&"load"===t[0]&&f.emit("xhr-load-removed",[t[1],t[2]],n)}),f.on("fn-start",function(t,n,e){n instanceof m&&("onload"===e&&(this.onload=!0),("load"===(t[0]&&t[0].type)||this.onload)&&(this.xhrCbStart=a.now()))}),f.on("fn-end",function(t,n){this.xhrCbStart&&f.emit("xhr-cb-time",[a.now()-this.xhrCbStart,this.onload,n],n)})}},{}],11:[function(t,n,e){n.exports=function(t){var n=document.createElement("a"),e=window.location,r={};n.href=t,r.port=n.port;var o=n.href.split("://");!r.port&&o[1]&&(r.port=o[1].split("/")[0].split("@").pop().split(":")[1]),r.port&&"0"!==r.port||(r.port="https"===o[0]?"443":"80"),r.hostname=n.hostname||e.hostname,r.pathname=n.pathname,r.protocol=o[0],"/"!==r.pathname.charAt(0)&&(r.pathname="/"+r.pathname);var i=!n.protocol||":"===n.protocol||n.protocol===e.protocol,a=n.hostname===document.domain&&n.port===e.port;return r.sameOrigin=i&&(!n.hostname||a),r}},{}],12:[function(t,n,e){function r(){}function o(t,n,e){return function(){return i(t,[f.now()].concat(s(arguments)),n?null:this,e),n?void 0:this}}var i=t("handle"),a=t(15),s=t(16),c=t("ee").get("tracer"),f=t("loader"),u=NREUM;"undefined"==typeof window.newrelic&&(newrelic=u);var d=["setPageViewName","setCustomAttribute","setErrorHandler","finished","addToTrace","inlineHit","addRelease"],l="api-",p=l+"ixn-";a(d,function(t,n){u[n]=o(l+n,!0,"api")}),u.addPageAction=o(l+"addPageAction",!0),u.setCurrentRouteName=o(l+"routeName",!0),n.exports=newrelic,u.interaction=function(){return(new r).get()};var h=r.prototype={createTracer:function(t,n){var e={},r=this,o="function"==typeof n;return i(p+"tracer",[f.now(),t,e],r),function(){if(c.emit((o?"":"no-")+"fn-start",[f.now(),r,o],e),o)try{return n.apply(this,arguments)}finally{c.emit("fn-end",[f.now()],e)}}}};a("setName,setAttribute,save,ignore,onEnd,getContext,end,get".split(","),function(t,n){h[n]=o(p+n)}),newrelic.noticeError=function(t){"string"==typeof t&&(t=new Error(t)),i("err",[t,f.now()])}},{}],13:[function(t,n,e){n.exports=function(t){if("string"==typeof t&&t.length)return t.length;if("object"==typeof t){if("undefined"!=typeof ArrayBuffer&&t instanceof ArrayBuffer&&t.byteLength)return t.byteLength;if("undefined"!=typeof Blob&&t instanceof Blob&&t.size)return t.size;if(!("undefined"!=typeof FormData&&t instanceof FormData))try{return JSON.stringify(t).length}catch(n){return}}}},{}],14:[function(t,n,e){var r=0,o=navigator.userAgent.match(/Firefox[\/\s](\d+\.\d+)/);o&&(r=+o[1]),n.exports=r},{}],15:[function(t,n,e){function r(t,n){var e=[],r="",i=0;for(r in t)o.call(t,r)&&(e[i]=n(r,t[r]),i+=1);return e}var o=Object.prototype.hasOwnProperty;n.exports=r},{}],16:[function(t,n,e){function r(t,n,e){n||(n=0),"undefined"==typeof e&&(e=t?t.length:0);for(var r=-1,o=e-n||0,i=Array(o<0?0:o);++r<o;)i[r]=t[n+r];return i}n.exports=r},{}],17:[function(t,n,e){n.exports={exists:"undefined"!=typeof window.performance&&window.performance.timing&&"undefined"!=typeof window.performance.timing.navigationStart}},{}],18:[function(t,n,e){function r(t){return!(t&&t instanceof Function&&t.apply&&!t[a])}var o=t("ee"),i=t(16),a="nr@original",s=Object.prototype.hasOwnProperty,c=!1;n.exports=function(t,n){function e(t,n,e,o){function nrWrapper(){var r,a,s,c;try{a=this,r=i(arguments),s="function"==typeof e?e(r,a):e||{}}catch(f){l([f,"",[r,a,o],s])}u(n+"start",[r,a,o],s);try{return c=t.apply(a,r)}catch(d){throw u(n+"err",[r,a,d],s),d}finally{u(n+"end",[r,a,c],s)}}return r(t)?t:(n||(n=""),nrWrapper[a]=t,d(t,nrWrapper),nrWrapper)}function f(t,n,o,i){o||(o="");var a,s,c,f="-"===o.charAt(0);for(c=0;c<n.length;c++)s=n[c],a=t[s],r(a)||(t[s]=e(a,f?s+o:o,i,s))}function u(e,r,o){if(!c||n){var i=c;c=!0;try{t.emit(e,r,o,n)}catch(a){l([a,e,r,o])}c=i}}function d(t,n){if(Object.defineProperty&&Object.keys)try{var e=Object.keys(t);return e.forEach(function(e){Object.defineProperty(n,e,{get:function(){return t[e]},set:function(n){return t[e]=n,n}})}),n}catch(r){l([r])}for(var o in t)s.call(t,o)&&(n[o]=t[o]);return n}function l(n){try{t.emit("internal-error",n)}catch(e){}}return t||(t=o),e.inPlace=f,e.flag=a,e}},{}],ee:[function(t,n,e){function r(){}function o(t){function n(t){return t&&t instanceof r?t:t?c(t,s,i):i()}function e(e,r,o,i){if(!l.aborted||i){t&&t(e,r,o);for(var a=n(o),s=h(e),c=s.length,f=0;f<c;f++)s[f].apply(a,r);var d=u[y[e]];return d&&d.push([g,e,r,a]),a}}function p(t,n){v[t]=h(t).concat(n)}function h(t){return v[t]||[]}function m(t){return d[t]=d[t]||o(e)}function w(t,n){f(t,function(t,e){n=n||"feature",y[e]=n,n in u||(u[n]=[])})}var v={},y={},g={on:p,emit:e,get:m,listeners:h,context:n,buffer:w,abort:a,aborted:!1};return g}function i(){return new r}function a(){(u.api||u.feature)&&(l.aborted=!0,u=l.backlog={})}var s="nr@context",c=t("gos"),f=t(15),u={},d={},l=n.exports=o();l.backlog=u},{}],gos:[function(t,n,e){function r(t,n,e){if(o.call(t,n))return t[n];var r=e();if(Object.defineProperty&&Object.keys)try{return Object.defineProperty(t,n,{value:r,writable:!0,enumerable:!1}),r}catch(i){}return t[n]=r,r}var o=Object.prototype.hasOwnProperty;n.exports=r},{}],handle:[function(t,n,e){function r(t,n,e,r){o.buffer([t],r),o.emit(t,n,e)}var o=t("ee").get("handle");n.exports=r,r.ee=o},{}],id:[function(t,n,e){function r(t){var n=typeof t;return!t||"object"!==n&&"function"!==n?-1:t===window?0:a(t,i,function(){return o++})}var o=1,i="nr@id",a=t("gos");n.exports=r},{}],loader:[function(t,n,e){function r(){if(!x++){var t=b.info=NREUM.info,n=l.getElementsByTagName("script")[0];if(setTimeout(u.abort,3e4),!(t&&t.licenseKey&&t.applicationID&&n))return u.abort();f(y,function(n,e){t[n]||(t[n]=e)}),c("mark",["onload",a()+b.offset],null,"api");var e=l.createElement("script");e.src="https://"+t.agent,n.parentNode.insertBefore(e,n)}}function o(){"complete"===l.readyState&&i()}function i(){c("mark",["domContent",a()+b.offset],null,"api")}function a(){return E.exists&&performance.now?Math.round(performance.now()):(s=Math.max((new Date).getTime(),s))-b.offset}var s=(new Date).getTime(),c=t("handle"),f=t(15),u=t("ee"),d=window,l=d.document,p="addEventListener",h="attachEvent",m=d.XMLHttpRequest,w=m&&m.prototype;NREUM.o={ST:setTimeout,CT:clearTimeout,XHR:m,REQ:d.Request,EV:d.Event,PR:d.Promise,MO:d.MutationObserver};var v=""+location,y={beacon:"bam.nr-data.net",errorBeacon:"bam.nr-data.net",agent:"js-agent.newrelic.com/nr-1026.min.js"},g=m&&w&&w[p]&&!/CriOS/.test(navigator.userAgent),b=n.exports={offset:s,now:a,origin:v,features:{},xhrWrappable:g};t(12),l[p]?(l[p]("DOMContentLoaded",i,!1),d[p]("load",r,!1)):(l[h]("onreadystatechange",o),d[h]("onload",r)),c("mark",["firstbyte",s],null,"api");var x=0,E=t(17)},{}]},{},["loader",2,10,4,3]);</script><script type="text/javascript">
      var appName = 'myUSCIS';
      var mainContentId = 'Content';
      var cancelButtonCaption = 'Cancel';
      var okButtonCaption = 'OK';
      var closeButtonCaption = 'Close';
      
      Object.size = function(obj) {
	    var size = 0, key;
	    for( key in obj ) {
	        if( obj.hasOwnProperty(key) ) size++;
	    }
	    return size;
	  };

	  var sessionTimeoutWarning = 'Your session will expire in 5 minutes. Click \'OK\' to extend your session.';
	  var sessionExtended = 'Your session has been extended.';
	  var sessionNotExtended = 'Your session will not be extended.';
      
  </script>
<link href="https://my.uscis.gov/assets/favicon-9429d1fce1555403bc766c9a06e15410.ico" rel="shortcut icon" type="image/x-icon"/>
<link href="/casestatus/style/bootstrap.css;jsessionid=745DA87B401DFC0894D86CFD67ED1701" rel="stylesheet"/>
<link href="/casestatus/style/style.css;jsessionid=745DA87B401DFC0894D86CFD67ED1701" rel="stylesheet"/>
<link href="/casestatus/style/csso.css;jsessionid=745DA87B401DFC0894D86CFD67ED1701" rel="stylesheet"/>
<link href="/casestatus/style/datatable.css;jsessionid=745DA87B401DFC0894D86CFD67ED1701" rel="stylesheet"/>
<link href="/casestatus/style/fuelux.css;jsessionid=745DA87B401DFC0894D86CFD67ED1701" rel="stylesheet"/>
<link href="/casestatus/style/jquery/jquery-ui.min.css;jsessionid=745DA87B401DFC0894D86CFD67ED1701" rel="stylesheet"/>
<script src="/casestatus/scripts/bootstrap/bootstrap.js;jsessionid=745DA87B401DFC0894D86CFD67ED1701" type="text/javascript"></script>
<script src="/casestatus/scripts/jquery/jquery.min.js;jsessionid=745DA87B401DFC0894D86CFD67ED1701" type="text/javascript"></script>
<script src="/casestatus/scripts/jquery/jquery-migrate.min.js;jsessionid=745DA87B401DFC0894D86CFD67ED1701" type="text/javascript"></script>
<script src="/casestatus/scripts/jquery/jquery-ui.min.js;jsessionid=745DA87B401DFC0894D86CFD67ED1701" type="text/javascript"></script>
<script src="/casestatus/scripts/fuelux.js;jsessionid=745DA87B401DFC0894D86CFD67ED1701" type="text/javascript"></script>
<script type="text/javascript">
  	var $j= jQuery.noConflict();
  </script>
<script src="/casestatus/scripts/jquery/jquery.validate.min.js;jsessionid=745DA87B401DFC0894D86CFD67ED1701" type="text/javascript"></script>
<script src="/casestatus/scripts/custom.js;jsessionid=745DA87B401DFC0894D86CFD67ED1701" type="text/javascript"></script>
<script src="/casestatus/scripts/modernizr.js;jsessionid=745DA87B401DFC0894D86CFD67ED1701" type="text/javascript"></script>
<script src="/casestatus/scripts/csso.js;jsessionid=745DA87B401DFC0894D86CFD67ED1701" type="text/javascript"></script>
<script src="/casestatus/scripts/dialog.js;jsessionid=745DA87B401DFC0894D86CFD67ED1701" type="text/javascript"></script>
<script src="/casestatus/scripts/yui/yahoo-min.js;jsessionid=745DA87B401DFC0894D86CFD67ED1701" type="text/javascript"></script>
<script src="/casestatus/scripts/yui/event-min.js;jsessionid=745DA87B401DFC0894D86CFD67ED1701" type="text/javascript"></script>
<script src="/casestatus/scripts/yui/dom-min.js;jsessionid=745DA87B401DFC0894D86CFD67ED1701" type="text/javascript"></script>
<script src="/casestatus/scripts/yui/yahoo-dom-event.js;jsessionid=745DA87B401DFC0894D86CFD67ED1701" type="text/javascript"></script>
<script src="/casestatus/scripts/yui/container_core-min.js;jsessionid=745DA87B401DFC0894D86CFD67ED1701" type="text/javascript"></script>
<script src="/casestatus/scripts/yui/connection-min.js;jsessionid=745DA87B401DFC0894D86CFD67ED1701" type="text/javascript"></script>
<!--  <script src="/casestatus/scripts/google-analytics/federated-analytics-DHS.js;jsessionid=745DA87B401DFC0894D86CFD67ED1701" type="text/javascript"></script> -->
<!-- Adding Digital Analytics DAP -->
<script async="" id="_fed_an_ua_tag" src="https://dap.digitalgov.gov/Universal-Federated-Analytics-Min.js?agency=DHS" type="text/javascript"></script>
</head>
<body>
<script type="text/javascript">

	var receiptPrefixMap = new Object;
	
	   receiptPrefixMap['ABQ'] = 'ABQ';
	
	   receiptPrefixMap['AGA'] = 'AGA';
	
	   receiptPrefixMap['ALB'] = 'ALB';
	
	   receiptPrefixMap['ANC'] = 'ANC';
	
	   receiptPrefixMap['ATL'] = 'ATL';
	
	   receiptPrefixMap['BAL'] = 'BAL';
	
	   receiptPrefixMap['BOI'] = 'BOI';
	
	   receiptPrefixMap['BOS'] = 'BOS';
	
	   receiptPrefixMap['BUF'] = 'BUF';
	
	   receiptPrefixMap['CHA'] = 'CHA';
	
	   receiptPrefixMap['CHI'] = 'CHI';
	
	   receiptPrefixMap['CHL'] = 'CHL';
	
	   receiptPrefixMap['CHR'] = 'CHR';
	
	   receiptPrefixMap['CIN'] = 'CIN';
	
	   receiptPrefixMap['CLE'] = 'CLE';
	
	   receiptPrefixMap['CLM'] = 'CLM';
	
	   receiptPrefixMap['CLT'] = 'CLT';
	
	   receiptPrefixMap['CSC'] = 'CSC';
	
	   receiptPrefixMap['DAL'] = 'DAL';
	
	   receiptPrefixMap['DEN'] = 'DEN';
	
	   receiptPrefixMap['DET'] = 'DET';
	
	   receiptPrefixMap['DSM'] = 'DSM';
	
	   receiptPrefixMap['EAC'] = 'EAC';
	
	   receiptPrefixMap['ELP'] = 'ELP';
	
	   receiptPrefixMap['FRE'] = 'FRE';
	
	   receiptPrefixMap['FSA'] = 'FSA';
	
	   receiptPrefixMap['GRR'] = 'GRR';
	
	   receiptPrefixMap['HAR'] = 'HAR';
	
	   receiptPrefixMap['HEL'] = 'HEL';
	
	   receiptPrefixMap['HHW'] = 'HHW';
	
	   receiptPrefixMap['HIA'] = 'HIA';
	
	   receiptPrefixMap['HLG'] = 'HLG';
	
	   receiptPrefixMap['HNT'] = 'HNT';
	
	   receiptPrefixMap['HOU'] = 'HOU';
	
	   receiptPrefixMap['IMP'] = 'IMP';
	
	   receiptPrefixMap['INP'] = 'INP';
	
	   receiptPrefixMap['IOE'] = 'IOE';
	
	   receiptPrefixMap['JAC'] = 'JAC';
	
	   receiptPrefixMap['JAK'] = 'JAK';
	
	   receiptPrefixMap['KAN'] = 'KAN';
	
	   receiptPrefixMap['KND'] = 'KND';
	
	   receiptPrefixMap['LAW'] = 'LAW';
	
	   receiptPrefixMap['LIN'] = 'LIN';
	
	   receiptPrefixMap['LNY'] = 'LNY';
	
	   receiptPrefixMap['LOS'] = 'LOS';
	
	   receiptPrefixMap['LOU'] = 'LOU';
	
	   receiptPrefixMap['LVG'] = 'LVG';
	
	   receiptPrefixMap['MAN'] = 'MAN';
	
	   receiptPrefixMap['MEM'] = 'MEM';
	
	   receiptPrefixMap['MIA'] = 'MIA';
	
	   receiptPrefixMap['MIL'] = 'MIL';
	
	   receiptPrefixMap['MSC'] = 'MSC';
	
	   receiptPrefixMap['MTL'] = 'MTL';
	
	   receiptPrefixMap['NBC'] = 'NBC';
	
	   receiptPrefixMap['NEW'] = 'NEW';
	
	   receiptPrefixMap['NOL'] = 'NOL';
	
	   receiptPrefixMap['NOR'] = 'NOR';
	
	   receiptPrefixMap['NSC'] = 'NSC';
	
	   receiptPrefixMap['NYC'] = 'NYC';
	
	   receiptPrefixMap['OAK'] = 'OAK';
	
	   receiptPrefixMap['OKC'] = 'OKC';
	
	   receiptPrefixMap['OKL'] = 'OKL';
	
	   receiptPrefixMap['OMA'] = 'OMA';
	
	   receiptPrefixMap['ORL'] = 'ORL';
	
	   receiptPrefixMap['PHI'] = 'PHI';
	
	   receiptPrefixMap['PHO'] = 'PHO';
	
	   receiptPrefixMap['PIT'] = 'PIT';
	
	   receiptPrefixMap['POM'] = 'POM';
	
	   receiptPrefixMap['POO'] = 'POO';
	
	   receiptPrefixMap['PRO'] = 'PRO';
	
	   receiptPrefixMap['QNS'] = 'QNS';
	
	   receiptPrefixMap['RAL'] = 'RAL';
	
	   receiptPrefixMap['REN'] = 'REN';
	
	   receiptPrefixMap['SAA'] = 'SAA';
	
	   receiptPrefixMap['SAC'] = 'SAC';
	
	   receiptPrefixMap['SAJ'] = 'SAJ';
	
	   receiptPrefixMap['SBD'] = 'SBD';
	
	   receiptPrefixMap['SEA'] = 'SEA';
	
	   receiptPrefixMap['SFR'] = 'SFR';
	
	   receiptPrefixMap['SFV'] = 'SFV';
	
	   receiptPrefixMap['SLC'] = 'SLC';
	
	   receiptPrefixMap['SNA'] = 'SNA';
	
	   receiptPrefixMap['SND'] = 'SND';
	
	   receiptPrefixMap['SNJ'] = 'SNJ';
	
	   receiptPrefixMap['SPM'] = 'SPM';
	
	   receiptPrefixMap['SPO'] = 'SPO';
	
	   receiptPrefixMap['SRC'] = 'SRC';
	
	   receiptPrefixMap['STA'] = 'STA';
	
	   receiptPrefixMap['STL'] = 'STL';
	
	   receiptPrefixMap['TAM'] = 'TAM';
	
	   receiptPrefixMap['TSC'] = 'TSC';
	
	   receiptPrefixMap['TUC'] = 'TUC';
	
	   receiptPrefixMap['VSC'] = 'VSC';
	
	   receiptPrefixMap['WAC'] = 'WAC';
	
	   receiptPrefixMap['WAS'] = 'WAS';
	
	   receiptPrefixMap['WIC'] = 'WIC';
	
	   receiptPrefixMap['WPB'] = 'WPB';
	
	   receiptPrefixMap['YAK'] = 'YAK';
	
	   receiptPrefixMap['YSC'] = 'YSC';
	
	   receiptPrefixMap['ZAR'] = 'ZAR';
	
	   receiptPrefixMap['ZCH'] = 'ZCH';
	
	   receiptPrefixMap['ZHN'] = 'ZHN';
	
	   receiptPrefixMap['ZLA'] = 'ZLA';
	
	   receiptPrefixMap['ZMI'] = 'ZMI';
	
	   receiptPrefixMap['ZNK'] = 'ZNK';
	
	   receiptPrefixMap['ZNY'] = 'ZNY';
	
	   receiptPrefixMap['ZSF'] = 'ZSF';
	  
	
  var validationMessages = new Object;
  validationMessages['error.empty.receiptnumber'] = 
  'Please enter an application receipt number.';
   validationMessages['error.invalid.receiptnumber'] = 
   'The application receipt number entered is invalid. Please check your receipt number and try again.';
  validationMessages['error.popup.introduction'] = 
   'You have the following errors:';
  validationMessages['error.empty.username'] = 
   'User name is required';	
  validationMessages['error.empty.password'] = 
   'Password is required';   		
   
   validationMessages['error.empty.firstname'] = 
   'First name is required';
   validationMessages['error.empty.lastname'] = 
    'Last name is required';
   validationMessages['error.empty.country'] = 
    'Country/Region is required';
   validationMessages['error.empty.city'] = 
    'City is required';	
   validationMessages['error.empty.postalcode'] = 
    'Postal code is required';   	
   validationMessages['error.empty.email'] = 
	'Email address is required';
   validationMessages['error.empty.passwordconfirmation'] = 
	'Password confirmation is required';
   validationMessages['error.empty.state'] = 
	'State is required for United States of America';
   validationMessages['error.empty.passwordhintquestion1'] = 
	'Password hint question 1 is required';	
   validationMessages['error.empty.passwordhintanswer1'] = 
	'Password hint answer 1 is required'; 
   validationMessages['error.empty.passwordhintquestion2'] = 
	'Password hint question 2 is required';	
   validationMessages['error.empty.passwordhintanswer2'] = 
	'Password hint answer 2 is required'; 	
   validationMessages['error.empty.passwordhintquestion3'] = 
	'Password hint question 3 is required';	
   validationMessages['error.empty.passwordhintanswer3'] = 
	'Password hint answer 3 is required'; 
   validationMessages['error.empty.passwordhintquestion4'] = 
	'Password hint question 4 is required';	
   validationMessages['error.empty.passwordhintanswer4'] = 
	'Password hint answer 4 is required'; 		
   validationMessages['error.invalid.email'] = 
	'Enter a valid email address'; 
   validationMessages['error.invalid.mobilePhone'] = 
	'Mobile phone must be ten digits. Hyphens are optional (###-###-####).'; 	
   validationMessages['error.empty.userSubType'] = 
    'User type is required';		  
   validationMessages['error.invalid.postalCode'] = 
    'US postal code must be either five digits or nine digits with a hyphen ((#####-####)';	      
   validationMessages['error.invalid.userNameLength'] = 
    'User Name must be between 8 and 14 characters';
   validationMessages['error.invalid.passwordDollarSign'] = 
    'Password cannot contain the dollar sign';        
   validationMessages['error.invalid.passwordUpperCase'] = 
    'Password must contain at least one upper case character'; 
   validationMessages['error.invalid.passwordLowerCase'] = 
    'Password must contain at least one lower case character';     
   validationMessages['error.invalid.passwordUserName'] = 
    'Password cannot contain your user name';
   validationMessages['error.invalid.passwordNumber'] = 
    'Password must contain at least one number';          
   validationMessages['error.invalid.passwordPassword'] = 
    'Password cannot contain the word "password"';        
   validationMessages['error.invalid.passwordConsecutiveChars'] = 
    'Password cannot contain more than two consecutive identical characters';          
   validationMessages['error.empty.organizationName'] = 
    'Organization name is required'; 
   validationMessages['error.empty.organizationType'] = 
    'Organization type is required';        
   validationMessages['error.invalid.passwordConfirmationMatch'] = 
    'Password confirmation must match the password';   
   validationMessages['error.empty.passwordhintanswer'] = 
     'Password hint answer is required';    
   validationMessages['error.invalid.passwordLength'] = 
     'Password must be between 8 and 14 characters';         
   validationMessages['error.invalid.userNameDollarSign'] = 
     'User name cannot contain the dollar sign';        

</script>
<a class="skipNav" href="#Content" id="skipper">Skip to Content</a>
<!-- header section -->
<div class="header">
<div class="top-bar">
<div class="container">
<div class="left-side">
<span class="pull-left"><img alt="United States Flag" src="/casestatus/images/us_flag.png" title="United States Flag"/></span>
<span class="pull-left">Official Website of the Department of Homeland Security</span>
</div>
<div class="pull-right">
<script type="text/javascript">var changeLangTo = "es";</script>
<a class="right-side" href="javascript:void(0)" id="changeLocaleAnchor" lang="es-US" title="Cambiar idioma a español">Español</a>
</div>
<div class="mid-logo">
<a class="mid-logo-visual" href="http://www.uscis.gov" target="_blank" title="U.S. Department of Homeland Security seal, U.S. Citizenship and Immigration Services logo">
<img alt="U.S. Department of Homeland Security seal, U.S. Citizenship and Immigration Services logo" src="/casestatus/images/uscis_logo.png"/>
</a>
</div>
</div>
</div>
<div class="bottom-sec">
<div class="container">
<ul class="top-link">
<li>
<a href="/casestatus/displayLogon.do;jsessionid=745DA87B401DFC0894D86CFD67ED1701" title="Login">Login</a>
	       
	       
	       
	       
	       
	       
	        
	         <span>or</span>
</li>
<li>
<a href="disclaimer.do" title="Sign up">Sign up</a>
</li>
</ul>
<ul class="top-link-right">
<li>
</li>
</ul>
</div>
</div>
<div class="menu-bar">
<div class="container2">
<div class="navbar navbar-default show-print">
<div class="navbar-header">
<div class="container">
<a alt="Toggle Navigation" class="navbar-toggle" data-target=".navbar-collapse" data-toggle="collapse" href="javascript:void(0)" tabindex="-1" title="Toggle Navigation">
<img alt="select to open menu" class=".icon-bar" id="menuIcon" src="images/menu_closed.png" tabindex="0"/>
</a>
</div>
</div>
<div class="container">
<div class="navbar-collapse collapse show-print">
<ul class="navbar-nav nav left">
<li> <a href="http://www.uscis.gov/forms" target="_blank">FORMS</a>
</li>
<li> <a href="http://www.uscis.gov/news" target="_blank">NEWS</a>
</li>
<li> <a href="http://www.uscis.gov/us-citizenship" target="_blank">CITIZENSHIP</a>
</li>
</ul>
<ul class="navbar-nav nav right">
<li> <a href="http://www.uscis.gov/greencard" target="_blank">GREEN CARD</a>
</li>
<li> <a href="http://www.uscis.gov/tools" target="_blank">TOOLS</a>
</li>
<li> <a href="http://www.uscis.gov/laws" target="_blank">LAWS</a>
</li>
</ul>
</div>
</div>
</div>
</div>
</div>
</div>
<!-- content section -->
<div class="main-content-sec pb40">
<span id="Content"> </span>
<div class="big-banner02 mb70">
<div class="main-row">
<div class="container">
<div class="login-panel-sec">
<div class="form-sec">
<div class="text-center"><img alt="My Logo" src="images/my_uscis_logo02.png"/></div>
<div class="form-horizontal">
<div class="form-group mt30">
<div class="col-sm-12 text-left">
<label for="accessviolation">
		                			It was reported to us that your IP address or internet gateway has been locked out for a select period of time.  This is due to an unusually high rate of use.  In order to avoid this issue, please create a Customer account (single applicant) or a Representative account (representing many individuals).
		                		</label>
</div>
</div>
</div>
</div>
</div>
</div>
</div>
</div>
</div>
<!-- footer section -->
<div class="footer-container">
<div class="container">
<div class="footer-logo">
<a class="footer-logo-visual" href="http://www.uscis.gov" target="_blank" title="U.S. Department of Homeland Security seal, U.S. Citizenship and Immigration Services logo">
<img alt="U.S. Department of Homeland Security seal, U.S. Citizenship and Immigration Services logo" src="/casestatus/images/footer_logo.png"/>
</a>
</div>
<div class="social_icon">
<ul>
<li>
<a href="https://www.facebook.com/uscis" target="_blank" title="USCIS on Facebook">
<img alt="USCIS on Facebook" src="images/facebook_icon.png"/>
</a>
</li>
<li>
<a href="https://www.twitter.com/uscis" target="_blank" title="USCIS on Twitter">
<img alt="USCIS on Twitter" src="images/twitter_icon.png"/>
</a>
</li>
<li>
<a href="https://www.instagram.com/uscis/?hl=en" target="_blank" title="USCIS on Instagram">
<img alt="USCIS on Instagram" src="images/instagram_icon.png"/>
</a>
</li>
<li>
<a href="https://www.youtube.com/uscis" target="_blank" title="USCIS on YouTube">
<img alt="USCIS on YouTube" src="images/youtube_icon.png"/>
</a>
</li>
<li>
<a href="http://www.uscis.gov/rss-landing" target="_blank" title="RSS Feeds">
<img alt="RSS Feeds" src="images/rss_icon.png"/>
</a>
</li>
</ul>
</div>
<div class="footer-nav">
<div class="footer-block">
<h4 class="heading">TOPICS</h4>
<ul class="show-print">
<li> <a href="http://www.uscis.gov/adoption" target="_blank">Adoption</a>
</li>
<li> <a href="http://www.uscis.gov/about-us/directorates-and-program-offices/administrative-appeals-office-aao/administrative-appeals-office-aao" target="_blank">Appeals</a>
</li>
<li> <a href="http://www.uscis.gov/avoid-scams" target="_blank">Avoid Scams</a>
</li>
<li> <a href="http://www.uscis.gov/us-citizenship" target="_blank">Citizenship</a>
</li>
<li> <a href="http://www.uscis.gov/citizenship" target="_blank">Citizenship Resource Center</a>
</li>
<li> <a href="http://www.uscis.gov/family" target="_blank">Family</a>
</li>
<li> <a href="http://www.uscis.gov/greencard" target="_blank">Green Card</a>
</li>
<li> <a href="http://www.uscis.gov/historyandgenealogy" target="_blank">History and Genealogy</a>
</li>
<li> <a href="http://www.uscis.gov/humanitarian" target="_blank">Humanitarian</a>
</li>
<li> <a href="http://www.uscis.gov/military" target="_blank">Military</a>
</li>
<li> <a href="http://www.uscis.gov/uscis-elis" target="_blank">File Online</a>
</li>
<li> <a href="http://www.uscis.gov/visit-united-states/visit-us" target="_blank">Visit the U.S.</a>
</li>
<li> <a href="http://www.uscis.gov/working-united-states/working-us" target="_blank">Working in the U.S.</a>
</li>
</ul>
</div>
<div class="footer-block">
<h4 class="heading">VERIFICATION</h4>
<ul class="show-print">
<li> <a href="http://www.uscis.gov/e-verify" target="_blank">E-Verify</a>
</li>
<li> <a href="http://www.uscis.gov/i-9-central" target="_blank">I-9 Central</a>
</li>
<li> <a href="http://www.uscis.gov/self-check" target="_blank">Self Check</a>
</li>
<li> <a href="http://www.uscis.gov/save" target="_blank">SAVE</a>
</li>
<li> <a href="https://www.uscis.gov/save/save-case-check" target="_blank">SAVE Case Check</a>
</li>
</ul>
</div>
<div class="footer-block">
<h4 class="heading">POLICIES</h4>
<ul class="show-print">
<li> <a href="http://www.uscis.gov/about-us/freedom-information-and-privacy-act-foia/uscis-freedom-information-act-and-privacy-act" target="_blank">USCIS Freedom of Information Act and Privacy Act</a>
</li>
<li> <a href="http://www.uscis.gov/website-policies/privacy-and-legal-disclaimers" target="_blank">Privacy and Legal Disclaimers</a>
</li>
<li> <a href="http://www.uscis.gov/no-fear-act/equal-employment-opportunity-data-posted-pursuant-no-fear-act" target="_blank">No FEAR Act</a>
</li>
<li> <a href="http://www.uscis.gov/website-policies" target="_blank">Website Policies</a>
</li>
<li> <a href="http://www.uscis.gov/accessibility" target="_blank">Accessibility</a>
</li>
<li> <a href="http://www.uscis.gov/social-media/social-media-policy" target="_blank">Social Media Policy</a>
</li>
<li> <a href="http://www.uscis.gov/website-policies/plug-ins" target="_blank">Plug-ins</a>
</li>
<li> <a href="http://www.adobe.com/reader" target="_blank">Adobe Reader</a>
</li>
</ul>
</div>
<div class="footer-block">
<h4 class="heading">GOVERNMENT</h4>
<ul class="show-print">
<li> <a href="http://travel.state.gov/passport/passport_1738.html" target="_blank">Passports</a>
</li>
<li> <a href="http://travel.state.gov/visa/bulletin/bulletin_1360.html" target="_blank">Visa Bulletin</a>
</li>
<li> <a href="http://www.dhs.gov" target="_blank">U.S. Department of Homeland Security</a>
</li>
<li> <a href="http://www.cbp.gov" target="_blank">U.S. Customs &amp; Border Protection</a>
</li>
<li> <a href="http://www.ice.gov" target="_blank">U.S. Immigration &amp; Customs Enforcement</a>
</li>
<li> <a href="http://www.whitehouse.gov" target="_blank">White House</a>
</li>
<li> <a href="http://www.state.gov" target="_blank">U.S. Department of State</a>
</li>
<li> <a href="http://www.usa.gov" target="_blank">USA.gov</a>
</li>
</ul>
</div>
</div>
<div class="main-row">
<div class="footer-logo-section clearfix">
<div class="footer-contant">
<p>
          National Customer Service Center
          <br/>
          1-800-375-5283
          <br/>
<br/>
          TDD for the Hearing Impaired
          <br/>
          1-800-767-1833
        </p>
</div>
</div>
</div>
</div>
</div>
<div id="popupDialogArea"></div>
<script type="text/javascript">window.NREUM||(NREUM={});NREUM.info={"applicationID":"41851475","applicationTime":21,"beacon":"bam.nr-data.net","queueTime":0,"licenseKey":"710a4cf17f","transactionName":"ZlEBbBQFCENRWkEMWF8bMEwUERJDcVpBDFhfGwRXEEoTQ1NQRktWQURNWxUXCR5RWkEMWF8aIFkVATVEUU1AFmRUVRFbDiUFRFlWWw==","agent":"","errorBeacon":"bam.nr-data.net"}</script></body>
</html>

